2025-10-06 22:14:39.771: my pid: 212506
2025-10-06 22:14:39.772: model: model.general_recommender.SGL
2025-10-06 22:14:39.772: Dataset: all_data, users=2809, items=31062, ratings=110570
2025-10-06 22:14:39.772: NeuRec:[NeuRec]:
recommender=SGL
dataset=all_data
source_domain=amazon-cd
target_domain=amazon-kitchen
file_column=UI
sep=','
gpu_id=0
gpu_mem=0.99
metric=["Precision", "Recall", "NDCG"]
top_k=[20]
test_thread=8
test_batch_size=128
seed=2021
start_testing_epoch=0

SGL:[hyperparameters]:
aug_type=ED
reg=1e-4
embed_size=64
n_layers=3
ssl_reg=0.5
ssl_ratio=0.1
ssl_temp=0.2
ssl_mode=both_side
lr=0.001
learner=adam
adj_type=pre
epochs=1000
batch_size=2048
num_negatives=1
param_init=xavier_uniform
stddev=0.01
verbose=1
stop_cnt=10
pretrain_flag=0
save_flag=0

Command line:
recommender=SGL
dataset=all_data
aug_type=ED
reg=1e-4
n_layers=3
ssl_reg=0.5
ssl_ratio=0.1
ssl_temp=0.2
2025-10-06 22:14:40.340: metrics:	Precision@20	Recall@20   	NDCG@20     
2025-10-06 22:17:03.348: [iter 1 : loss : 5.0459 = 0.6920 + 4.3538 + 0.0000, alpha: 0.00, time: 143.008657]
