2025-11-02 01:10:16.410: my pid: 425992
2025-11-02 01:10:16.410: model: model.general_recommender.SGL
2025-11-02 01:10:16.410: Dataset: all_data, users=2809, items=31062, ratings=110570
2025-11-02 01:10:16.410: NeuRec:[NeuRec]:
recommender=SGL
dataset=all_data
source_domain=amazon-cd
target_domain=amazon-kitchen
file_column=UI
sep=','
gpu_id=0
gpu_mem=0.99
metric=["Precision", "Recall", "NDCG"]
top_k=[20]
test_thread=8
test_batch_size=128
seed=2021
start_testing_epoch=0

SGL:[hyperparameters]:
aug_type=ED
reg=1e-4
embed_size=64
n_layers=3
ssl_reg=0.5
ssl_ratio=0.1
ssl_temp=0.2
ssl_mode=both_side
lr=0.001
learner=adam
adj_type=pre
epochs=1000
batch_size=2048
num_negatives=1
param_init=xavier_uniform
stddev=0.01
verbose=1
stop_cnt=10
pretrain_flag=0
save_flag=1

Command line:
recommender=SGL
dataset=all_data
aug_type=ED
reg=1e-4
n_layers=3
ssl_reg=0.5
ssl_ratio=0.1
ssl_temp=0.2
save_flag=1
2025-11-02 01:10:28.877: [iter 1 : loss : 5.8557 = 0.6921 + 5.1636 + 0.0000, alpha: 0.00, time: 11.62s]
2025-11-02 01:10:40.331: [iter 2 : loss : 5.4367 = 0.6916 + 4.7451 + 0.0000, alpha: 0.00, time: 11.42s]
2025-11-02 01:10:51.722: [iter 3 : loss : 5.2344 = 0.6914 + 4.5430 + 0.0000, alpha: 0.00, time: 11.35s]
2025-11-02 01:11:03.161: [iter 4 : loss : 5.1936 = 0.6913 + 4.5023 + 0.0000, alpha: 0.00, time: 11.40s]
2025-11-02 01:11:14.566: [iter 5 : loss : 5.1803 = 0.6912 + 4.4891 + 0.0000, alpha: 0.00, time: 11.37s]
2025-11-02 01:11:25.979: [iter 6 : loss : 5.1695 = 0.6911 + 4.4784 + 0.0000, alpha: 0.00, time: 11.38s]
2025-11-02 01:11:37.419: [iter 7 : loss : 5.1616 = 0.6910 + 4.4705 + 0.0000, alpha: 0.00, time: 11.40s]
2025-11-02 01:11:48.824: [iter 8 : loss : 5.1558 = 0.6909 + 4.4649 + 0.0000, alpha: 0.00, time: 11.37s]
2025-11-02 01:12:00.290: [iter 9 : loss : 5.1559 = 0.6908 + 4.4651 + 0.0000, alpha: 0.00, time: 11.43s]
2025-11-02 01:12:11.704: [iter 10 : loss : 5.1517 = 0.6907 + 4.4610 + 0.0000, alpha: 0.00, time: 11.38s]
2025-11-02 01:12:23.123: [iter 11 : loss : 5.1475 = 0.6905 + 4.4569 + 0.0000, alpha: 0.00, time: 11.38s]
