2025-11-03 16:01:03.214: my pid: 445783
2025-11-03 16:01:03.214: model: model.general_recommender.SGL
2025-11-03 16:01:03.214: Dataset: all_data, users=2809, items=31062, ratings=110570
2025-11-03 16:01:03.214: NeuRec:[NeuRec]:
recommender=SGL
dataset=all_data
source_domain=amazon-cd
target_domain=amazon-kitchen
file_column=UI
sep=','
gpu_id=0
gpu_mem=0.99
metric=["Precision", "Recall", "NDCG"]
top_k=[20]
test_thread=8
test_batch_size=128
seed=2021
start_testing_epoch=0

SGL:[hyperparameters]:
aug_type=ED
reg=1e-4
embed_size=64
n_layers=3
ssl_reg=0.5
ssl_ratio=0.1
ssl_temp=0.2
ssl_mode=both_side
lr=0.001
learner=adam
adj_type=pre
epochs=1000
batch_size=2048
num_negatives=1
param_init=xavier_uniform
stddev=0.01
verbose=1
stop_cnt=10
pretrain_flag=0
save_flag=1

Command line:
recommender=SGL
dataset=all_data
aug_type=ED
reg=1e-4
n_layers=3
ssl_reg=0.5
ssl_ratio=0.1
ssl_temp=0.2
save_flag=1
2025-11-03 16:01:17.008: [iter 1 : loss : 5.8557 = 0.6921 + 5.1636 + 0.0000, alpha: 0.00, time: 13.00s]
2025-11-03 16:01:29.875: [iter 2 : loss : 5.4367 = 0.6916 + 4.7451 + 0.0000, alpha: 0.00, time: 12.83s]
2025-11-03 16:01:42.636: [iter 3 : loss : 5.2344 = 0.6914 + 4.5430 + 0.0000, alpha: 0.00, time: 12.72s]
2025-11-03 16:01:55.382: [iter 4 : loss : 5.1936 = 0.6913 + 4.5023 + 0.0000, alpha: 0.00, time: 12.71s]
2025-11-03 16:02:08.128: [iter 5 : loss : 5.1803 = 0.6912 + 4.4891 + 0.0000, alpha: 0.00, time: 12.71s]
2025-11-03 16:02:20.920: [iter 6 : loss : 5.1695 = 0.6911 + 4.4784 + 0.0000, alpha: 0.00, time: 12.75s]
2025-11-03 16:02:33.665: [iter 7 : loss : 5.1616 = 0.6910 + 4.4705 + 0.0000, alpha: 0.00, time: 12.71s]
2025-11-03 16:02:46.425: [iter 8 : loss : 5.1558 = 0.6909 + 4.4649 + 0.0000, alpha: 0.00, time: 12.72s]
2025-11-03 16:02:59.194: [iter 9 : loss : 5.1559 = 0.6908 + 4.4651 + 0.0000, alpha: 0.00, time: 12.73s]
2025-11-03 16:03:12.010: [iter 10 : loss : 5.1517 = 0.6907 + 4.4610 + 0.0000, alpha: 0.00, time: 12.78s]
2025-11-03 16:03:24.847: [iter 11 : loss : 5.1475 = 0.6905 + 4.4569 + 0.0000, alpha: 0.00, time: 12.80s]
2025-11-03 16:03:37.632: [iter 12 : loss : 5.1472 = 0.6904 + 4.4568 + 0.0000, alpha: 0.00, time: 12.75s]
2025-11-03 16:03:50.415: [iter 13 : loss : 5.1419 = 0.6903 + 4.4516 + 0.0000, alpha: 0.00, time: 12.75s]
2025-11-03 16:04:03.260: [iter 14 : loss : 5.1425 = 0.6901 + 4.4524 + 0.0000, alpha: 0.00, time: 12.81s]
2025-11-03 16:04:16.047: [iter 15 : loss : 5.1411 = 0.6899 + 4.4511 + 0.0000, alpha: 0.00, time: 12.75s]
2025-11-03 16:04:28.832: [iter 16 : loss : 5.1385 = 0.6898 + 4.4487 + 0.0000, alpha: 0.00, time: 12.75s]
2025-11-03 16:04:41.657: [iter 17 : loss : 5.1389 = 0.6896 + 4.4493 + 0.0000, alpha: 0.00, time: 12.79s]
2025-11-03 16:04:54.431: [iter 18 : loss : 5.1376 = 0.6894 + 4.4481 + 0.0000, alpha: 0.00, time: 12.74s]
2025-11-03 16:05:07.203: [iter 19 : loss : 5.1383 = 0.6892 + 4.4490 + 0.0000, alpha: 0.00, time: 12.73s]
2025-11-03 16:05:19.981: [iter 20 : loss : 5.1354 = 0.6890 + 4.4464 + 0.0000, alpha: 0.00, time: 12.74s]
2025-11-03 16:05:32.828: [iter 21 : loss : 5.1339 = 0.6889 + 4.4450 + 0.0000, alpha: 0.10, time: 12.81s]
2025-11-03 16:05:45.585: [iter 22 : loss : 5.1346 = 0.6886 + 4.4459 + 0.0000, alpha: 0.10, time: 12.72s]
2025-11-03 16:05:58.371: [iter 23 : loss : 5.1351 = 0.6884 + 4.4467 + 0.0000, alpha: 0.10, time: 12.75s]
2025-11-03 16:06:11.142: [iter 24 : loss : 5.1335 = 0.6881 + 4.4454 + 0.0000, alpha: 0.10, time: 12.73s]
2025-11-03 16:06:23.963: [iter 25 : loss : 5.1307 = 0.6879 + 4.4427 + 0.0000, alpha: 0.10, time: 12.78s]
2025-11-03 16:06:36.733: [iter 26 : loss : 5.1304 = 0.6876 + 4.4428 + 0.0000, alpha: 0.10, time: 12.73s]
2025-11-03 16:06:49.511: [iter 27 : loss : 5.1292 = 0.6874 + 4.4418 + 0.0000, alpha: 0.10, time: 12.74s]
2025-11-03 16:07:02.281: [iter 28 : loss : 5.1293 = 0.6871 + 4.4422 + 0.0000, alpha: 0.10, time: 12.73s]
2025-11-03 16:07:15.113: [iter 29 : loss : 5.1272 = 0.6868 + 4.4404 + 0.0000, alpha: 0.10, time: 12.79s]
2025-11-03 16:07:27.911: [iter 30 : loss : 5.1297 = 0.6865 + 4.4432 + 0.0000, alpha: 0.10, time: 12.76s]
2025-11-03 16:07:40.759: [iter 31 : loss : 5.1271 = 0.6861 + 4.4409 + 0.0000, alpha: 0.10, time: 12.81s]
2025-11-03 16:07:53.538: [iter 32 : loss : 5.1251 = 0.6858 + 4.4393 + 0.0000, alpha: 0.10, time: 12.74s]
2025-11-03 16:08:06.348: [iter 33 : loss : 5.1251 = 0.6854 + 4.4396 + 0.0000, alpha: 0.10, time: 12.77s]
2025-11-03 16:08:19.117: [iter 34 : loss : 5.1244 = 0.6851 + 4.4393 + 0.0000, alpha: 0.10, time: 12.73s]
2025-11-03 16:08:31.912: [iter 35 : loss : 5.1250 = 0.6846 + 4.4403 + 0.0000, alpha: 0.10, time: 12.76s]
2025-11-03 16:08:44.722: [iter 36 : loss : 5.1243 = 0.6841 + 4.4403 + 0.0000, alpha: 0.10, time: 12.77s]
2025-11-03 16:08:57.589: [iter 37 : loss : 5.1246 = 0.6837 + 4.4409 + 0.0000, alpha: 0.10, time: 12.83s]
2025-11-03 16:09:10.412: [iter 38 : loss : 5.1236 = 0.6832 + 4.4404 + 0.0000, alpha: 0.10, time: 12.78s]
2025-11-03 16:09:23.184: [iter 39 : loss : 5.1225 = 0.6825 + 4.4400 + 0.0000, alpha: 0.10, time: 12.74s]
2025-11-03 16:09:36.001: [iter 40 : loss : 5.1216 = 0.6821 + 4.4395 + 0.0000, alpha: 0.10, time: 12.78s]
2025-11-03 16:09:48.772: [iter 41 : loss : 5.1210 = 0.6813 + 4.4397 + 0.0000, alpha: 0.20, time: 12.73s]
2025-11-03 16:10:01.540: [iter 42 : loss : 5.1187 = 0.6806 + 4.4381 + 0.0000, alpha: 0.20, time: 12.73s]
2025-11-03 16:10:14.328: [iter 43 : loss : 5.1176 = 0.6801 + 4.4375 + 0.0000, alpha: 0.20, time: 12.75s]
2025-11-03 16:10:27.149: [iter 44 : loss : 5.1197 = 0.6793 + 4.4404 + 0.0000, alpha: 0.20, time: 12.78s]
2025-11-03 16:10:39.961: [iter 45 : loss : 5.1163 = 0.6785 + 4.4377 + 0.0000, alpha: 0.20, time: 12.78s]
2025-11-03 16:10:52.805: [iter 46 : loss : 5.1147 = 0.6779 + 4.4368 + 0.0000, alpha: 0.20, time: 12.80s]
2025-11-03 16:11:05.630: [iter 47 : loss : 5.1165 = 0.6769 + 4.4396 + 0.0000, alpha: 0.20, time: 12.79s]
2025-11-03 16:11:18.394: [iter 48 : loss : 5.1136 = 0.6759 + 4.4377 + 0.0000, alpha: 0.20, time: 12.73s]
2025-11-03 16:11:31.176: [iter 49 : loss : 5.1135 = 0.6749 + 4.4385 + 0.0000, alpha: 0.20, time: 12.74s]
2025-11-03 16:11:43.955: [iter 50 : loss : 5.1115 = 0.6738 + 4.4376 + 0.0000, alpha: 0.20, time: 12.74s]
2025-11-03 16:11:56.809: [iter 51 : loss : 5.1092 = 0.6728 + 4.4364 + 0.0000, alpha: 0.20, time: 12.82s]
2025-11-03 16:12:09.613: [iter 52 : loss : 5.1082 = 0.6717 + 4.4364 + 0.0000, alpha: 0.20, time: 12.77s]
2025-11-03 16:12:22.416: [iter 53 : loss : 5.1086 = 0.6705 + 4.4380 + 0.0000, alpha: 0.20, time: 12.77s]
2025-11-03 16:12:35.237: [iter 54 : loss : 5.1050 = 0.6690 + 4.4360 + 0.0000, alpha: 0.20, time: 12.78s]
2025-11-03 16:12:48.082: [iter 55 : loss : 5.1057 = 0.6681 + 4.4375 + 0.0000, alpha: 0.20, time: 12.81s]
2025-11-03 16:13:00.863: [iter 56 : loss : 5.1028 = 0.6664 + 4.4364 + 0.0000, alpha: 0.20, time: 12.74s]
2025-11-03 16:13:13.674: [iter 57 : loss : 5.1042 = 0.6649 + 4.4393 + 0.0000, alpha: 0.20, time: 12.77s]
2025-11-03 16:13:26.461: [iter 58 : loss : 5.1001 = 0.6634 + 4.4367 + 0.0000, alpha: 0.20, time: 12.75s]
2025-11-03 16:13:39.306: [iter 59 : loss : 5.0980 = 0.6618 + 4.4362 + 0.0000, alpha: 0.20, time: 12.81s]
2025-11-03 16:13:52.073: [iter 60 : loss : 5.0987 = 0.6598 + 4.4388 + 0.0000, alpha: 0.20, time: 12.73s]
2025-11-03 16:14:04.875: [iter 61 : loss : 5.0968 = 0.6578 + 4.4389 + 0.0001, alpha: 0.50, time: 12.76s]
2025-11-03 16:14:17.751: [iter 62 : loss : 5.0950 = 0.6565 + 4.4385 + 0.0001, alpha: 0.50, time: 12.84s]
2025-11-03 16:14:30.557: [iter 63 : loss : 5.0915 = 0.6546 + 4.4369 + 0.0001, alpha: 0.50, time: 12.77s]
2025-11-03 16:14:43.360: [iter 64 : loss : 5.0904 = 0.6523 + 4.4380 + 0.0001, alpha: 0.50, time: 12.76s]
2025-11-03 16:14:56.167: [iter 65 : loss : 5.0875 = 0.6504 + 4.4371 + 0.0001, alpha: 0.50, time: 12.77s]
2025-11-03 16:15:09.051: [iter 66 : loss : 5.0863 = 0.6479 + 4.4383 + 0.0001, alpha: 0.50, time: 12.85s]
2025-11-03 16:15:21.881: [iter 67 : loss : 5.0850 = 0.6456 + 4.4393 + 0.0001, alpha: 0.50, time: 12.79s]
2025-11-03 16:15:34.691: [iter 68 : loss : 5.0815 = 0.6431 + 4.4383 + 0.0001, alpha: 0.50, time: 12.77s]
2025-11-03 16:15:47.587: [iter 69 : loss : 5.0789 = 0.6408 + 4.4381 + 0.0001, alpha: 0.50, time: 12.86s]
2025-11-03 16:16:00.401: [iter 70 : loss : 5.0763 = 0.6384 + 4.4378 + 0.0001, alpha: 0.50, time: 12.78s]
2025-11-03 16:16:13.214: [iter 71 : loss : 5.0728 = 0.6349 + 4.4379 + 0.0001, alpha: 0.50, time: 12.78s]
2025-11-03 16:16:26.021: [iter 72 : loss : 5.0703 = 0.6329 + 4.4373 + 0.0001, alpha: 0.50, time: 12.77s]
2025-11-03 16:16:38.884: [iter 73 : loss : 5.0678 = 0.6301 + 4.4377 + 0.0001, alpha: 0.50, time: 12.83s]
2025-11-03 16:16:51.730: [iter 74 : loss : 5.0656 = 0.6266 + 4.4390 + 0.0001, alpha: 0.50, time: 12.81s]
2025-11-03 16:17:04.581: [iter 75 : loss : 5.0618 = 0.6240 + 4.4377 + 0.0001, alpha: 0.50, time: 12.81s]
2025-11-03 16:17:17.371: [iter 76 : loss : 5.0597 = 0.6203 + 4.4393 + 0.0001, alpha: 0.50, time: 12.75s]
2025-11-03 16:17:30.236: [iter 77 : loss : 5.0553 = 0.6174 + 4.4377 + 0.0001, alpha: 0.50, time: 12.83s]
2025-11-03 16:17:43.060: [iter 78 : loss : 5.0529 = 0.6133 + 4.4395 + 0.0001, alpha: 0.50, time: 12.79s]
2025-11-03 16:17:55.881: [iter 79 : loss : 5.0489 = 0.6094 + 4.4394 + 0.0001, alpha: 0.50, time: 12.78s]
2025-11-03 16:18:08.687: [iter 80 : loss : 5.0442 = 0.6061 + 4.4380 + 0.0001, alpha: 0.50, time: 12.77s]
2025-11-03 16:18:21.548: [iter 81 : loss : 5.0419 = 0.6026 + 4.4392 + 0.0001, alpha: 1.00, time: 12.82s]
2025-11-03 16:18:34.347: [iter 82 : loss : 5.0388 = 0.5982 + 4.4405 + 0.0001, alpha: 1.00, time: 12.76s]
2025-11-03 16:18:47.189: [iter 83 : loss : 5.0340 = 0.5935 + 4.4404 + 0.0001, alpha: 1.00, time: 12.80s]
2025-11-03 16:19:00.038: [iter 84 : loss : 5.0312 = 0.5900 + 4.4410 + 0.0001, alpha: 1.00, time: 12.81s]
2025-11-03 16:19:12.948: [iter 85 : loss : 5.0273 = 0.5862 + 4.4410 + 0.0001, alpha: 1.00, time: 12.87s]
2025-11-03 16:19:25.816: [iter 86 : loss : 5.0217 = 0.5818 + 4.4397 + 0.0002, alpha: 1.00, time: 12.83s]
2025-11-03 16:19:38.683: [iter 87 : loss : 5.0176 = 0.5761 + 4.4413 + 0.0002, alpha: 1.00, time: 12.83s]
2025-11-03 16:19:51.549: [iter 88 : loss : 5.0144 = 0.5718 + 4.4425 + 0.0002, alpha: 1.00, time: 12.83s]
2025-11-03 16:20:04.458: [iter 89 : loss : 5.0085 = 0.5673 + 4.4410 + 0.0002, alpha: 1.00, time: 12.87s]
2025-11-03 16:20:17.259: [iter 90 : loss : 5.0046 = 0.5620 + 4.4424 + 0.0002, alpha: 1.00, time: 12.76s]
2025-11-03 16:20:30.214: [iter 91 : loss : 4.9999 = 0.5570 + 4.4427 + 0.0002, alpha: 1.00, time: 12.92s]
2025-11-03 16:20:43.133: [iter 92 : loss : 4.9944 = 0.5518 + 4.4424 + 0.0002, alpha: 1.00, time: 12.88s]
2025-11-03 16:20:55.939: [iter 93 : loss : 4.9887 = 0.5460 + 4.4425 + 0.0002, alpha: 1.00, time: 12.77s]
2025-11-03 16:21:08.912: [iter 94 : loss : 4.9832 = 0.5413 + 4.4416 + 0.0002, alpha: 1.00, time: 12.93s]
2025-11-03 16:21:21.747: [iter 95 : loss : 4.9803 = 0.5356 + 4.4445 + 0.0002, alpha: 1.00, time: 12.80s]
2025-11-03 16:21:34.537: [iter 96 : loss : 4.9738 = 0.5297 + 4.4439 + 0.0002, alpha: 1.00, time: 12.75s]
2025-11-03 16:21:47.475: [iter 97 : loss : 4.9679 = 0.5239 + 4.4437 + 0.0003, alpha: 1.00, time: 12.90s]
2025-11-03 16:22:00.298: [iter 98 : loss : 4.9641 = 0.5193 + 4.4446 + 0.0003, alpha: 1.00, time: 12.78s]
2025-11-03 16:22:13.516: [iter 99 : loss : 4.9567 = 0.5129 + 4.4436 + 0.0003, alpha: 1.00, time: 13.18s]
2025-11-03 16:22:26.487: [iter 100 : loss : 4.9515 = 0.5064 + 4.4448 + 0.0003, alpha: 1.00, time: 12.93s]
2025-11-03 16:22:39.283: [iter 101 : loss : 4.9461 = 0.5005 + 4.4453 + 0.0003, alpha: 2.00, time: 12.76s]
2025-11-03 16:22:52.078: [iter 102 : loss : 4.9366 = 0.4917 + 4.4446 + 0.0003, alpha: 2.00, time: 12.76s]
2025-11-03 16:23:04.931: [iter 103 : loss : 4.9356 = 0.4881 + 4.4472 + 0.0003, alpha: 2.00, time: 12.82s]
2025-11-03 16:23:17.731: [iter 104 : loss : 4.9271 = 0.4796 + 4.4471 + 0.0003, alpha: 2.00, time: 12.76s]
2025-11-03 16:23:30.740: [iter 105 : loss : 4.9220 = 0.4728 + 4.4489 + 0.0004, alpha: 2.00, time: 12.97s]
2025-11-03 16:23:43.774: [iter 106 : loss : 4.9148 = 0.4668 + 4.4476 + 0.0004, alpha: 2.00, time: 12.99s]
2025-11-03 16:23:56.689: [iter 107 : loss : 4.9083 = 0.4596 + 4.4484 + 0.0004, alpha: 2.00, time: 12.88s]
2025-11-03 16:24:09.709: [iter 108 : loss : 4.9026 = 0.4526 + 4.4496 + 0.0004, alpha: 2.00, time: 12.98s]
2025-11-03 16:24:22.601: [iter 109 : loss : 4.8964 = 0.4449 + 4.4510 + 0.0004, alpha: 2.00, time: 12.85s]
2025-11-03 16:24:35.442: [iter 110 : loss : 4.8880 = 0.4377 + 4.4499 + 0.0004, alpha: 2.00, time: 12.80s]
2025-11-03 16:24:48.345: [iter 111 : loss : 4.8812 = 0.4305 + 4.4502 + 0.0004, alpha: 2.00, time: 12.86s]
2025-11-03 16:25:01.147: [iter 112 : loss : 4.8759 = 0.4224 + 4.4530 + 0.0005, alpha: 2.00, time: 12.76s]
2025-11-03 16:25:14.105: [iter 113 : loss : 4.8676 = 0.4159 + 4.4512 + 0.0005, alpha: 2.00, time: 12.92s]
2025-11-03 16:25:26.923: [iter 114 : loss : 4.8610 = 0.4071 + 4.4534 + 0.0005, alpha: 2.00, time: 12.78s]
2025-11-03 16:25:39.834: [iter 115 : loss : 4.8524 = 0.3996 + 4.4522 + 0.0005, alpha: 2.00, time: 12.87s]
2025-11-03 16:25:52.638: [iter 116 : loss : 4.8449 = 0.3910 + 4.4533 + 0.0005, alpha: 2.00, time: 12.77s]
2025-11-03 16:26:05.477: [iter 117 : loss : 4.8379 = 0.3824 + 4.4549 + 0.0006, alpha: 2.00, time: 12.80s]
2025-11-03 16:26:18.365: [iter 118 : loss : 4.8318 = 0.3754 + 4.4558 + 0.0006, alpha: 2.00, time: 12.85s]
2025-11-03 16:26:31.577: [iter 119 : loss : 4.8230 = 0.3658 + 4.4566 + 0.0006, alpha: 2.00, time: 13.17s]
2025-11-03 16:26:44.354: [iter 120 : loss : 4.8164 = 0.3576 + 4.4581 + 0.0006, alpha: 2.00, time: 12.74s]
2025-11-03 16:26:57.382: [iter 121 : loss : 4.8072 = 0.3497 + 4.4568 + 0.0007, alpha: 5.00, time: 12.99s]
2025-11-03 16:27:10.432: [iter 122 : loss : 4.8006 = 0.3400 + 4.4599 + 0.0007, alpha: 5.00, time: 13.01s]
2025-11-03 16:27:23.281: [iter 123 : loss : 4.7942 = 0.3326 + 4.4609 + 0.0007, alpha: 5.00, time: 12.81s]
2025-11-03 16:27:36.206: [iter 124 : loss : 4.7838 = 0.3229 + 4.4601 + 0.0007, alpha: 5.00, time: 12.89s]
2025-11-03 16:27:49.357: [iter 125 : loss : 4.7774 = 0.3151 + 4.4616 + 0.0007, alpha: 5.00, time: 13.11s]
2025-11-03 16:28:02.167: [iter 126 : loss : 4.7693 = 0.3053 + 4.4632 + 0.0008, alpha: 5.00, time: 12.77s]
2025-11-03 16:28:14.967: [iter 127 : loss : 4.7601 = 0.2967 + 4.4626 + 0.0008, alpha: 5.00, time: 12.76s]
2025-11-03 16:28:27.913: [iter 128 : loss : 4.7528 = 0.2880 + 4.4640 + 0.0008, alpha: 5.00, time: 12.91s]
2025-11-03 16:28:40.720: [iter 129 : loss : 4.7449 = 0.2789 + 4.4652 + 0.0009, alpha: 5.00, time: 12.77s]
2025-11-03 16:28:53.525: [iter 130 : loss : 4.7371 = 0.2713 + 4.4649 + 0.0009, alpha: 5.00, time: 12.77s]
2025-11-03 16:29:06.405: [iter 131 : loss : 4.7295 = 0.2618 + 4.4668 + 0.0009, alpha: 5.00, time: 12.84s]
2025-11-03 16:29:19.279: [iter 132 : loss : 4.7226 = 0.2540 + 4.4677 + 0.0009, alpha: 5.00, time: 12.84s]
2025-11-03 16:29:32.170: [iter 133 : loss : 4.7141 = 0.2429 + 4.4702 + 0.0010, alpha: 5.00, time: 12.85s]
2025-11-03 16:29:45.272: [iter 134 : loss : 4.7051 = 0.2359 + 4.4682 + 0.0010, alpha: 5.00, time: 13.06s]
2025-11-03 16:29:58.382: [iter 135 : loss : 4.6983 = 0.2287 + 4.4686 + 0.0010, alpha: 5.00, time: 13.07s]
2025-11-03 16:30:11.187: [iter 136 : loss : 4.6920 = 0.2209 + 4.4700 + 0.0011, alpha: 5.00, time: 12.77s]
2025-11-03 16:30:24.234: [iter 137 : loss : 4.6858 = 0.2128 + 4.4719 + 0.0011, alpha: 5.00, time: 13.01s]
2025-11-03 16:30:37.049: [iter 138 : loss : 4.6754 = 0.2049 + 4.4693 + 0.0011, alpha: 5.00, time: 12.78s]
2025-11-03 16:30:50.027: [iter 139 : loss : 4.6701 = 0.1965 + 4.4725 + 0.0012, alpha: 5.00, time: 12.94s]
2025-11-03 16:31:03.069: [iter 140 : loss : 4.6647 = 0.1906 + 4.4729 + 0.0012, alpha: 5.00, time: 13.00s]
2025-11-03 16:31:15.857: [iter 141 : loss : 4.6577 = 0.1832 + 4.4733 + 0.0012, alpha: 5.50, time: 12.75s]
2025-11-03 16:31:28.771: [iter 142 : loss : 4.6499 = 0.1744 + 4.4742 + 0.0012, alpha: 5.50, time: 12.88s]
2025-11-03 16:31:41.690: [iter 143 : loss : 4.6451 = 0.1698 + 4.4740 + 0.0013, alpha: 5.50, time: 12.88s]
2025-11-03 16:31:54.848: [iter 144 : loss : 4.6371 = 0.1623 + 4.4735 + 0.0013, alpha: 5.50, time: 13.12s]
2025-11-03 16:32:07.941: [iter 145 : loss : 4.6337 = 0.1569 + 4.4755 + 0.0013, alpha: 5.50, time: 13.06s]
2025-11-03 16:32:20.735: [iter 146 : loss : 4.6274 = 0.1512 + 4.4749 + 0.0014, alpha: 5.50, time: 12.76s]
2025-11-03 16:32:33.597: [iter 147 : loss : 4.6226 = 0.1455 + 4.4757 + 0.0014, alpha: 5.50, time: 12.82s]
2025-11-03 16:32:46.577: [iter 148 : loss : 4.6178 = 0.1397 + 4.4767 + 0.0014, alpha: 5.50, time: 12.94s]
2025-11-03 16:32:59.500: [iter 149 : loss : 4.6116 = 0.1338 + 4.4763 + 0.0015, alpha: 5.50, time: 12.89s]
2025-11-03 16:33:12.358: [iter 150 : loss : 4.6060 = 0.1289 + 4.4757 + 0.0015, alpha: 5.50, time: 12.82s]
2025-11-03 16:33:25.200: [iter 151 : loss : 4.6031 = 0.1231 + 4.4785 + 0.0015, alpha: 5.50, time: 12.80s]
2025-11-03 16:33:38.262: [iter 152 : loss : 4.5973 = 0.1188 + 4.4770 + 0.0016, alpha: 5.50, time: 13.02s]
2025-11-03 16:33:51.236: [iter 153 : loss : 4.5922 = 0.1133 + 4.4774 + 0.0016, alpha: 5.50, time: 12.93s]
2025-11-03 16:34:04.076: [iter 154 : loss : 4.5892 = 0.1090 + 4.4786 + 0.0016, alpha: 5.50, time: 12.80s]
2025-11-03 16:34:17.021: [iter 155 : loss : 4.5846 = 0.1046 + 4.4784 + 0.0016, alpha: 5.50, time: 12.91s]
2025-11-03 16:34:29.961: [iter 156 : loss : 4.5801 = 0.1002 + 4.4782 + 0.0017, alpha: 5.50, time: 12.90s]
2025-11-03 16:34:42.801: [iter 157 : loss : 4.5772 = 0.0963 + 4.4792 + 0.0017, alpha: 5.50, time: 12.80s]
2025-11-03 16:34:55.801: [iter 158 : loss : 4.5722 = 0.0924 + 4.4780 + 0.0017, alpha: 5.50, time: 12.96s]
2025-11-03 16:35:08.589: [iter 159 : loss : 4.5710 = 0.0904 + 4.4789 + 0.0018, alpha: 5.50, time: 12.75s]
2025-11-03 16:35:21.712: [iter 160 : loss : 4.5674 = 0.0859 + 4.4797 + 0.0018, alpha: 5.50, time: 13.09s]
2025-11-03 16:35:34.813: [iter 161 : loss : 4.5638 = 0.0825 + 4.4795 + 0.0018, alpha: 6.00, time: 13.06s]
2025-11-03 16:35:47.967: [iter 162 : loss : 4.5614 = 0.0790 + 4.4805 + 0.0018, alpha: 6.00, time: 13.12s]
2025-11-03 16:36:00.768: [iter 163 : loss : 4.5585 = 0.0770 + 4.4796 + 0.0019, alpha: 6.00, time: 12.76s]
2025-11-03 16:36:13.751: [iter 164 : loss : 4.5533 = 0.0732 + 4.4782 + 0.0019, alpha: 6.00, time: 12.94s]
2025-11-03 16:36:26.724: [iter 165 : loss : 4.5527 = 0.0712 + 4.4795 + 0.0019, alpha: 6.00, time: 12.93s]
2025-11-03 16:36:39.629: [iter 166 : loss : 4.5517 = 0.0689 + 4.4809 + 0.0020, alpha: 6.00, time: 12.87s]
2025-11-03 16:36:52.666: [iter 167 : loss : 4.5482 = 0.0662 + 4.4801 + 0.0020, alpha: 6.00, time: 13.00s]
2025-11-03 16:37:05.575: [iter 168 : loss : 4.5453 = 0.0636 + 4.4798 + 0.0020, alpha: 6.00, time: 12.87s]
2025-11-03 16:37:18.471: [iter 169 : loss : 4.5447 = 0.0622 + 4.4805 + 0.0020, alpha: 6.00, time: 12.86s]
2025-11-03 16:37:31.290: [iter 170 : loss : 4.5439 = 0.0597 + 4.4821 + 0.0021, alpha: 6.00, time: 12.78s]
2025-11-03 16:37:44.446: [iter 171 : loss : 4.5403 = 0.0574 + 4.4808 + 0.0021, alpha: 6.00, time: 13.12s]
2025-11-03 16:37:57.512: [iter 172 : loss : 4.5371 = 0.0552 + 4.4798 + 0.0021, alpha: 6.00, time: 13.03s]
2025-11-03 16:38:10.326: [iter 173 : loss : 4.5352 = 0.0536 + 4.4794 + 0.0021, alpha: 6.00, time: 12.78s]
2025-11-03 16:38:23.252: [iter 174 : loss : 4.5332 = 0.0521 + 4.4790 + 0.0022, alpha: 6.00, time: 12.89s]
2025-11-03 16:38:36.203: [iter 175 : loss : 4.5307 = 0.0506 + 4.4779 + 0.0022, alpha: 6.00, time: 12.91s]
2025-11-03 16:38:49.068: [iter 176 : loss : 4.5315 = 0.0490 + 4.4803 + 0.0022, alpha: 6.00, time: 12.83s]
2025-11-03 16:39:01.942: [iter 177 : loss : 4.5252 = 0.0472 + 4.4758 + 0.0023, alpha: 6.00, time: 12.84s]
2025-11-03 16:39:14.943: [iter 178 : loss : 4.5245 = 0.0461 + 4.4761 + 0.0023, alpha: 6.00, time: 12.96s]
2025-11-03 16:39:28.188: [iter 179 : loss : 4.5256 = 0.0445 + 4.4789 + 0.0023, alpha: 6.00, time: 13.20s]
2025-11-03 16:39:41.045: [iter 180 : loss : 4.5257 = 0.0430 + 4.4803 + 0.0023, alpha: 6.00, time: 12.81s]
2025-11-03 16:39:53.967: [iter 181 : loss : 4.5208 = 0.0414 + 4.4770 + 0.0024, alpha: 7.00, time: 12.88s]
2025-11-03 16:40:07.117: [iter 182 : loss : 4.5186 = 0.0408 + 4.4754 + 0.0024, alpha: 7.00, time: 13.11s]
2025-11-03 16:40:20.174: [iter 183 : loss : 4.5211 = 0.0396 + 4.4791 + 0.0024, alpha: 7.00, time: 13.02s]
2025-11-03 16:40:33.196: [iter 184 : loss : 4.5190 = 0.0382 + 4.4784 + 0.0024, alpha: 7.00, time: 12.98s]
2025-11-03 16:40:46.353: [iter 185 : loss : 4.5169 = 0.0374 + 4.4770 + 0.0025, alpha: 7.00, time: 13.12s]
2025-11-03 16:40:59.443: [iter 186 : loss : 4.5155 = 0.0367 + 4.4763 + 0.0025, alpha: 7.00, time: 13.05s]
2025-11-03 16:41:12.464: [iter 187 : loss : 4.5136 = 0.0354 + 4.4757 + 0.0025, alpha: 7.00, time: 12.98s]
2025-11-03 16:41:25.358: [iter 188 : loss : 4.5134 = 0.0348 + 4.4760 + 0.0025, alpha: 7.00, time: 12.86s]
2025-11-03 16:41:38.459: [iter 189 : loss : 4.5118 = 0.0342 + 4.4750 + 0.0025, alpha: 7.00, time: 13.06s]
2025-11-03 16:41:51.262: [iter 190 : loss : 4.5102 = 0.0327 + 4.4749 + 0.0026, alpha: 7.00, time: 12.77s]
2025-11-03 16:42:04.115: [iter 191 : loss : 4.5097 = 0.0322 + 4.4750 + 0.0026, alpha: 7.00, time: 12.82s]
2025-11-03 16:42:16.967: [iter 192 : loss : 4.5105 = 0.0311 + 4.4768 + 0.0026, alpha: 7.00, time: 12.81s]
2025-11-03 16:42:30.078: [iter 193 : loss : 4.5077 = 0.0307 + 4.4743 + 0.0026, alpha: 7.00, time: 13.07s]
2025-11-03 16:42:43.002: [iter 194 : loss : 4.5073 = 0.0294 + 4.4752 + 0.0027, alpha: 7.00, time: 12.89s]
2025-11-03 16:42:55.807: [iter 195 : loss : 4.5066 = 0.0296 + 4.4743 + 0.0027, alpha: 7.00, time: 12.77s]
2025-11-03 16:43:08.832: [iter 196 : loss : 4.5046 = 0.0280 + 4.4738 + 0.0027, alpha: 7.00, time: 12.99s]
2025-11-03 16:43:21.700: [iter 197 : loss : 4.5046 = 0.0282 + 4.4736 + 0.0027, alpha: 7.00, time: 12.83s]
2025-11-03 16:43:34.714: [iter 198 : loss : 4.5034 = 0.0277 + 4.4728 + 0.0028, alpha: 7.00, time: 12.97s]
2025-11-03 16:43:47.942: [iter 199 : loss : 4.5041 = 0.0268 + 4.4745 + 0.0028, alpha: 7.00, time: 13.19s]
2025-11-03 16:44:01.091: [iter 200 : loss : 4.5005 = 0.0263 + 4.4714 + 0.0028, alpha: 7.00, time: 13.11s]
2025-11-03 16:44:14.209: [iter 201 : loss : 4.5020 = 0.0256 + 4.4735 + 0.0028, alpha: 8.00, time: 13.08s]
2025-11-03 16:44:27.005: [iter 202 : loss : 4.5007 = 0.0249 + 4.4729 + 0.0029, alpha: 8.00, time: 12.76s]
2025-11-03 16:44:39.809: [iter 203 : loss : 4.5006 = 0.0246 + 4.4731 + 0.0029, alpha: 8.00, time: 12.77s]
2025-11-03 16:44:52.813: [iter 204 : loss : 4.4984 = 0.0239 + 4.4717 + 0.0029, alpha: 8.00, time: 12.97s]
2025-11-03 16:45:05.680: [iter 205 : loss : 4.4965 = 0.0234 + 4.4702 + 0.0029, alpha: 8.00, time: 12.83s]
2025-11-03 16:45:18.672: [iter 206 : loss : 4.4961 = 0.0233 + 4.4698 + 0.0029, alpha: 8.00, time: 12.95s]
2025-11-03 16:45:31.848: [iter 207 : loss : 4.4963 = 0.0226 + 4.4707 + 0.0030, alpha: 8.00, time: 13.14s]
2025-11-03 16:45:44.887: [iter 208 : loss : 4.4951 = 0.0225 + 4.4696 + 0.0030, alpha: 8.00, time: 13.00s]
2025-11-03 16:45:57.724: [iter 209 : loss : 4.4941 = 0.0222 + 4.4689 + 0.0030, alpha: 8.00, time: 12.80s]
2025-11-03 16:46:10.557: [iter 210 : loss : 4.4958 = 0.0214 + 4.4714 + 0.0030, alpha: 8.00, time: 12.79s]
2025-11-03 16:46:23.556: [iter 211 : loss : 4.4931 = 0.0214 + 4.4687 + 0.0031, alpha: 8.00, time: 12.96s]
2025-11-03 16:46:36.378: [iter 212 : loss : 4.4944 = 0.0205 + 4.4708 + 0.0031, alpha: 8.00, time: 12.78s]
2025-11-03 16:46:49.606: [iter 213 : loss : 4.4952 = 0.0207 + 4.4713 + 0.0031, alpha: 8.00, time: 13.19s]
2025-11-03 16:47:02.717: [iter 214 : loss : 4.4930 = 0.0202 + 4.4697 + 0.0031, alpha: 8.00, time: 13.07s]
2025-11-03 16:47:15.715: [iter 215 : loss : 4.4930 = 0.0200 + 4.4698 + 0.0032, alpha: 8.00, time: 12.96s]
2025-11-03 16:47:28.556: [iter 216 : loss : 4.4930 = 0.0192 + 4.4707 + 0.0032, alpha: 8.00, time: 12.80s]
2025-11-03 16:47:41.409: [iter 217 : loss : 4.4914 = 0.0189 + 4.4693 + 0.0032, alpha: 8.00, time: 12.82s]
2025-11-03 16:47:54.203: [iter 218 : loss : 4.4892 = 0.0187 + 4.4672 + 0.0032, alpha: 8.00, time: 12.76s]
2025-11-03 16:48:07.179: [iter 219 : loss : 4.4901 = 0.0189 + 4.4680 + 0.0032, alpha: 8.00, time: 12.94s]
2025-11-03 16:48:20.486: [iter 220 : loss : 4.4900 = 0.0184 + 4.4683 + 0.0033, alpha: 8.00, time: 13.27s]
2025-11-03 16:48:20.487: Alpha search done. Best alpha: 8.00 (avg loss=4.4949)
2025-11-03 16:48:20.487: === Training with Best Alpha ===
2025-11-03 16:48:20.487: Using best alpha: 8.00 (avg loss: 4.4949)
2025-11-03 16:48:33.667: [Final training 1/10 : loss : 4.4876, alpha: 8.00, time: 13.14s]
2025-11-03 16:48:33.667: user-aware tau mean (epoch 1): 0.0676
2025-11-03 16:48:46.819: [Final training 2/10 : loss : 4.4897, alpha: 8.00, time: 13.15s]
2025-11-03 16:48:46.819: user-aware tau mean (epoch 2): 0.0677
2025-11-03 16:48:59.666: [Final training 3/10 : loss : 4.4888, alpha: 8.00, time: 12.85s]
2025-11-03 16:48:59.667: user-aware tau mean (epoch 3): 0.0676
2025-11-03 16:49:12.609: [Final training 4/10 : loss : 4.4868, alpha: 8.00, time: 12.94s]
2025-11-03 16:49:12.609: user-aware tau mean (epoch 4): 0.0676
2025-11-03 16:49:25.448: [Final training 5/10 : loss : 4.4866, alpha: 8.00, time: 12.84s]
2025-11-03 16:49:25.449: user-aware tau mean (epoch 5): 0.0676
2025-11-03 16:49:38.321: [Final training 6/10 : loss : 4.4863, alpha: 8.00, time: 12.87s]
2025-11-03 16:49:38.321: user-aware tau mean (epoch 6): 0.0676
2025-11-03 16:49:51.364: [Final training 7/10 : loss : 4.4861, alpha: 8.00, time: 13.04s]
2025-11-03 16:49:51.364: user-aware tau mean (epoch 7): 0.0676
2025-11-03 16:50:04.382: [Final training 8/10 : loss : 4.4862, alpha: 8.00, time: 13.02s]
2025-11-03 16:50:04.382: user-aware tau mean (epoch 8): 0.0676
2025-11-03 16:50:17.364: [Final training 9/10 : loss : 4.4852, alpha: 8.00, time: 12.98s]
2025-11-03 16:50:17.364: user-aware tau mean (epoch 9): 0.0676
2025-11-03 16:50:30.492: [Final training 10/10 : loss : 4.4844, alpha: 8.00, time: 13.13s]
2025-11-03 16:50:30.492: user-aware tau mean (epoch 10): 0.0676
2025-11-03 16:50:30.498: export_final_embeddings done: /mnt/sda1/yuxin/SGL-BiGNAS/SGL-Torch/dataset/all_data/pretrain-embeddings/SGL/n_layers=3/
