2025-11-03 17:15:06.771: my pid: 455682
2025-11-03 17:15:06.771: model: model.general_recommender.SGL
2025-11-03 17:15:06.771: Dataset: all_data, users=2809, items=31062, ratings=110570
2025-11-03 17:15:06.772: NeuRec:[NeuRec]:
recommender=SGL
dataset=all_data
source_domain=amazon-cd
target_domain=amazon-kitchen
file_column=UI
sep=','
gpu_id=0
gpu_mem=0.99
metric=["Precision", "Recall", "NDCG"]
top_k=[20]
test_thread=8
test_batch_size=128
seed=2021
start_testing_epoch=0

SGL:[hyperparameters]:
aug_type=ED
reg=1e-4
embed_size=64
n_layers=3
ssl_reg=0.5
ssl_ratio=0.1
ssl_temp=0.2
ssl_mode=both_side
lr=0.001
learner=adam
adj_type=pre
epochs=1000
batch_size=2048
num_negatives=1
param_init=xavier_uniform
stddev=0.01
verbose=1
stop_cnt=10
pretrain_flag=0
save_flag=1

Command line:
dataset=all_data
model=SGL
save_flag=1
aug_type=ED
reg=1e-4
n_layers=3
ssl_reg=0.5
ssl_ratio=0.1
ssl_temp=0.2
groupA_neg_temp_scale=2.0
2025-11-03 17:15:20.443: [iter 1 : loss : 7.4983 = 0.6921 + 6.8062 + 0.0000, alpha: 0.00, time: 13.03s]
2025-11-03 17:15:33.352: [iter 2 : loss : 7.2279 = 0.6918 + 6.5362 + 0.0000, alpha: 0.00, time: 12.87s]
2025-11-03 17:15:46.252: [iter 3 : loss : 6.9895 = 0.6916 + 6.2978 + 0.0000, alpha: 0.00, time: 12.86s]
2025-11-03 17:15:59.124: [iter 4 : loss : 6.8766 = 0.6916 + 6.1850 + 0.0000, alpha: 0.00, time: 12.83s]
2025-11-03 17:16:12.000: [iter 5 : loss : 6.8249 = 0.6916 + 6.1333 + 0.0000, alpha: 0.00, time: 12.84s]
2025-11-03 17:16:24.929: [iter 6 : loss : 6.7958 = 0.6916 + 6.1042 + 0.0000, alpha: 0.00, time: 12.89s]
2025-11-03 17:16:37.805: [iter 7 : loss : 6.7780 = 0.6915 + 6.0865 + 0.0000, alpha: 0.00, time: 12.84s]
2025-11-03 17:16:50.664: [iter 8 : loss : 6.7663 = 0.6915 + 6.0749 + 0.0000, alpha: 0.00, time: 12.82s]
2025-11-03 17:17:03.536: [iter 9 : loss : 6.7641 = 0.6914 + 6.0727 + 0.0000, alpha: 0.00, time: 12.83s]
2025-11-03 17:17:16.465: [iter 10 : loss : 6.7566 = 0.6913 + 6.0653 + 0.0000, alpha: 0.00, time: 12.89s]
2025-11-03 17:17:29.342: [iter 11 : loss : 6.7505 = 0.6912 + 6.0593 + 0.0000, alpha: 0.00, time: 12.84s]
2025-11-03 17:17:42.205: [iter 12 : loss : 6.7486 = 0.6911 + 6.0575 + 0.0000, alpha: 0.00, time: 12.82s]
2025-11-03 17:17:55.092: [iter 13 : loss : 6.7418 = 0.6910 + 6.0508 + 0.0000, alpha: 0.00, time: 12.85s]
2025-11-03 17:18:08.015: [iter 14 : loss : 6.7433 = 0.6909 + 6.0524 + 0.0000, alpha: 0.00, time: 12.89s]
2025-11-03 17:18:20.874: [iter 15 : loss : 6.7411 = 0.6908 + 6.0503 + 0.0000, alpha: 0.00, time: 12.82s]
2025-11-03 17:18:33.729: [iter 16 : loss : 6.7370 = 0.6906 + 6.0464 + 0.0000, alpha: 0.00, time: 12.82s]
2025-11-03 17:18:46.646: [iter 17 : loss : 6.7368 = 0.6905 + 6.0463 + 0.0000, alpha: 0.00, time: 12.88s]
2025-11-03 17:18:59.517: [iter 18 : loss : 6.7354 = 0.6904 + 6.0449 + 0.0000, alpha: 0.00, time: 12.83s]
2025-11-03 17:19:12.382: [iter 19 : loss : 6.7361 = 0.6902 + 6.0459 + 0.0000, alpha: 0.00, time: 12.83s]
2025-11-03 17:19:25.246: [iter 20 : loss : 6.7322 = 0.6901 + 6.0421 + 0.0000, alpha: 0.00, time: 12.83s]
2025-11-03 17:19:38.169: [iter 21 : loss : 6.7308 = 0.6900 + 6.0408 + 0.0000, alpha: 0.10, time: 12.89s]
2025-11-03 17:19:51.032: [iter 22 : loss : 6.7310 = 0.6898 + 6.0411 + 0.0000, alpha: 0.10, time: 12.83s]
2025-11-03 17:20:03.909: [iter 23 : loss : 6.7316 = 0.6896 + 6.0419 + 0.0000, alpha: 0.10, time: 12.84s]
2025-11-03 17:20:16.784: [iter 24 : loss : 6.7303 = 0.6894 + 6.0409 + 0.0000, alpha: 0.10, time: 12.84s]
2025-11-03 17:20:29.689: [iter 25 : loss : 6.7254 = 0.6893 + 6.0361 + 0.0000, alpha: 0.10, time: 12.87s]
2025-11-03 17:20:42.569: [iter 26 : loss : 6.7264 = 0.6892 + 6.0372 + 0.0000, alpha: 0.10, time: 12.84s]
2025-11-03 17:20:55.451: [iter 27 : loss : 6.7256 = 0.6890 + 6.0366 + 0.0000, alpha: 0.10, time: 12.84s]
2025-11-03 17:21:08.330: [iter 28 : loss : 6.7245 = 0.6888 + 6.0357 + 0.0000, alpha: 0.10, time: 12.84s]
2025-11-03 17:21:21.256: [iter 29 : loss : 6.7216 = 0.6886 + 6.0329 + 0.0000, alpha: 0.10, time: 12.89s]
2025-11-03 17:21:34.130: [iter 30 : loss : 6.7263 = 0.6884 + 6.0379 + 0.0000, alpha: 0.10, time: 12.84s]
2025-11-03 17:21:47.004: [iter 31 : loss : 6.7226 = 0.6882 + 6.0344 + 0.0000, alpha: 0.10, time: 12.84s]
2025-11-03 17:21:59.868: [iter 32 : loss : 6.7209 = 0.6880 + 6.0329 + 0.0000, alpha: 0.10, time: 12.83s]
2025-11-03 17:22:12.809: [iter 33 : loss : 6.7210 = 0.6878 + 6.0332 + 0.0000, alpha: 0.10, time: 12.90s]
2025-11-03 17:22:25.681: [iter 34 : loss : 6.7194 = 0.6876 + 6.0318 + 0.0000, alpha: 0.10, time: 12.84s]
2025-11-03 17:22:38.580: [iter 35 : loss : 6.7207 = 0.6873 + 6.0334 + 0.0000, alpha: 0.10, time: 12.86s]
2025-11-03 17:22:51.474: [iter 36 : loss : 6.7207 = 0.6870 + 6.0337 + 0.0000, alpha: 0.10, time: 12.86s]
2025-11-03 17:23:04.410: [iter 37 : loss : 6.7206 = 0.6867 + 6.0338 + 0.0000, alpha: 0.10, time: 12.90s]
2025-11-03 17:23:17.364: [iter 38 : loss : 6.7193 = 0.6864 + 6.0328 + 0.0000, alpha: 0.10, time: 12.92s]
2025-11-03 17:23:30.251: [iter 39 : loss : 6.7192 = 0.6860 + 6.0331 + 0.0000, alpha: 0.10, time: 12.85s]
2025-11-03 17:23:43.223: [iter 40 : loss : 6.7179 = 0.6858 + 6.0321 + 0.0000, alpha: 0.10, time: 12.93s]
2025-11-03 17:23:56.103: [iter 41 : loss : 6.7176 = 0.6853 + 6.0323 + 0.0000, alpha: 0.20, time: 12.84s]
2025-11-03 17:24:09.045: [iter 42 : loss : 6.7141 = 0.6849 + 6.0291 + 0.0000, alpha: 0.20, time: 12.90s]
2025-11-03 17:24:21.939: [iter 43 : loss : 6.7136 = 0.6847 + 6.0288 + 0.0000, alpha: 0.20, time: 12.86s]
2025-11-03 17:24:34.886: [iter 44 : loss : 6.7157 = 0.6842 + 6.0314 + 0.0000, alpha: 0.20, time: 12.91s]
2025-11-03 17:24:47.801: [iter 45 : loss : 6.7128 = 0.6838 + 6.0290 + 0.0000, alpha: 0.20, time: 12.88s]
2025-11-03 17:25:00.767: [iter 46 : loss : 6.7121 = 0.6837 + 6.0284 + 0.0000, alpha: 0.20, time: 12.93s]
2025-11-03 17:25:13.899: [iter 47 : loss : 6.7157 = 0.6831 + 6.0326 + 0.0000, alpha: 0.20, time: 13.09s]
2025-11-03 17:25:26.897: [iter 48 : loss : 6.7128 = 0.6825 + 6.0302 + 0.0000, alpha: 0.20, time: 12.96s]
2025-11-03 17:25:39.782: [iter 49 : loss : 6.7116 = 0.6820 + 6.0296 + 0.0000, alpha: 0.20, time: 12.85s]
2025-11-03 17:25:52.826: [iter 50 : loss : 6.7114 = 0.6814 + 6.0299 + 0.0000, alpha: 0.20, time: 13.01s]
2025-11-03 17:26:05.946: [iter 51 : loss : 6.7090 = 0.6810 + 6.0280 + 0.0000, alpha: 0.20, time: 13.08s]
2025-11-03 17:26:18.849: [iter 52 : loss : 6.7080 = 0.6804 + 6.0276 + 0.0000, alpha: 0.20, time: 12.87s]
2025-11-03 17:26:31.766: [iter 53 : loss : 6.7103 = 0.6799 + 6.0304 + 0.0000, alpha: 0.20, time: 12.88s]
2025-11-03 17:26:44.684: [iter 54 : loss : 6.7066 = 0.6791 + 6.0275 + 0.0000, alpha: 0.20, time: 12.88s]
2025-11-03 17:26:57.740: [iter 55 : loss : 6.7074 = 0.6789 + 6.0284 + 0.0000, alpha: 0.20, time: 13.02s]
2025-11-03 17:27:10.634: [iter 56 : loss : 6.7055 = 0.6780 + 6.0275 + 0.0000, alpha: 0.20, time: 12.86s]
2025-11-03 17:27:23.756: [iter 57 : loss : 6.7077 = 0.6773 + 6.0304 + 0.0000, alpha: 0.20, time: 13.08s]
2025-11-03 17:27:36.704: [iter 58 : loss : 6.7043 = 0.6768 + 6.0274 + 0.0000, alpha: 0.20, time: 12.91s]
2025-11-03 17:27:50.031: [iter 59 : loss : 6.7032 = 0.6762 + 6.0270 + 0.0000, alpha: 0.20, time: 13.29s]
2025-11-03 17:28:02.957: [iter 60 : loss : 6.7060 = 0.6751 + 6.0308 + 0.0000, alpha: 0.20, time: 12.89s]
2025-11-03 17:28:15.873: [iter 61 : loss : 6.7039 = 0.6741 + 6.0297 + 0.0000, alpha: 0.50, time: 12.88s]
2025-11-03 17:28:28.811: [iter 62 : loss : 6.7037 = 0.6738 + 6.0298 + 0.0001, alpha: 0.50, time: 12.90s]
2025-11-03 17:28:41.739: [iter 63 : loss : 6.7015 = 0.6732 + 6.0283 + 0.0001, alpha: 0.50, time: 12.89s]
2025-11-03 17:28:54.625: [iter 64 : loss : 6.7006 = 0.6722 + 6.0283 + 0.0001, alpha: 0.50, time: 12.85s]
2025-11-03 17:29:07.850: [iter 65 : loss : 6.6993 = 0.6717 + 6.0275 + 0.0001, alpha: 0.50, time: 13.19s]
2025-11-03 17:29:21.083: [iter 66 : loss : 6.6985 = 0.6705 + 6.0280 + 0.0001, alpha: 0.50, time: 13.20s]
2025-11-03 17:29:33.982: [iter 67 : loss : 6.7000 = 0.6696 + 6.0303 + 0.0001, alpha: 0.50, time: 12.86s]
2025-11-03 17:29:47.234: [iter 68 : loss : 6.6969 = 0.6689 + 6.0280 + 0.0001, alpha: 0.50, time: 13.21s]
2025-11-03 17:30:00.273: [iter 69 : loss : 6.6970 = 0.6682 + 6.0287 + 0.0001, alpha: 0.50, time: 13.00s]
2025-11-03 17:30:13.162: [iter 70 : loss : 6.6954 = 0.6673 + 6.0280 + 0.0001, alpha: 0.50, time: 12.85s]
2025-11-03 17:30:26.068: [iter 71 : loss : 6.6935 = 0.6657 + 6.0278 + 0.0001, alpha: 0.50, time: 12.87s]
2025-11-03 17:30:39.281: [iter 72 : loss : 6.6929 = 0.6655 + 6.0274 + 0.0001, alpha: 0.50, time: 13.18s]
2025-11-03 17:30:52.413: [iter 73 : loss : 6.6914 = 0.6647 + 6.0266 + 0.0001, alpha: 0.50, time: 13.09s]
2025-11-03 17:31:05.377: [iter 74 : loss : 6.6914 = 0.6632 + 6.0281 + 0.0001, alpha: 0.50, time: 12.93s]
2025-11-03 17:31:18.360: [iter 75 : loss : 6.6897 = 0.6625 + 6.0271 + 0.0001, alpha: 0.50, time: 12.94s]
2025-11-03 17:31:31.491: [iter 76 : loss : 6.6896 = 0.6614 + 6.0282 + 0.0001, alpha: 0.50, time: 13.09s]
2025-11-03 17:31:44.625: [iter 77 : loss : 6.6872 = 0.6607 + 6.0265 + 0.0001, alpha: 0.50, time: 13.10s]
2025-11-03 17:31:57.520: [iter 78 : loss : 6.6879 = 0.6596 + 6.0282 + 0.0001, alpha: 0.50, time: 12.86s]
2025-11-03 17:32:10.491: [iter 79 : loss : 6.6866 = 0.6580 + 6.0285 + 0.0001, alpha: 0.50, time: 12.93s]
2025-11-03 17:32:23.395: [iter 80 : loss : 6.6834 = 0.6574 + 6.0259 + 0.0001, alpha: 0.50, time: 12.87s]
2025-11-03 17:32:36.355: [iter 81 : loss : 6.6831 = 0.6563 + 6.0267 + 0.0001, alpha: 1.00, time: 12.92s]
2025-11-03 17:32:49.271: [iter 82 : loss : 6.6827 = 0.6545 + 6.0281 + 0.0001, alpha: 1.00, time: 12.88s]
2025-11-03 17:33:02.239: [iter 83 : loss : 6.6803 = 0.6529 + 6.0273 + 0.0001, alpha: 1.00, time: 12.93s]
2025-11-03 17:33:15.210: [iter 84 : loss : 6.6792 = 0.6522 + 6.0270 + 0.0001, alpha: 1.00, time: 12.93s]
2025-11-03 17:33:28.360: [iter 85 : loss : 6.6807 = 0.6516 + 6.0291 + 0.0001, alpha: 1.00, time: 13.11s]
2025-11-03 17:33:41.330: [iter 86 : loss : 6.6769 = 0.6500 + 6.0269 + 0.0001, alpha: 1.00, time: 12.93s]
2025-11-03 17:33:54.316: [iter 87 : loss : 6.6762 = 0.6479 + 6.0282 + 0.0001, alpha: 1.00, time: 12.95s]
2025-11-03 17:34:07.487: [iter 88 : loss : 6.6774 = 0.6476 + 6.0298 + 0.0001, alpha: 1.00, time: 13.13s]
2025-11-03 17:34:20.386: [iter 89 : loss : 6.6752 = 0.6462 + 6.0289 + 0.0001, alpha: 1.00, time: 12.86s]
2025-11-03 17:34:33.326: [iter 90 : loss : 6.6737 = 0.6442 + 6.0293 + 0.0001, alpha: 1.00, time: 12.90s]
2025-11-03 17:34:46.559: [iter 91 : loss : 6.6732 = 0.6430 + 6.0302 + 0.0001, alpha: 1.00, time: 13.19s]
2025-11-03 17:34:59.591: [iter 92 : loss : 6.6705 = 0.6419 + 6.0285 + 0.0001, alpha: 1.00, time: 12.99s]
2025-11-03 17:35:12.500: [iter 93 : loss : 6.6690 = 0.6400 + 6.0289 + 0.0001, alpha: 1.00, time: 12.87s]
2025-11-03 17:35:25.635: [iter 94 : loss : 6.6675 = 0.6393 + 6.0281 + 0.0001, alpha: 1.00, time: 13.10s]
2025-11-03 17:35:38.586: [iter 95 : loss : 6.6680 = 0.6373 + 6.0306 + 0.0001, alpha: 1.00, time: 12.91s]
2025-11-03 17:35:51.633: [iter 96 : loss : 6.6659 = 0.6360 + 6.0297 + 0.0001, alpha: 1.00, time: 13.01s]
2025-11-03 17:36:04.649: [iter 97 : loss : 6.6620 = 0.6338 + 6.0280 + 0.0001, alpha: 1.00, time: 12.98s]
2025-11-03 17:36:17.544: [iter 98 : loss : 6.6619 = 0.6330 + 6.0288 + 0.0001, alpha: 1.00, time: 12.86s]
2025-11-03 17:36:30.736: [iter 99 : loss : 6.6588 = 0.6316 + 6.0270 + 0.0001, alpha: 1.00, time: 13.15s]
2025-11-03 17:36:43.623: [iter 100 : loss : 6.6580 = 0.6301 + 6.0278 + 0.0001, alpha: 1.00, time: 12.85s]
2025-11-03 17:36:56.528: [iter 101 : loss : 6.6576 = 0.6286 + 6.0289 + 0.0001, alpha: 2.00, time: 12.87s]
2025-11-03 17:37:09.440: [iter 102 : loss : 6.6551 = 0.6259 + 6.0290 + 0.0001, alpha: 2.00, time: 12.87s]
2025-11-03 17:37:22.445: [iter 103 : loss : 6.6566 = 0.6259 + 6.0305 + 0.0001, alpha: 2.00, time: 12.97s]
2025-11-03 17:37:35.345: [iter 104 : loss : 6.6533 = 0.6226 + 6.0306 + 0.0002, alpha: 2.00, time: 12.86s]
2025-11-03 17:37:48.270: [iter 105 : loss : 6.6514 = 0.6210 + 6.0302 + 0.0002, alpha: 2.00, time: 12.89s]
2025-11-03 17:38:01.630: [iter 106 : loss : 6.6513 = 0.6210 + 6.0301 + 0.0002, alpha: 2.00, time: 13.32s]
2025-11-03 17:38:14.605: [iter 107 : loss : 6.6478 = 0.6182 + 6.0294 + 0.0002, alpha: 2.00, time: 12.93s]
2025-11-03 17:38:27.705: [iter 108 : loss : 6.6482 = 0.6165 + 6.0315 + 0.0002, alpha: 2.00, time: 13.06s]
2025-11-03 17:38:40.831: [iter 109 : loss : 6.6468 = 0.6149 + 6.0318 + 0.0002, alpha: 2.00, time: 13.08s]
2025-11-03 17:38:53.954: [iter 110 : loss : 6.6446 = 0.6142 + 6.0302 + 0.0002, alpha: 2.00, time: 13.09s]
2025-11-03 17:39:06.857: [iter 111 : loss : 6.6441 = 0.6125 + 6.0314 + 0.0002, alpha: 2.00, time: 12.86s]
2025-11-03 17:39:19.866: [iter 112 : loss : 6.6421 = 0.6096 + 6.0323 + 0.0002, alpha: 2.00, time: 12.97s]
2025-11-03 17:39:33.096: [iter 113 : loss : 6.6399 = 0.6091 + 6.0306 + 0.0002, alpha: 2.00, time: 13.19s]
2025-11-03 17:39:46.302: [iter 114 : loss : 6.6375 = 0.6063 + 6.0310 + 0.0002, alpha: 2.00, time: 13.17s]
2025-11-03 17:39:59.251: [iter 115 : loss : 6.6358 = 0.6056 + 6.0300 + 0.0002, alpha: 2.00, time: 12.91s]
2025-11-03 17:40:12.175: [iter 116 : loss : 6.6337 = 0.6034 + 6.0301 + 0.0002, alpha: 2.00, time: 12.89s]
2025-11-03 17:40:25.341: [iter 117 : loss : 6.6323 = 0.6008 + 6.0313 + 0.0002, alpha: 2.00, time: 13.13s]
2025-11-03 17:40:38.289: [iter 118 : loss : 6.6342 = 0.5999 + 6.0341 + 0.0002, alpha: 2.00, time: 12.91s]
2025-11-03 17:40:51.352: [iter 119 : loss : 6.6320 = 0.5980 + 6.0337 + 0.0002, alpha: 2.00, time: 13.03s]
2025-11-03 17:41:04.594: [iter 120 : loss : 6.6325 = 0.5969 + 6.0354 + 0.0002, alpha: 2.00, time: 13.20s]
2025-11-03 17:41:17.870: [iter 121 : loss : 6.6286 = 0.5952 + 6.0333 + 0.0002, alpha: 5.00, time: 13.23s]
2025-11-03 17:41:30.896: [iter 122 : loss : 6.6281 = 0.5922 + 6.0357 + 0.0002, alpha: 5.00, time: 12.99s]
2025-11-03 17:41:43.808: [iter 123 : loss : 6.6283 = 0.5917 + 6.0364 + 0.0002, alpha: 5.00, time: 12.87s]
2025-11-03 17:41:56.770: [iter 124 : loss : 6.6237 = 0.5892 + 6.0342 + 0.0002, alpha: 5.00, time: 12.92s]
2025-11-03 17:42:09.856: [iter 125 : loss : 6.6230 = 0.5873 + 6.0354 + 0.0003, alpha: 5.00, time: 13.05s]
2025-11-03 17:42:22.772: [iter 126 : loss : 6.6201 = 0.5844 + 6.0354 + 0.0003, alpha: 5.00, time: 12.88s]
2025-11-03 17:42:35.979: [iter 127 : loss : 6.6174 = 0.5839 + 6.0332 + 0.0003, alpha: 5.00, time: 13.17s]
2025-11-03 17:42:49.008: [iter 128 : loss : 6.6170 = 0.5817 + 6.0350 + 0.0003, alpha: 5.00, time: 12.99s]
2025-11-03 17:43:02.103: [iter 129 : loss : 6.6158 = 0.5787 + 6.0367 + 0.0003, alpha: 5.00, time: 13.06s]
2025-11-03 17:43:15.294: [iter 130 : loss : 6.6140 = 0.5782 + 6.0355 + 0.0003, alpha: 5.00, time: 13.15s]
2025-11-03 17:43:28.245: [iter 131 : loss : 6.6115 = 0.5757 + 6.0356 + 0.0003, alpha: 5.00, time: 12.91s]
2025-11-03 17:43:41.218: [iter 132 : loss : 6.6111 = 0.5741 + 6.0367 + 0.0003, alpha: 5.00, time: 12.93s]
2025-11-03 17:43:54.223: [iter 133 : loss : 6.6105 = 0.5707 + 6.0395 + 0.0003, alpha: 5.00, time: 12.97s]
2025-11-03 17:44:07.365: [iter 134 : loss : 6.6071 = 0.5710 + 6.0359 + 0.0003, alpha: 5.00, time: 13.10s]
2025-11-03 17:44:20.683: [iter 135 : loss : 6.6052 = 0.5683 + 6.0366 + 0.0003, alpha: 5.00, time: 13.28s]
2025-11-03 17:44:33.593: [iter 136 : loss : 6.6039 = 0.5664 + 6.0372 + 0.0003, alpha: 5.00, time: 12.87s]
2025-11-03 17:44:46.504: [iter 137 : loss : 6.6037 = 0.5635 + 6.0399 + 0.0003, alpha: 5.00, time: 12.87s]
2025-11-03 17:44:59.516: [iter 138 : loss : 6.5992 = 0.5639 + 6.0349 + 0.0003, alpha: 5.00, time: 12.97s]
2025-11-03 17:45:12.483: [iter 139 : loss : 6.5983 = 0.5597 + 6.0382 + 0.0003, alpha: 5.00, time: 12.93s]
2025-11-03 17:45:25.497: [iter 140 : loss : 6.5961 = 0.5580 + 6.0378 + 0.0004, alpha: 5.00, time: 12.98s]
2025-11-03 17:45:38.610: [iter 141 : loss : 6.5940 = 0.5559 + 6.0377 + 0.0004, alpha: 5.50, time: 13.08s]
2025-11-03 17:45:51.540: [iter 142 : loss : 6.5918 = 0.5528 + 6.0386 + 0.0004, alpha: 5.50, time: 12.89s]
2025-11-03 17:46:04.521: [iter 143 : loss : 6.5917 = 0.5534 + 6.0379 + 0.0004, alpha: 5.50, time: 12.94s]
2025-11-03 17:46:17.514: [iter 144 : loss : 6.5880 = 0.5498 + 6.0378 + 0.0004, alpha: 5.50, time: 12.95s]
2025-11-03 17:46:30.394: [iter 145 : loss : 6.5875 = 0.5476 + 6.0395 + 0.0004, alpha: 5.50, time: 12.84s]
2025-11-03 17:46:43.569: [iter 146 : loss : 6.5860 = 0.5463 + 6.0394 + 0.0004, alpha: 5.50, time: 13.14s]
2025-11-03 17:46:56.770: [iter 147 : loss : 6.5823 = 0.5436 + 6.0383 + 0.0004, alpha: 5.50, time: 13.16s]
2025-11-03 17:47:09.678: [iter 148 : loss : 6.5804 = 0.5410 + 6.0390 + 0.0004, alpha: 5.50, time: 12.87s]
2025-11-03 17:47:22.594: [iter 149 : loss : 6.5802 = 0.5398 + 6.0399 + 0.0004, alpha: 5.50, time: 12.88s]
2025-11-03 17:47:35.662: [iter 150 : loss : 6.5781 = 0.5376 + 6.0400 + 0.0004, alpha: 5.50, time: 13.03s]
2025-11-03 17:47:48.569: [iter 151 : loss : 6.5770 = 0.5334 + 6.0431 + 0.0004, alpha: 5.50, time: 12.87s]
2025-11-03 17:48:01.808: [iter 152 : loss : 6.5737 = 0.5319 + 6.0414 + 0.0004, alpha: 5.50, time: 13.20s]
2025-11-03 17:48:15.026: [iter 153 : loss : 6.5699 = 0.5293 + 6.0402 + 0.0005, alpha: 5.50, time: 13.18s]
2025-11-03 17:48:28.326: [iter 154 : loss : 6.5712 = 0.5279 + 6.0428 + 0.0005, alpha: 5.50, time: 13.26s]
2025-11-03 17:48:41.219: [iter 155 : loss : 6.5668 = 0.5251 + 6.0413 + 0.0005, alpha: 5.50, time: 12.85s]
2025-11-03 17:48:54.152: [iter 156 : loss : 6.5640 = 0.5217 + 6.0419 + 0.0005, alpha: 5.50, time: 12.89s]
2025-11-03 17:49:07.099: [iter 157 : loss : 6.5644 = 0.5206 + 6.0433 + 0.0005, alpha: 5.50, time: 12.91s]
2025-11-03 17:49:19.989: [iter 158 : loss : 6.5596 = 0.5171 + 6.0420 + 0.0005, alpha: 5.50, time: 12.85s]
2025-11-03 17:49:33.089: [iter 159 : loss : 6.5602 = 0.5155 + 6.0443 + 0.0005, alpha: 5.50, time: 13.06s]
2025-11-03 17:49:46.330: [iter 160 : loss : 6.5569 = 0.5134 + 6.0430 + 0.0005, alpha: 5.50, time: 13.20s]
2025-11-03 17:49:59.648: [iter 161 : loss : 6.5549 = 0.5099 + 6.0445 + 0.0005, alpha: 6.00, time: 13.28s]
2025-11-03 17:50:12.945: [iter 162 : loss : 6.5534 = 0.5061 + 6.0467 + 0.0005, alpha: 6.00, time: 13.26s]
2025-11-03 17:50:25.905: [iter 163 : loss : 6.5489 = 0.5044 + 6.0440 + 0.0006, alpha: 6.00, time: 12.92s]
2025-11-03 17:50:38.805: [iter 164 : loss : 6.5461 = 0.5024 + 6.0431 + 0.0006, alpha: 6.00, time: 12.86s]
2025-11-03 17:50:51.919: [iter 165 : loss : 6.5462 = 0.4992 + 6.0464 + 0.0006, alpha: 6.00, time: 13.08s]
2025-11-03 17:51:05.101: [iter 166 : loss : 6.5459 = 0.4970 + 6.0484 + 0.0006, alpha: 6.00, time: 13.14s]
2025-11-03 17:51:18.011: [iter 167 : loss : 6.5417 = 0.4923 + 6.0488 + 0.0006, alpha: 6.00, time: 12.87s]
2025-11-03 17:51:31.171: [iter 168 : loss : 6.5396 = 0.4911 + 6.0479 + 0.0006, alpha: 6.00, time: 13.12s]
2025-11-03 17:51:44.163: [iter 169 : loss : 6.5375 = 0.4884 + 6.0485 + 0.0006, alpha: 6.00, time: 12.95s]
2025-11-03 17:51:57.076: [iter 170 : loss : 6.5357 = 0.4854 + 6.0497 + 0.0006, alpha: 6.00, time: 12.88s]
2025-11-03 17:52:09.971: [iter 171 : loss : 6.5332 = 0.4824 + 6.0502 + 0.0006, alpha: 6.00, time: 12.86s]
2025-11-03 17:52:22.930: [iter 172 : loss : 6.5295 = 0.4786 + 6.0503 + 0.0007, alpha: 6.00, time: 12.92s]
2025-11-03 17:52:35.949: [iter 173 : loss : 6.5268 = 0.4770 + 6.0491 + 0.0007, alpha: 6.00, time: 12.98s]
2025-11-03 17:52:48.914: [iter 174 : loss : 6.5256 = 0.4751 + 6.0499 + 0.0007, alpha: 6.00, time: 12.93s]
2025-11-03 17:53:02.152: [iter 175 : loss : 6.5221 = 0.4719 + 6.0495 + 0.0007, alpha: 6.00, time: 13.20s]
2025-11-03 17:53:15.102: [iter 176 : loss : 6.5210 = 0.4680 + 6.0523 + 0.0007, alpha: 6.00, time: 12.91s]
2025-11-03 17:53:27.976: [iter 177 : loss : 6.5168 = 0.4680 + 6.0481 + 0.0007, alpha: 6.00, time: 12.84s]
2025-11-03 17:53:40.867: [iter 178 : loss : 6.5129 = 0.4621 + 6.0500 + 0.0007, alpha: 6.00, time: 12.85s]
2025-11-03 17:53:54.069: [iter 179 : loss : 6.5151 = 0.4611 + 6.0533 + 0.0007, alpha: 6.00, time: 13.17s]
2025-11-03 17:54:07.361: [iter 180 : loss : 6.5133 = 0.4569 + 6.0557 + 0.0008, alpha: 6.00, time: 13.25s]
2025-11-03 17:54:20.360: [iter 181 : loss : 6.5076 = 0.4547 + 6.0521 + 0.0008, alpha: 7.00, time: 12.96s]
2025-11-03 17:54:33.377: [iter 182 : loss : 6.5064 = 0.4536 + 6.0520 + 0.0008, alpha: 7.00, time: 12.98s]
2025-11-03 17:54:46.637: [iter 183 : loss : 6.5052 = 0.4469 + 6.0575 + 0.0008, alpha: 7.00, time: 13.22s]
2025-11-03 17:54:59.845: [iter 184 : loss : 6.5013 = 0.4443 + 6.0562 + 0.0008, alpha: 7.00, time: 13.17s]
2025-11-03 17:55:12.740: [iter 185 : loss : 6.4988 = 0.4436 + 6.0544 + 0.0008, alpha: 7.00, time: 12.86s]
2025-11-03 17:55:25.651: [iter 186 : loss : 6.4966 = 0.4412 + 6.0546 + 0.0008, alpha: 7.00, time: 12.87s]
2025-11-03 17:55:38.654: [iter 187 : loss : 6.4943 = 0.4371 + 6.0564 + 0.0008, alpha: 7.00, time: 12.96s]
2025-11-03 17:55:51.550: [iter 188 : loss : 6.4901 = 0.4322 + 6.0571 + 0.0009, alpha: 7.00, time: 12.86s]
2025-11-03 17:56:04.412: [iter 189 : loss : 6.4873 = 0.4300 + 6.0565 + 0.0009, alpha: 7.00, time: 12.82s]
2025-11-03 17:56:17.398: [iter 190 : loss : 6.4865 = 0.4271 + 6.0585 + 0.0009, alpha: 7.00, time: 12.95s]
2025-11-03 17:56:30.474: [iter 191 : loss : 6.4831 = 0.4247 + 6.0575 + 0.0009, alpha: 7.00, time: 13.04s]
2025-11-03 17:56:43.363: [iter 192 : loss : 6.4821 = 0.4198 + 6.0614 + 0.0009, alpha: 7.00, time: 12.85s]
2025-11-03 17:56:56.429: [iter 193 : loss : 6.4774 = 0.4174 + 6.0591 + 0.0009, alpha: 7.00, time: 13.03s]
2025-11-03 17:57:09.519: [iter 194 : loss : 6.4761 = 0.4146 + 6.0605 + 0.0010, alpha: 7.00, time: 13.05s]
2025-11-03 17:57:22.415: [iter 195 : loss : 6.4737 = 0.4122 + 6.0606 + 0.0010, alpha: 7.00, time: 12.86s]
2025-11-03 17:57:35.468: [iter 196 : loss : 6.4701 = 0.4092 + 6.0599 + 0.0010, alpha: 7.00, time: 13.01s]
2025-11-03 17:57:48.657: [iter 197 : loss : 6.4700 = 0.4067 + 6.0622 + 0.0010, alpha: 7.00, time: 13.15s]
2025-11-03 17:58:01.603: [iter 198 : loss : 6.4641 = 0.4029 + 6.0602 + 0.0010, alpha: 7.00, time: 12.91s]
2025-11-03 17:58:14.498: [iter 199 : loss : 6.4658 = 0.4005 + 6.0642 + 0.0010, alpha: 7.00, time: 12.86s]
2025-11-03 17:58:27.605: [iter 200 : loss : 6.4592 = 0.3969 + 6.0612 + 0.0011, alpha: 7.00, time: 13.07s]
2025-11-03 17:58:40.838: [iter 201 : loss : 6.4593 = 0.3919 + 6.0664 + 0.0011, alpha: 8.00, time: 13.19s]
2025-11-03 17:58:53.943: [iter 202 : loss : 6.4565 = 0.3910 + 6.0645 + 0.0011, alpha: 8.00, time: 13.06s]
2025-11-03 17:59:06.837: [iter 203 : loss : 6.4540 = 0.3858 + 6.0670 + 0.0011, alpha: 8.00, time: 12.86s]
2025-11-03 17:59:19.751: [iter 204 : loss : 6.4504 = 0.3827 + 6.0665 + 0.0011, alpha: 8.00, time: 12.88s]
2025-11-03 17:59:32.695: [iter 205 : loss : 6.4488 = 0.3821 + 6.0656 + 0.0011, alpha: 8.00, time: 12.91s]
2025-11-03 17:59:45.576: [iter 206 : loss : 6.4452 = 0.3773 + 6.0667 + 0.0012, alpha: 8.00, time: 12.84s]
2025-11-03 17:59:58.451: [iter 207 : loss : 6.4441 = 0.3741 + 6.0688 + 0.0012, alpha: 8.00, time: 12.84s]
2025-11-03 18:00:11.501: [iter 208 : loss : 6.4402 = 0.3710 + 6.0681 + 0.0012, alpha: 8.00, time: 13.01s]
2025-11-03 18:00:24.518: [iter 209 : loss : 6.4351 = 0.3665 + 6.0674 + 0.0012, alpha: 8.00, time: 12.98s]
2025-11-03 18:00:37.404: [iter 210 : loss : 6.4354 = 0.3629 + 6.0713 + 0.0012, alpha: 8.00, time: 12.85s]
2025-11-03 18:00:50.343: [iter 211 : loss : 6.4307 = 0.3616 + 6.0678 + 0.0013, alpha: 8.00, time: 12.90s]
2025-11-03 18:01:03.243: [iter 212 : loss : 6.4322 = 0.3585 + 6.0724 + 0.0013, alpha: 8.00, time: 12.86s]
2025-11-03 18:01:16.514: [iter 213 : loss : 6.4285 = 0.3530 + 6.0742 + 0.0013, alpha: 8.00, time: 13.23s]
2025-11-03 18:01:29.667: [iter 214 : loss : 6.4247 = 0.3504 + 6.0730 + 0.0013, alpha: 8.00, time: 13.11s]
2025-11-03 18:01:42.565: [iter 215 : loss : 6.4237 = 0.3477 + 6.0747 + 0.0013, alpha: 8.00, time: 12.86s]
2025-11-03 18:01:55.495: [iter 216 : loss : 6.4225 = 0.3452 + 6.0759 + 0.0014, alpha: 8.00, time: 12.89s]
2025-11-03 18:02:08.359: [iter 217 : loss : 6.4170 = 0.3410 + 6.0746 + 0.0014, alpha: 8.00, time: 12.83s]
2025-11-03 18:02:21.582: [iter 218 : loss : 6.4141 = 0.3389 + 6.0739 + 0.0014, alpha: 8.00, time: 13.18s]
2025-11-03 18:02:34.557: [iter 219 : loss : 6.4119 = 0.3361 + 6.0744 + 0.0014, alpha: 8.00, time: 12.94s]
2025-11-03 18:02:47.561: [iter 220 : loss : 6.4092 = 0.3311 + 6.0767 + 0.0014, alpha: 8.00, time: 12.97s]
2025-11-03 18:02:47.561: Alpha search done. Best alpha: 8.00 (avg loss=6.4342)
2025-11-03 18:02:47.561: === Training with Best Alpha ===
2025-11-03 18:02:47.561: Using best alpha: 8.00 (avg loss: 6.4342)
2025-11-03 18:03:00.456: [Final training 1/10 : loss : 6.4055, alpha: 8.00, time: 12.86s]
2025-11-03 18:03:13.397: [Final training 2/10 : loss : 6.4045, alpha: 8.00, time: 12.94s]
2025-11-03 18:03:26.259: [Final training 3/10 : loss : 6.4017, alpha: 8.00, time: 12.86s]
2025-11-03 18:03:39.165: [Final training 4/10 : loss : 6.3985, alpha: 8.00, time: 12.91s]
2025-11-03 18:03:52.363: [Final training 5/10 : loss : 6.3980, alpha: 8.00, time: 13.20s]
2025-11-03 18:04:05.436: [Final training 6/10 : loss : 6.3931, alpha: 8.00, time: 13.07s]
2025-11-03 18:04:18.302: [Final training 7/10 : loss : 6.3924, alpha: 8.00, time: 12.87s]
2025-11-03 18:04:31.203: [Final training 8/10 : loss : 6.3906, alpha: 8.00, time: 12.90s]
2025-11-03 18:04:44.298: [Final training 9/10 : loss : 6.3864, alpha: 8.00, time: 13.09s]
2025-11-03 18:04:57.181: [Final training 10/10 : loss : 6.3855, alpha: 8.00, time: 12.88s]
2025-11-03 18:04:57.187: export_final_embeddings done: /mnt/sda1/yuxin/SGL-BiGNAS/SGL-Torch/dataset/all_data/pretrain-embeddings/SGL/n_layers=3/
