2025-11-02 01:12:51.089: my pid: 426512
2025-11-02 01:12:51.089: model: model.general_recommender.SGL
2025-11-02 01:12:51.089: Dataset: all_data, users=2809, items=31062, ratings=110570
2025-11-02 01:12:51.089: NeuRec:[NeuRec]:
recommender=SGL
dataset=all_data
source_domain=amazon-cd
target_domain=amazon-kitchen
file_column=UI
sep=','
gpu_id=0
gpu_mem=0.99
metric=["Precision", "Recall", "NDCG"]
top_k=[20]
test_thread=8
test_batch_size=128
seed=2021
start_testing_epoch=0

SGL:[hyperparameters]:
aug_type=ED
reg=1e-4
embed_size=64
n_layers=3
ssl_reg=0.5
ssl_ratio=0.1
ssl_temp=0.2
ssl_mode=both_side
lr=0.001
learner=adam
adj_type=pre
epochs=1000
batch_size=2048
num_negatives=1
param_init=xavier_uniform
stddev=0.01
verbose=1
stop_cnt=10
pretrain_flag=0
save_flag=1

Command line:
recommender=SGL
dataset=all_data
aug_type=ED
reg=1e-4
n_layers=3
ssl_reg=0.5
ssl_ratio=0.1
ssl_temp=0.2
save_flag=1
2025-11-02 01:13:03.301: [iter 1 : loss : 5.8557 = 0.6921 + 5.1636 + 0.0000, alpha: 0.00, time: 11.57s]
2025-11-02 01:13:14.743: [iter 2 : loss : 5.4367 = 0.6916 + 4.7451 + 0.0000, alpha: 0.00, time: 11.40s]
2025-11-02 01:13:26.204: [iter 3 : loss : 5.2344 = 0.6914 + 4.5430 + 0.0000, alpha: 0.00, time: 11.42s]
2025-11-02 01:13:37.647: [iter 4 : loss : 5.1936 = 0.6913 + 4.5023 + 0.0000, alpha: 0.00, time: 11.41s]
2025-11-02 01:13:49.019: [iter 5 : loss : 5.1803 = 0.6912 + 4.4891 + 0.0000, alpha: 0.00, time: 11.34s]
2025-11-02 01:14:00.420: [iter 6 : loss : 5.1695 = 0.6911 + 4.4784 + 0.0000, alpha: 0.00, time: 11.36s]
2025-11-02 01:14:11.859: [iter 7 : loss : 5.1616 = 0.6910 + 4.4705 + 0.0000, alpha: 0.00, time: 11.40s]
2025-11-02 01:14:23.252: [iter 8 : loss : 5.1558 = 0.6909 + 4.4649 + 0.0000, alpha: 0.00, time: 11.36s]
2025-11-02 01:14:34.712: [iter 9 : loss : 5.1559 = 0.6908 + 4.4651 + 0.0000, alpha: 0.00, time: 11.42s]
2025-11-02 01:14:46.130: [iter 10 : loss : 5.1517 = 0.6907 + 4.4610 + 0.0000, alpha: 0.00, time: 11.38s]
2025-11-02 01:14:57.552: [iter 11 : loss : 5.1475 = 0.6905 + 4.4569 + 0.0000, alpha: 0.00, time: 11.38s]
2025-11-02 01:15:09.013: [iter 12 : loss : 5.1472 = 0.6904 + 4.4568 + 0.0000, alpha: 0.00, time: 11.42s]
2025-11-02 01:15:20.432: [iter 13 : loss : 5.1419 = 0.6903 + 4.4516 + 0.0000, alpha: 0.00, time: 11.38s]
2025-11-02 01:15:31.901: [iter 14 : loss : 5.1425 = 0.6901 + 4.4524 + 0.0000, alpha: 0.00, time: 11.43s]
2025-11-02 01:15:43.316: [iter 15 : loss : 5.1411 = 0.6899 + 4.4511 + 0.0000, alpha: 0.00, time: 11.38s]
2025-11-02 01:15:54.768: [iter 16 : loss : 5.1385 = 0.6898 + 4.4487 + 0.0000, alpha: 0.00, time: 11.41s]
2025-11-02 01:16:06.196: [iter 17 : loss : 5.1389 = 0.6896 + 4.4493 + 0.0000, alpha: 0.00, time: 11.39s]
2025-11-02 01:16:17.632: [iter 18 : loss : 5.1376 = 0.6894 + 4.4481 + 0.0000, alpha: 0.00, time: 11.40s]
2025-11-02 01:16:29.137: [iter 19 : loss : 5.1383 = 0.6892 + 4.4490 + 0.0000, alpha: 0.00, time: 11.47s]
2025-11-02 01:16:40.558: [iter 20 : loss : 5.1354 = 0.6890 + 4.4464 + 0.0000, alpha: 0.00, time: 11.38s]
2025-11-02 01:16:52.014: [iter 21 : loss : 5.1339 = 0.6889 + 4.4450 + 0.0000, alpha: 0.10, time: 11.42s]
2025-11-02 01:17:03.420: [iter 22 : loss : 5.1346 = 0.6886 + 4.4460 + 0.0000, alpha: 0.10, time: 11.37s]
2025-11-02 01:17:14.850: [iter 23 : loss : 5.1351 = 0.6884 + 4.4467 + 0.0000, alpha: 0.10, time: 11.39s]
2025-11-02 01:17:26.329: [iter 24 : loss : 5.1335 = 0.6881 + 4.4454 + 0.0000, alpha: 0.10, time: 11.44s]
2025-11-02 01:17:37.741: [iter 25 : loss : 5.1307 = 0.6879 + 4.4428 + 0.0000, alpha: 0.10, time: 11.38s]
2025-11-02 01:17:49.201: [iter 26 : loss : 5.1304 = 0.6876 + 4.4428 + 0.0000, alpha: 0.10, time: 11.42s]
2025-11-02 01:18:00.696: [iter 27 : loss : 5.1292 = 0.6874 + 4.4418 + 0.0000, alpha: 0.10, time: 11.46s]
2025-11-02 01:18:12.299: [iter 28 : loss : 5.1294 = 0.6871 + 4.4423 + 0.0000, alpha: 0.10, time: 11.56s]
2025-11-02 01:18:23.786: [iter 29 : loss : 5.1272 = 0.6868 + 4.4404 + 0.0000, alpha: 0.10, time: 11.45s]
2025-11-02 01:18:35.291: [iter 30 : loss : 5.1297 = 0.6865 + 4.4432 + 0.0000, alpha: 0.10, time: 11.47s]
2025-11-02 01:18:46.897: [iter 31 : loss : 5.1271 = 0.6861 + 4.4409 + 0.0000, alpha: 0.10, time: 11.57s]
2025-11-02 01:18:58.679: [iter 32 : loss : 5.1251 = 0.6858 + 4.4393 + 0.0000, alpha: 0.10, time: 11.75s]
2025-11-02 01:19:10.250: [iter 33 : loss : 5.1251 = 0.6854 + 4.4396 + 0.0000, alpha: 0.10, time: 11.53s]
2025-11-02 01:19:21.765: [iter 34 : loss : 5.1244 = 0.6851 + 4.4394 + 0.0000, alpha: 0.10, time: 11.48s]
2025-11-02 01:19:33.566: [iter 35 : loss : 5.1250 = 0.6846 + 4.4404 + 0.0000, alpha: 0.10, time: 11.76s]
2025-11-02 01:19:45.406: [iter 36 : loss : 5.1244 = 0.6841 + 4.4403 + 0.0000, alpha: 0.10, time: 11.80s]
2025-11-02 01:19:57.201: [iter 37 : loss : 5.1246 = 0.6837 + 4.4409 + 0.0000, alpha: 0.10, time: 11.76s]
2025-11-02 01:20:09.050: [iter 38 : loss : 5.1236 = 0.6832 + 4.4404 + 0.0000, alpha: 0.10, time: 11.81s]
2025-11-02 01:20:20.835: [iter 39 : loss : 5.1226 = 0.6825 + 4.4401 + 0.0000, alpha: 0.10, time: 11.75s]
2025-11-02 01:20:32.435: [iter 40 : loss : 5.1216 = 0.6821 + 4.4395 + 0.0000, alpha: 0.10, time: 11.56s]
2025-11-02 01:20:43.863: [iter 41 : loss : 5.1210 = 0.6813 + 4.4398 + 0.0000, alpha: 0.20, time: 11.39s]
2025-11-02 01:20:55.477: [iter 42 : loss : 5.1187 = 0.6806 + 4.4381 + 0.0000, alpha: 0.20, time: 11.58s]
2025-11-02 01:21:07.321: [iter 43 : loss : 5.1176 = 0.6801 + 4.4376 + 0.0000, alpha: 0.20, time: 11.81s]
2025-11-02 01:21:19.116: [iter 44 : loss : 5.1197 = 0.6793 + 4.4404 + 0.0000, alpha: 0.20, time: 11.76s]
2025-11-02 01:21:30.575: [iter 45 : loss : 5.1163 = 0.6785 + 4.4378 + 0.0000, alpha: 0.20, time: 11.42s]
2025-11-02 01:21:42.073: [iter 46 : loss : 5.1147 = 0.6779 + 4.4368 + 0.0000, alpha: 0.20, time: 11.46s]
2025-11-02 01:21:53.935: [iter 47 : loss : 5.1166 = 0.6769 + 4.4396 + 0.0000, alpha: 0.20, time: 11.82s]
2025-11-02 01:22:05.531: [iter 48 : loss : 5.1136 = 0.6759 + 4.4377 + 0.0000, alpha: 0.20, time: 11.51s]
2025-11-02 01:22:17.263: [iter 49 : loss : 5.1135 = 0.6749 + 4.4386 + 0.0000, alpha: 0.20, time: 11.69s]
2025-11-02 01:22:29.139: [iter 50 : loss : 5.1115 = 0.6738 + 4.4376 + 0.0000, alpha: 0.20, time: 11.84s]
2025-11-02 01:22:40.927: [iter 51 : loss : 5.1092 = 0.6728 + 4.4364 + 0.0000, alpha: 0.20, time: 11.75s]
2025-11-02 01:22:52.536: [iter 52 : loss : 5.1082 = 0.6717 + 4.4364 + 0.0000, alpha: 0.20, time: 11.57s]
2025-11-02 01:23:03.964: [iter 53 : loss : 5.1086 = 0.6705 + 4.4381 + 0.0000, alpha: 0.20, time: 11.39s]
2025-11-02 01:23:15.697: [iter 54 : loss : 5.1051 = 0.6690 + 4.4360 + 0.0000, alpha: 0.20, time: 11.70s]
2025-11-02 01:23:27.431: [iter 55 : loss : 5.1057 = 0.6681 + 4.4376 + 0.0000, alpha: 0.20, time: 11.70s]
2025-11-02 01:23:38.888: [iter 56 : loss : 5.1028 = 0.6664 + 4.4364 + 0.0000, alpha: 0.20, time: 11.42s]
2025-11-02 01:23:50.503: [iter 57 : loss : 5.1043 = 0.6649 + 4.4394 + 0.0000, alpha: 0.20, time: 11.58s]
2025-11-02 01:24:02.051: [iter 58 : loss : 5.1002 = 0.6634 + 4.4367 + 0.0000, alpha: 0.20, time: 11.51s]
2025-11-02 01:24:13.557: [iter 59 : loss : 5.0981 = 0.6618 + 4.4363 + 0.0000, alpha: 0.20, time: 11.47s]
2025-11-02 01:24:25.336: [iter 60 : loss : 5.0987 = 0.6598 + 4.4389 + 0.0000, alpha: 0.20, time: 11.74s]
2025-11-02 01:24:37.161: [iter 61 : loss : 5.0969 = 0.6578 + 4.4390 + 0.0001, alpha: 0.50, time: 11.79s]
2025-11-02 01:24:48.961: [iter 62 : loss : 5.0951 = 0.6565 + 4.4386 + 0.0001, alpha: 0.50, time: 11.76s]
2025-11-02 01:25:00.752: [iter 63 : loss : 5.0916 = 0.6546 + 4.4370 + 0.0001, alpha: 0.50, time: 11.75s]
2025-11-02 01:25:12.386: [iter 64 : loss : 5.0905 = 0.6523 + 4.4381 + 0.0001, alpha: 0.50, time: 11.60s]
2025-11-02 01:25:24.007: [iter 65 : loss : 5.0876 = 0.6504 + 4.4372 + 0.0001, alpha: 0.50, time: 11.58s]
2025-11-02 01:25:35.879: [iter 66 : loss : 5.0864 = 0.6479 + 4.4384 + 0.0001, alpha: 0.50, time: 11.83s]
2025-11-02 01:25:47.621: [iter 67 : loss : 5.0851 = 0.6456 + 4.4394 + 0.0001, alpha: 0.50, time: 11.70s]
2025-11-02 01:25:59.451: [iter 68 : loss : 5.0816 = 0.6431 + 4.4384 + 0.0001, alpha: 0.50, time: 11.79s]
2025-11-02 01:26:11.154: [iter 69 : loss : 5.0790 = 0.6408 + 4.4382 + 0.0001, alpha: 0.50, time: 11.67s]
2025-11-02 01:26:22.861: [iter 70 : loss : 5.0763 = 0.6384 + 4.4379 + 0.0001, alpha: 0.50, time: 11.67s]
2025-11-02 01:26:34.609: [iter 71 : loss : 5.0729 = 0.6349 + 4.4379 + 0.0001, alpha: 0.50, time: 11.71s]
2025-11-02 01:26:46.039: [iter 72 : loss : 5.0704 = 0.6329 + 4.4374 + 0.0001, alpha: 0.50, time: 11.39s]
2025-11-02 01:26:57.695: [iter 73 : loss : 5.0679 = 0.6301 + 4.4378 + 0.0001, alpha: 0.50, time: 11.62s]
2025-11-02 01:27:09.149: [iter 74 : loss : 5.0657 = 0.6266 + 4.4390 + 0.0001, alpha: 0.50, time: 11.42s]
2025-11-02 01:27:20.842: [iter 75 : loss : 5.0619 = 0.6240 + 4.4378 + 0.0001, alpha: 0.50, time: 11.66s]
2025-11-02 01:27:32.447: [iter 76 : loss : 5.0598 = 0.6203 + 4.4394 + 0.0001, alpha: 0.50, time: 11.57s]
2025-11-02 01:27:44.237: [iter 77 : loss : 5.0553 = 0.6174 + 4.4378 + 0.0001, alpha: 0.50, time: 11.75s]
2025-11-02 01:27:56.048: [iter 78 : loss : 5.0530 = 0.6133 + 4.4396 + 0.0001, alpha: 0.50, time: 11.77s]
2025-11-02 01:28:07.864: [iter 79 : loss : 5.0490 = 0.6094 + 4.4395 + 0.0001, alpha: 0.50, time: 11.78s]
2025-11-02 01:28:19.725: [iter 80 : loss : 5.0443 = 0.6061 + 4.4380 + 0.0001, alpha: 0.50, time: 11.82s]
2025-11-02 01:28:31.517: [iter 81 : loss : 5.0421 = 0.6026 + 4.4394 + 0.0001, alpha: 1.00, time: 11.75s]
2025-11-02 01:28:43.083: [iter 82 : loss : 5.0390 = 0.5982 + 4.4407 + 0.0001, alpha: 1.00, time: 11.53s]
2025-11-02 01:28:54.881: [iter 83 : loss : 5.0342 = 0.5935 + 4.4405 + 0.0001, alpha: 1.00, time: 11.76s]
2025-11-02 01:29:06.366: [iter 84 : loss : 5.0313 = 0.5900 + 4.4412 + 0.0001, alpha: 1.00, time: 11.45s]
2025-11-02 01:29:18.107: [iter 85 : loss : 5.0275 = 0.5862 + 4.4411 + 0.0001, alpha: 1.00, time: 11.70s]
2025-11-02 01:29:29.891: [iter 86 : loss : 5.0219 = 0.5818 + 4.4399 + 0.0002, alpha: 1.00, time: 11.74s]
2025-11-02 01:29:41.703: [iter 87 : loss : 5.0177 = 0.5761 + 4.4414 + 0.0002, alpha: 1.00, time: 11.77s]
2025-11-02 01:29:53.461: [iter 88 : loss : 5.0146 = 0.5718 + 4.4427 + 0.0002, alpha: 1.00, time: 11.72s]
2025-11-02 01:30:05.173: [iter 89 : loss : 5.0086 = 0.5673 + 4.4412 + 0.0002, alpha: 1.00, time: 11.67s]
2025-11-02 01:30:16.689: [iter 90 : loss : 5.0048 = 0.5620 + 4.4426 + 0.0002, alpha: 1.00, time: 11.48s]
2025-11-02 01:30:28.349: [iter 91 : loss : 5.0000 = 0.5570 + 4.4429 + 0.0002, alpha: 1.00, time: 11.62s]
2025-11-02 01:30:40.348: [iter 92 : loss : 4.9946 = 0.5518 + 4.4426 + 0.0002, alpha: 1.00, time: 11.96s]
2025-11-02 01:30:52.202: [iter 93 : loss : 4.9889 = 0.5460 + 4.4426 + 0.0002, alpha: 1.00, time: 11.82s]
2025-11-02 01:31:04.036: [iter 94 : loss : 4.9833 = 0.5413 + 4.4418 + 0.0002, alpha: 1.00, time: 11.80s]
2025-11-02 01:31:15.700: [iter 95 : loss : 4.9804 = 0.5356 + 4.4446 + 0.0002, alpha: 1.00, time: 11.59s]
2025-11-02 01:31:27.270: [iter 96 : loss : 4.9740 = 0.5297 + 4.4441 + 0.0002, alpha: 1.00, time: 11.53s]
2025-11-02 01:31:39.223: [iter 97 : loss : 4.9680 = 0.5239 + 4.4438 + 0.0003, alpha: 1.00, time: 11.91s]
2025-11-02 01:31:51.117: [iter 98 : loss : 4.9643 = 0.5193 + 4.4447 + 0.0003, alpha: 1.00, time: 11.85s]
2025-11-02 01:32:02.975: [iter 99 : loss : 4.9569 = 0.5129 + 4.4437 + 0.0003, alpha: 1.00, time: 11.82s]
2025-11-02 01:32:14.747: [iter 100 : loss : 4.9517 = 0.5064 + 4.4450 + 0.0003, alpha: 1.00, time: 11.73s]
2025-11-02 01:32:26.520: [iter 101 : loss : 4.9464 = 0.5005 + 4.4456 + 0.0003, alpha: 2.00, time: 11.73s]
2025-11-02 01:32:38.347: [iter 102 : loss : 4.9369 = 0.4917 + 4.4449 + 0.0003, alpha: 2.00, time: 11.79s]
2025-11-02 01:32:50.186: [iter 103 : loss : 4.9359 = 0.4881 + 4.4475 + 0.0003, alpha: 2.00, time: 11.80s]
2025-11-02 01:33:02.055: [iter 104 : loss : 4.9274 = 0.4796 + 4.4474 + 0.0003, alpha: 2.00, time: 11.83s]
2025-11-02 01:33:13.828: [iter 105 : loss : 4.9223 = 0.4728 + 4.4492 + 0.0004, alpha: 2.00, time: 11.73s]
2025-11-02 01:33:25.445: [iter 106 : loss : 4.9151 = 0.4668 + 4.4479 + 0.0004, alpha: 2.00, time: 11.58s]
2025-11-02 01:33:37.135: [iter 107 : loss : 4.9086 = 0.4596 + 4.4487 + 0.0004, alpha: 2.00, time: 11.61s]
2025-11-02 01:33:48.923: [iter 108 : loss : 4.9029 = 0.4526 + 4.4499 + 0.0004, alpha: 2.00, time: 11.75s]
2025-11-02 01:34:00.838: [iter 109 : loss : 4.8967 = 0.4449 + 4.4513 + 0.0004, alpha: 2.00, time: 11.87s]
2025-11-02 01:34:12.648: [iter 110 : loss : 4.8883 = 0.4377 + 4.4502 + 0.0004, alpha: 2.00, time: 11.77s]
2025-11-02 01:34:24.549: [iter 111 : loss : 4.8815 = 0.4305 + 4.4505 + 0.0004, alpha: 2.00, time: 11.86s]
2025-11-02 01:34:36.383: [iter 112 : loss : 4.8762 = 0.4224 + 4.4533 + 0.0005, alpha: 2.00, time: 11.80s]
2025-11-02 01:34:48.214: [iter 113 : loss : 4.8679 = 0.4159 + 4.4515 + 0.0005, alpha: 2.00, time: 11.79s]
2025-11-02 01:35:00.066: [iter 114 : loss : 4.8613 = 0.4071 + 4.4537 + 0.0005, alpha: 2.00, time: 11.81s]
2025-11-02 01:35:11.856: [iter 115 : loss : 4.8527 = 0.3996 + 4.4525 + 0.0005, alpha: 2.00, time: 11.75s]
2025-11-02 01:35:23.676: [iter 116 : loss : 4.8452 = 0.3910 + 4.4536 + 0.0005, alpha: 2.00, time: 11.78s]
2025-11-02 01:35:35.458: [iter 117 : loss : 4.8382 = 0.3824 + 4.4552 + 0.0006, alpha: 2.00, time: 11.74s]
2025-11-02 01:35:47.191: [iter 118 : loss : 4.8320 = 0.3754 + 4.4560 + 0.0006, alpha: 2.00, time: 11.70s]
2025-11-02 01:35:58.958: [iter 119 : loss : 4.8233 = 0.3658 + 4.4569 + 0.0006, alpha: 2.00, time: 11.69s]
2025-11-02 01:36:10.819: [iter 120 : loss : 4.8167 = 0.3576 + 4.4584 + 0.0006, alpha: 2.00, time: 11.82s]
2025-11-02 01:36:22.547: [iter 121 : loss : 4.8079 = 0.3497 + 4.4575 + 0.0007, alpha: 5.00, time: 11.69s]
2025-11-02 01:36:34.167: [iter 122 : loss : 4.8013 = 0.3400 + 4.4606 + 0.0007, alpha: 5.00, time: 11.58s]
2025-11-02 01:36:45.949: [iter 123 : loss : 4.7948 = 0.3326 + 4.4615 + 0.0007, alpha: 5.00, time: 11.74s]
2025-11-02 01:36:57.778: [iter 124 : loss : 4.7844 = 0.3229 + 4.4608 + 0.0007, alpha: 5.00, time: 11.79s]
2025-11-02 01:37:09.588: [iter 125 : loss : 4.7780 = 0.3151 + 4.4622 + 0.0007, alpha: 5.00, time: 11.77s]
2025-11-02 01:37:21.458: [iter 126 : loss : 4.7699 = 0.3053 + 4.4639 + 0.0008, alpha: 5.00, time: 11.83s]
2025-11-02 01:37:33.354: [iter 127 : loss : 4.7608 = 0.2967 + 4.4632 + 0.0008, alpha: 5.00, time: 11.86s]
2025-11-02 01:37:45.171: [iter 128 : loss : 4.7535 = 0.2880 + 4.4647 + 0.0008, alpha: 5.00, time: 11.78s]
2025-11-02 01:37:56.799: [iter 129 : loss : 4.7456 = 0.2789 + 4.4658 + 0.0009, alpha: 5.00, time: 11.59s]
2025-11-02 01:38:08.649: [iter 130 : loss : 4.7378 = 0.2713 + 4.4656 + 0.0009, alpha: 5.00, time: 11.81s]
2025-11-02 01:38:20.614: [iter 131 : loss : 4.7301 = 0.2618 + 4.4674 + 0.0009, alpha: 5.00, time: 11.93s]
2025-11-02 01:38:32.436: [iter 132 : loss : 4.7233 = 0.2540 + 4.4683 + 0.0009, alpha: 5.00, time: 11.78s]
2025-11-02 01:38:44.334: [iter 133 : loss : 4.7147 = 0.2429 + 4.4708 + 0.0010, alpha: 5.00, time: 11.86s]
2025-11-02 01:38:56.213: [iter 134 : loss : 4.7058 = 0.2359 + 4.4688 + 0.0010, alpha: 5.00, time: 11.84s]
2025-11-02 01:39:08.140: [iter 135 : loss : 4.6989 = 0.2287 + 4.4692 + 0.0010, alpha: 5.00, time: 11.89s]
2025-11-02 01:39:19.985: [iter 136 : loss : 4.6926 = 0.2209 + 4.4706 + 0.0011, alpha: 5.00, time: 11.81s]
2025-11-02 01:39:31.845: [iter 137 : loss : 4.6864 = 0.2128 + 4.4725 + 0.0011, alpha: 5.00, time: 11.82s]
2025-11-02 01:39:43.758: [iter 138 : loss : 4.6760 = 0.2049 + 4.4699 + 0.0011, alpha: 5.00, time: 11.88s]
2025-11-02 01:39:55.605: [iter 139 : loss : 4.6707 = 0.1965 + 4.4731 + 0.0012, alpha: 5.00, time: 11.81s]
2025-11-02 01:40:07.515: [iter 140 : loss : 4.6652 = 0.1906 + 4.4735 + 0.0012, alpha: 5.00, time: 11.87s]
2025-11-02 01:40:19.356: [iter 141 : loss : 4.6583 = 0.1832 + 4.4739 + 0.0012, alpha: 5.50, time: 11.80s]
2025-11-02 01:40:31.213: [iter 142 : loss : 4.6506 = 0.1744 + 4.4749 + 0.0012, alpha: 5.50, time: 11.82s]
2025-11-02 01:40:42.854: [iter 143 : loss : 4.6457 = 0.1698 + 4.4747 + 0.0013, alpha: 5.50, time: 11.60s]
2025-11-02 01:40:54.294: [iter 144 : loss : 4.6378 = 0.1623 + 4.4742 + 0.0013, alpha: 5.50, time: 11.40s]
2025-11-02 01:41:06.107: [iter 145 : loss : 4.6343 = 0.1569 + 4.4761 + 0.0013, alpha: 5.50, time: 11.78s]
2025-11-02 01:41:17.962: [iter 146 : loss : 4.6280 = 0.1512 + 4.4755 + 0.0014, alpha: 5.50, time: 11.82s]
2025-11-02 01:41:29.926: [iter 147 : loss : 4.6232 = 0.1455 + 4.4763 + 0.0014, alpha: 5.50, time: 11.92s]
2025-11-02 01:41:41.817: [iter 148 : loss : 4.6184 = 0.1397 + 4.4773 + 0.0014, alpha: 5.50, time: 11.85s]
2025-11-02 01:41:53.658: [iter 149 : loss : 4.6122 = 0.1338 + 4.4769 + 0.0015, alpha: 5.50, time: 11.80s]
2025-11-02 01:42:05.513: [iter 150 : loss : 4.6066 = 0.1289 + 4.4763 + 0.0015, alpha: 5.50, time: 11.81s]
2025-11-02 01:42:17.300: [iter 151 : loss : 4.6037 = 0.1231 + 4.4791 + 0.0015, alpha: 5.50, time: 11.75s]
2025-11-02 01:42:29.124: [iter 152 : loss : 4.5979 = 0.1188 + 4.4776 + 0.0016, alpha: 5.50, time: 11.79s]
2025-11-02 01:42:40.865: [iter 153 : loss : 4.5928 = 0.1133 + 4.4779 + 0.0016, alpha: 5.50, time: 11.70s]
2025-11-02 01:42:52.492: [iter 154 : loss : 4.5897 = 0.1090 + 4.4791 + 0.0016, alpha: 5.50, time: 11.59s]
2025-11-02 01:43:04.190: [iter 155 : loss : 4.5852 = 0.1046 + 4.4790 + 0.0016, alpha: 5.50, time: 11.66s]
2025-11-02 01:43:15.731: [iter 156 : loss : 4.5806 = 0.1002 + 4.4788 + 0.0017, alpha: 5.50, time: 11.50s]
2025-11-02 01:43:27.699: [iter 157 : loss : 4.5778 = 0.0963 + 4.4797 + 0.0017, alpha: 5.50, time: 11.93s]
2025-11-02 01:43:39.549: [iter 158 : loss : 4.5727 = 0.0924 + 4.4786 + 0.0017, alpha: 5.50, time: 11.81s]
2025-11-02 01:43:51.461: [iter 159 : loss : 4.5715 = 0.0904 + 4.4794 + 0.0018, alpha: 5.50, time: 11.88s]
2025-11-02 01:44:03.327: [iter 160 : loss : 4.5680 = 0.0859 + 4.4803 + 0.0018, alpha: 5.50, time: 11.83s]
2025-11-02 01:44:15.215: [iter 161 : loss : 4.5644 = 0.0825 + 4.4800 + 0.0018, alpha: 6.00, time: 11.85s]
2025-11-02 01:44:27.151: [iter 162 : loss : 4.5620 = 0.0790 + 4.4811 + 0.0018, alpha: 6.00, time: 11.90s]
2025-11-02 01:44:39.009: [iter 163 : loss : 4.5590 = 0.0770 + 4.4801 + 0.0019, alpha: 6.00, time: 11.82s]
2025-11-02 01:44:50.869: [iter 164 : loss : 4.5539 = 0.0732 + 4.4788 + 0.0019, alpha: 6.00, time: 11.82s]
2025-11-02 01:45:02.573: [iter 165 : loss : 4.5532 = 0.0712 + 4.4801 + 0.0019, alpha: 6.00, time: 11.67s]
2025-11-02 01:45:14.154: [iter 166 : loss : 4.5522 = 0.0689 + 4.4814 + 0.0020, alpha: 6.00, time: 11.54s]
2025-11-02 01:45:26.069: [iter 167 : loss : 4.5488 = 0.0662 + 4.4807 + 0.0020, alpha: 6.00, time: 11.84s]
2025-11-02 01:45:37.953: [iter 168 : loss : 4.5458 = 0.0636 + 4.4803 + 0.0020, alpha: 6.00, time: 11.84s]
2025-11-02 01:45:49.903: [iter 169 : loss : 4.5453 = 0.0622 + 4.4811 + 0.0020, alpha: 6.00, time: 11.91s]
2025-11-02 01:46:01.809: [iter 170 : loss : 4.5444 = 0.0597 + 4.4827 + 0.0021, alpha: 6.00, time: 11.86s]
2025-11-02 01:46:13.712: [iter 171 : loss : 4.5408 = 0.0574 + 4.4813 + 0.0021, alpha: 6.00, time: 11.87s]
2025-11-02 01:46:25.598: [iter 172 : loss : 4.5377 = 0.0552 + 4.4803 + 0.0021, alpha: 6.00, time: 11.85s]
2025-11-02 01:46:37.520: [iter 173 : loss : 4.5357 = 0.0536 + 4.4799 + 0.0021, alpha: 6.00, time: 11.88s]
2025-11-02 01:46:49.387: [iter 174 : loss : 4.5337 = 0.0521 + 4.4794 + 0.0022, alpha: 6.00, time: 11.83s]
2025-11-02 01:47:01.231: [iter 175 : loss : 4.5312 = 0.0506 + 4.4784 + 0.0022, alpha: 6.00, time: 11.80s]
2025-11-02 01:47:13.103: [iter 176 : loss : 4.5321 = 0.0490 + 4.4808 + 0.0022, alpha: 6.00, time: 11.83s]
2025-11-02 01:47:24.966: [iter 177 : loss : 4.5257 = 0.0472 + 4.4762 + 0.0023, alpha: 6.00, time: 11.82s]
2025-11-02 01:47:36.871: [iter 178 : loss : 4.5250 = 0.0461 + 4.4767 + 0.0023, alpha: 6.00, time: 11.87s]
2025-11-02 01:47:48.750: [iter 179 : loss : 4.5262 = 0.0445 + 4.4794 + 0.0023, alpha: 6.00, time: 11.84s]
2025-11-02 01:48:00.317: [iter 180 : loss : 4.5261 = 0.0430 + 4.4808 + 0.0023, alpha: 6.00, time: 11.53s]
2025-11-02 01:48:11.933: [iter 181 : loss : 4.5214 = 0.0414 + 4.4777 + 0.0024, alpha: 7.00, time: 11.58s]
2025-11-02 01:48:23.852: [iter 182 : loss : 4.5191 = 0.0408 + 4.4760 + 0.0024, alpha: 7.00, time: 11.88s]
2025-11-02 01:48:35.789: [iter 183 : loss : 4.5218 = 0.0396 + 4.4798 + 0.0024, alpha: 7.00, time: 11.90s]
2025-11-02 01:48:47.672: [iter 184 : loss : 4.5196 = 0.0382 + 4.4790 + 0.0024, alpha: 7.00, time: 11.84s]
2025-11-02 01:48:59.554: [iter 185 : loss : 4.5175 = 0.0374 + 4.4776 + 0.0025, alpha: 7.00, time: 11.84s]
2025-11-02 01:49:11.381: [iter 186 : loss : 4.5160 = 0.0367 + 4.4768 + 0.0025, alpha: 7.00, time: 11.79s]
2025-11-02 01:49:23.267: [iter 187 : loss : 4.5142 = 0.0354 + 4.4762 + 0.0025, alpha: 7.00, time: 11.85s]
2025-11-02 01:49:35.109: [iter 188 : loss : 4.5140 = 0.0348 + 4.4766 + 0.0025, alpha: 7.00, time: 11.80s]
2025-11-02 01:49:46.969: [iter 189 : loss : 4.5124 = 0.0342 + 4.4757 + 0.0025, alpha: 7.00, time: 11.82s]
2025-11-02 01:49:58.741: [iter 190 : loss : 4.5108 = 0.0327 + 4.4755 + 0.0026, alpha: 7.00, time: 11.73s]
2025-11-02 01:50:10.607: [iter 191 : loss : 4.5103 = 0.0322 + 4.4755 + 0.0026, alpha: 7.00, time: 11.82s]
2025-11-02 01:50:22.480: [iter 192 : loss : 4.5110 = 0.0311 + 4.4773 + 0.0026, alpha: 7.00, time: 11.84s]
2025-11-02 01:50:34.297: [iter 193 : loss : 4.5083 = 0.0307 + 4.4749 + 0.0026, alpha: 7.00, time: 11.78s]
2025-11-02 01:50:46.157: [iter 194 : loss : 4.5079 = 0.0294 + 4.4758 + 0.0027, alpha: 7.00, time: 11.82s]
2025-11-02 01:50:57.821: [iter 195 : loss : 4.5072 = 0.0296 + 4.4749 + 0.0027, alpha: 7.00, time: 11.63s]
2025-11-02 01:51:09.339: [iter 196 : loss : 4.5052 = 0.0280 + 4.4744 + 0.0027, alpha: 7.00, time: 11.48s]
2025-11-02 01:51:21.284: [iter 197 : loss : 4.5052 = 0.0282 + 4.4743 + 0.0027, alpha: 7.00, time: 11.90s]
2025-11-02 01:51:33.147: [iter 198 : loss : 4.5039 = 0.0277 + 4.4734 + 0.0028, alpha: 7.00, time: 11.82s]
2025-11-02 01:51:45.098: [iter 199 : loss : 4.5047 = 0.0268 + 4.4750 + 0.0028, alpha: 7.00, time: 11.91s]
2025-11-02 01:51:56.934: [iter 200 : loss : 4.5011 = 0.0263 + 4.4720 + 0.0028, alpha: 7.00, time: 11.79s]
2025-11-02 01:52:08.854: [iter 201 : loss : 4.5025 = 0.0256 + 4.4741 + 0.0028, alpha: 8.00, time: 11.88s]
2025-11-02 01:52:20.482: [iter 202 : loss : 4.5012 = 0.0249 + 4.4734 + 0.0029, alpha: 8.00, time: 11.59s]
2025-11-02 01:52:32.315: [iter 203 : loss : 4.5013 = 0.0246 + 4.4738 + 0.0029, alpha: 8.00, time: 11.79s]
2025-11-02 01:52:44.178: [iter 204 : loss : 4.4990 = 0.0239 + 4.4723 + 0.0029, alpha: 8.00, time: 11.83s]
2025-11-02 01:52:55.953: [iter 205 : loss : 4.4971 = 0.0234 + 4.4708 + 0.0029, alpha: 8.00, time: 11.73s]
2025-11-02 01:53:07.811: [iter 206 : loss : 4.4967 = 0.0233 + 4.4704 + 0.0029, alpha: 8.00, time: 11.82s]
2025-11-02 01:53:19.625: [iter 207 : loss : 4.4969 = 0.0226 + 4.4713 + 0.0030, alpha: 8.00, time: 11.77s]
2025-11-02 01:53:31.429: [iter 208 : loss : 4.4956 = 0.0225 + 4.4701 + 0.0030, alpha: 8.00, time: 11.77s]
2025-11-02 01:53:43.308: [iter 209 : loss : 4.4948 = 0.0222 + 4.4695 + 0.0030, alpha: 8.00, time: 11.84s]
2025-11-02 01:53:55.086: [iter 210 : loss : 4.4964 = 0.0214 + 4.4720 + 0.0030, alpha: 8.00, time: 11.74s]
2025-11-02 01:54:06.954: [iter 211 : loss : 4.4937 = 0.0214 + 4.4693 + 0.0031, alpha: 8.00, time: 11.83s]
2025-11-02 01:54:18.736: [iter 212 : loss : 4.4950 = 0.0205 + 4.4714 + 0.0031, alpha: 8.00, time: 11.74s]
2025-11-02 01:54:30.550: [iter 213 : loss : 4.4958 = 0.0207 + 4.4720 + 0.0031, alpha: 8.00, time: 11.78s]
2025-11-02 01:54:42.420: [iter 214 : loss : 4.4937 = 0.0202 + 4.4703 + 0.0031, alpha: 8.00, time: 11.79s]
2025-11-02 01:54:54.250: [iter 215 : loss : 4.4936 = 0.0200 + 4.4704 + 0.0032, alpha: 8.00, time: 11.79s]
2025-11-02 01:55:06.115: [iter 216 : loss : 4.4937 = 0.0192 + 4.4713 + 0.0032, alpha: 8.00, time: 11.83s]
2025-11-02 01:55:17.736: [iter 217 : loss : 4.4920 = 0.0189 + 4.4699 + 0.0032, alpha: 8.00, time: 11.58s]
2025-11-02 01:55:29.323: [iter 218 : loss : 4.4898 = 0.0187 + 4.4678 + 0.0032, alpha: 8.00, time: 11.55s]
2025-11-02 01:55:41.193: [iter 219 : loss : 4.4907 = 0.0189 + 4.4686 + 0.0032, alpha: 8.00, time: 11.83s]
2025-11-02 01:55:52.992: [iter 220 : loss : 4.4906 = 0.0184 + 4.4689 + 0.0033, alpha: 8.00, time: 11.76s]
2025-11-02 01:55:52.992: Alpha search done. Best alpha: 8.00 (avg loss=4.4955)
2025-11-02 01:55:52.992: === Training with Best Alpha ===
2025-11-02 01:55:52.992: Using best alpha: 8.00 (avg loss: 4.4955)
2025-11-02 01:56:04.882: [Final training 1/10 : loss : 4.4882, alpha: 8.00, time: 11.85s]
2025-11-02 01:56:04.882: user-aware tau mean (epoch 1): 0.0676
2025-11-02 01:56:16.689: [Final training 2/10 : loss : 4.4904, alpha: 8.00, time: 11.81s]
2025-11-02 01:56:16.689: user-aware tau mean (epoch 2): 0.0677
2025-11-02 01:56:28.466: [Final training 3/10 : loss : 4.4894, alpha: 8.00, time: 11.78s]
2025-11-02 01:56:28.466: user-aware tau mean (epoch 3): 0.0676
2025-11-02 01:56:40.257: [Final training 4/10 : loss : 4.4873, alpha: 8.00, time: 11.79s]
2025-11-02 01:56:40.257: user-aware tau mean (epoch 4): 0.0676
2025-11-02 01:56:52.069: [Final training 5/10 : loss : 4.4872, alpha: 8.00, time: 11.81s]
2025-11-02 01:56:52.069: user-aware tau mean (epoch 5): 0.0676
2025-11-02 01:57:03.893: [Final training 6/10 : loss : 4.4868, alpha: 8.00, time: 11.82s]
2025-11-02 01:57:03.893: user-aware tau mean (epoch 6): 0.0676
2025-11-02 01:57:15.653: [Final training 7/10 : loss : 4.4867, alpha: 8.00, time: 11.76s]
2025-11-02 01:57:15.653: user-aware tau mean (epoch 7): 0.0676
2025-11-02 01:57:27.455: [Final training 8/10 : loss : 4.4869, alpha: 8.00, time: 11.80s]
2025-11-02 01:57:27.456: user-aware tau mean (epoch 8): 0.0676
2025-11-02 01:57:39.207: [Final training 9/10 : loss : 4.4857, alpha: 8.00, time: 11.75s]
2025-11-02 01:57:39.207: user-aware tau mean (epoch 9): 0.0676
2025-11-02 01:57:50.982: [Final training 10/10 : loss : 4.4850, alpha: 8.00, time: 11.77s]
2025-11-02 01:57:50.982: user-aware tau mean (epoch 10): 0.0676
2025-11-02 01:57:50.998: export_final_embeddings done: /mnt/sda1/yuxin/SGL-BiGNAS/SGL-Torch/dataset/all_data/pretrain-embeddings/SGL/n_layers=3/
