2025-10-27 22:31:48.433: my pid: 354118
2025-10-27 22:31:48.434: model: model.general_recommender.SGL
2025-10-27 22:31:48.434: Dataset: all_data, users=2809, items=31062, ratings=110570
2025-10-27 22:31:48.434: NeuRec:[NeuRec]:
recommender=SGL
dataset=all_data
source_domain=amazon-cd
target_domain=amazon-kitchen
file_column=UI
sep=','
gpu_id=0
gpu_mem=0.99
metric=["Precision", "Recall", "NDCG"]
top_k=[20]
test_thread=8
test_batch_size=128
seed=2021
start_testing_epoch=0

SGL:[hyperparameters]:
aug_type=ED
reg=1e-4
embed_size=64
n_layers=3
ssl_reg=0.1
ssl_ratio=0.1
ssl_temp=0.2
ssl_mode=both_side
lr=0.001
learner=adam
adj_type=pre
epochs=1000
batch_size=2048
num_negatives=1
param_init=xavier_uniform
stddev=0.01
verbose=1
stop_cnt=10
pretrain_flag=0
save_flag=1

Command line:
dataset=all_data
model=SGL
save_flag=1
2025-10-27 22:32:00.792: [iter 1 : loss : 2.9529 = 0.6918 + 2.2610 + 0.0000, alpha: 0.00, time: 11.53s]
2025-10-27 22:32:12.203: [iter 2 : loss : 2.4106 = 0.6906 + 1.7199 + 0.0000, alpha: 0.00, time: 11.37s]
2025-10-27 22:32:23.571: [iter 3 : loss : 2.3864 = 0.6903 + 1.6960 + 0.0000, alpha: 0.00, time: 11.33s]
2025-10-27 22:32:34.981: [iter 4 : loss : 2.3776 = 0.6901 + 1.6875 + 0.0000, alpha: 0.00, time: 11.37s]
2025-10-27 22:32:46.355: [iter 5 : loss : 2.3728 = 0.6899 + 1.6829 + 0.0000, alpha: 0.00, time: 11.34s]
2025-10-27 22:32:57.728: [iter 6 : loss : 2.3683 = 0.6896 + 1.6787 + 0.0000, alpha: 0.00, time: 11.34s]
2025-10-27 22:33:09.141: [iter 7 : loss : 2.3653 = 0.6893 + 1.6760 + 0.0000, alpha: 0.00, time: 11.38s]
2025-10-27 22:33:20.526: [iter 8 : loss : 2.3628 = 0.6890 + 1.6738 + 0.0000, alpha: 0.00, time: 11.35s]
2025-10-27 22:33:32.015: [iter 9 : loss : 2.3610 = 0.6887 + 1.6724 + 0.0000, alpha: 0.00, time: 11.45s]
2025-10-27 22:33:43.405: [iter 10 : loss : 2.3592 = 0.6883 + 1.6709 + 0.0000, alpha: 0.00, time: 11.35s]
2025-10-27 22:33:54.793: [iter 11 : loss : 2.3576 = 0.6879 + 1.6697 + 0.0000, alpha: 0.00, time: 11.35s]
2025-10-27 22:34:06.217: [iter 12 : loss : 2.3566 = 0.6876 + 1.6690 + 0.0000, alpha: 0.00, time: 11.39s]
2025-10-27 22:34:17.608: [iter 13 : loss : 2.3548 = 0.6871 + 1.6677 + 0.0000, alpha: 0.00, time: 11.35s]
2025-10-27 22:34:29.040: [iter 14 : loss : 2.3534 = 0.6866 + 1.6668 + 0.0000, alpha: 0.00, time: 11.39s]
2025-10-27 22:34:40.433: [iter 15 : loss : 2.3524 = 0.6861 + 1.6663 + 0.0000, alpha: 0.00, time: 11.36s]
2025-10-27 22:34:51.837: [iter 16 : loss : 2.3511 = 0.6856 + 1.6655 + 0.0000, alpha: 0.00, time: 11.37s]
2025-10-27 22:35:03.226: [iter 17 : loss : 2.3500 = 0.6850 + 1.6651 + 0.0000, alpha: 0.00, time: 11.35s]
2025-10-27 22:35:14.624: [iter 18 : loss : 2.3488 = 0.6843 + 1.6645 + 0.0000, alpha: 0.00, time: 11.36s]
2025-10-27 22:35:26.053: [iter 19 : loss : 2.3480 = 0.6837 + 1.6643 + 0.0000, alpha: 0.00, time: 11.39s]
2025-10-27 22:35:37.459: [iter 20 : loss : 2.3463 = 0.6829 + 1.6634 + 0.0000, alpha: 0.00, time: 11.37s]
2025-10-27 22:35:48.898: [iter 21 : loss : 2.3452 = 0.6820 + 1.6632 + 0.0000, alpha: 0.10, time: 11.40s]
2025-10-27 22:36:00.266: [iter 22 : loss : 2.3441 = 0.6811 + 1.6629 + 0.0000, alpha: 0.10, time: 11.33s]
2025-10-27 22:36:11.653: [iter 23 : loss : 2.3430 = 0.6802 + 1.6628 + 0.0000, alpha: 0.10, time: 11.35s]
2025-10-27 22:36:23.079: [iter 24 : loss : 2.3413 = 0.6790 + 1.6623 + 0.0000, alpha: 0.10, time: 11.39s]
2025-10-27 22:36:34.514: [iter 25 : loss : 2.3396 = 0.6778 + 1.6618 + 0.0000, alpha: 0.10, time: 11.40s]
2025-10-27 22:36:45.944: [iter 26 : loss : 2.3379 = 0.6764 + 1.6616 + 0.0000, alpha: 0.10, time: 11.39s]
2025-10-27 22:36:57.335: [iter 27 : loss : 2.3363 = 0.6750 + 1.6613 + 0.0000, alpha: 0.10, time: 11.35s]
2025-10-27 22:37:08.779: [iter 28 : loss : 2.3345 = 0.6732 + 1.6613 + 0.0000, alpha: 0.10, time: 11.41s]
2025-10-27 22:37:20.179: [iter 29 : loss : 2.3322 = 0.6715 + 1.6607 + 0.0000, alpha: 0.10, time: 11.36s]
2025-10-27 22:37:31.606: [iter 30 : loss : 2.3303 = 0.6694 + 1.6609 + 0.0000, alpha: 0.10, time: 11.39s]
2025-10-27 22:37:43.062: [iter 31 : loss : 2.3278 = 0.6672 + 1.6606 + 0.0000, alpha: 0.10, time: 11.42s]
2025-10-27 22:37:54.442: [iter 32 : loss : 2.3248 = 0.6643 + 1.6605 + 0.0000, alpha: 0.10, time: 11.34s]
2025-10-27 22:38:05.886: [iter 33 : loss : 2.3218 = 0.6616 + 1.6602 + 0.0000, alpha: 0.10, time: 11.41s]
2025-10-27 22:38:17.283: [iter 34 : loss : 2.3184 = 0.6583 + 1.6600 + 0.0000, alpha: 0.10, time: 11.36s]
2025-10-27 22:38:28.691: [iter 35 : loss : 2.3152 = 0.6549 + 1.6602 + 0.0000, alpha: 0.10, time: 11.37s]
2025-10-27 22:38:40.134: [iter 36 : loss : 2.3113 = 0.6511 + 1.6601 + 0.0000, alpha: 0.10, time: 11.41s]
2025-10-27 22:38:51.524: [iter 37 : loss : 2.3070 = 0.6469 + 1.6600 + 0.0001, alpha: 0.10, time: 11.35s]
2025-10-27 22:39:02.987: [iter 38 : loss : 2.3028 = 0.6424 + 1.6604 + 0.0001, alpha: 0.10, time: 11.42s]
2025-10-27 22:39:14.391: [iter 39 : loss : 2.2978 = 0.6373 + 1.6604 + 0.0001, alpha: 0.10, time: 11.37s]
2025-10-27 22:39:25.851: [iter 40 : loss : 2.2921 = 0.6315 + 1.6605 + 0.0001, alpha: 0.10, time: 11.42s]
2025-10-27 22:39:37.368: [iter 41 : loss : 2.2861 = 0.6254 + 1.6607 + 0.0001, alpha: 0.20, time: 11.48s]
2025-10-27 22:39:48.771: [iter 42 : loss : 2.2796 = 0.6188 + 1.6607 + 0.0001, alpha: 0.20, time: 11.37s]
2025-10-27 22:40:00.284: [iter 43 : loss : 2.2723 = 0.6116 + 1.6606 + 0.0001, alpha: 0.20, time: 11.48s]
2025-10-27 22:40:11.700: [iter 44 : loss : 2.2659 = 0.6045 + 1.6613 + 0.0001, alpha: 0.20, time: 11.38s]
2025-10-27 22:40:23.151: [iter 45 : loss : 2.2585 = 0.5972 + 1.6612 + 0.0001, alpha: 0.20, time: 11.41s]
2025-10-27 22:40:34.558: [iter 46 : loss : 2.2497 = 0.5885 + 1.6611 + 0.0001, alpha: 0.20, time: 11.37s]
2025-10-27 22:40:45.971: [iter 47 : loss : 2.2423 = 0.5803 + 1.6619 + 0.0001, alpha: 0.20, time: 11.38s]
2025-10-27 22:40:57.398: [iter 48 : loss : 2.2337 = 0.5716 + 1.6619 + 0.0001, alpha: 0.20, time: 11.35s]
2025-10-27 22:41:08.868: [iter 49 : loss : 2.2254 = 0.5630 + 1.6622 + 0.0001, alpha: 0.20, time: 11.43s]
2025-10-27 22:41:20.319: [iter 50 : loss : 2.2157 = 0.5529 + 1.6627 + 0.0002, alpha: 0.20, time: 11.41s]
2025-10-27 22:41:31.717: [iter 51 : loss : 2.2061 = 0.5433 + 1.6627 + 0.0002, alpha: 0.20, time: 11.36s]
2025-10-27 22:41:43.520: [iter 52 : loss : 2.1988 = 0.5356 + 1.6630 + 0.0002, alpha: 0.20, time: 11.76s]
2025-10-27 22:41:55.249: [iter 53 : loss : 2.1887 = 0.5253 + 1.6632 + 0.0002, alpha: 0.20, time: 11.69s]
2025-10-27 22:42:06.718: [iter 54 : loss : 2.1795 = 0.5156 + 1.6637 + 0.0002, alpha: 0.20, time: 11.43s]
2025-10-27 22:42:18.122: [iter 55 : loss : 2.1717 = 0.5076 + 1.6639 + 0.0002, alpha: 0.20, time: 11.37s]
2025-10-27 22:42:29.525: [iter 56 : loss : 2.1630 = 0.4986 + 1.6642 + 0.0002, alpha: 0.20, time: 11.37s]
2025-10-27 22:42:41.409: [iter 57 : loss : 2.1556 = 0.4905 + 1.6649 + 0.0003, alpha: 0.20, time: 11.84s]
2025-10-27 22:42:53.203: [iter 58 : loss : 2.1471 = 0.4821 + 1.6648 + 0.0003, alpha: 0.20, time: 11.75s]
2025-10-27 22:43:04.990: [iter 59 : loss : 2.1382 = 0.4729 + 1.6650 + 0.0003, alpha: 0.20, time: 11.75s]
2025-10-27 22:43:16.736: [iter 60 : loss : 2.1315 = 0.4658 + 1.6654 + 0.0003, alpha: 0.20, time: 11.71s]
2025-10-27 22:43:28.381: [iter 61 : loss : 2.1230 = 0.4568 + 1.6659 + 0.0003, alpha: 0.50, time: 11.61s]
2025-10-27 22:43:39.805: [iter 62 : loss : 2.1169 = 0.4507 + 1.6659 + 0.0003, alpha: 0.50, time: 11.39s]
2025-10-27 22:43:51.199: [iter 63 : loss : 2.1092 = 0.4427 + 1.6661 + 0.0003, alpha: 0.50, time: 11.36s]
2025-10-27 22:44:02.794: [iter 64 : loss : 2.1012 = 0.4344 + 1.6664 + 0.0004, alpha: 0.50, time: 11.56s]
2025-10-27 22:44:14.498: [iter 65 : loss : 2.0947 = 0.4277 + 1.6666 + 0.0004, alpha: 0.50, time: 11.66s]
2025-10-27 22:44:26.266: [iter 66 : loss : 2.0890 = 0.4217 + 1.6669 + 0.0004, alpha: 0.50, time: 11.73s]
2025-10-27 22:44:38.007: [iter 67 : loss : 2.0827 = 0.4152 + 1.6671 + 0.0004, alpha: 0.50, time: 11.70s]
2025-10-27 22:44:49.550: [iter 68 : loss : 2.0759 = 0.4081 + 1.6674 + 0.0004, alpha: 0.50, time: 11.50s]
2025-10-27 22:45:00.976: [iter 69 : loss : 2.0691 = 0.4012 + 1.6674 + 0.0004, alpha: 0.50, time: 11.39s]
2025-10-27 22:45:12.587: [iter 70 : loss : 2.0647 = 0.3965 + 1.6677 + 0.0005, alpha: 0.50, time: 11.57s]
2025-10-27 22:45:24.027: [iter 71 : loss : 2.0579 = 0.3896 + 1.6678 + 0.0005, alpha: 0.50, time: 11.40s]
2025-10-27 22:45:35.637: [iter 72 : loss : 2.0531 = 0.3844 + 1.6683 + 0.0005, alpha: 0.50, time: 11.57s]
2025-10-27 22:45:47.129: [iter 73 : loss : 2.0495 = 0.3808 + 1.6683 + 0.0005, alpha: 0.50, time: 11.45s]
2025-10-27 22:45:58.717: [iter 74 : loss : 2.0442 = 0.3749 + 1.6688 + 0.0005, alpha: 0.50, time: 11.55s]
2025-10-27 22:46:10.444: [iter 75 : loss : 2.0400 = 0.3705 + 1.6690 + 0.0005, alpha: 0.50, time: 11.69s]
2025-10-27 22:46:21.885: [iter 76 : loss : 2.0347 = 0.3648 + 1.6693 + 0.0005, alpha: 0.50, time: 11.40s]
2025-10-27 22:46:33.553: [iter 77 : loss : 2.0287 = 0.3587 + 1.6694 + 0.0006, alpha: 0.50, time: 11.63s]
2025-10-27 22:46:45.443: [iter 78 : loss : 2.0259 = 0.3556 + 1.6697 + 0.0006, alpha: 0.50, time: 11.85s]
2025-10-27 22:46:57.340: [iter 79 : loss : 2.0205 = 0.3500 + 1.6699 + 0.0006, alpha: 0.50, time: 11.86s]
2025-10-27 22:47:09.142: [iter 80 : loss : 2.0158 = 0.3452 + 1.6699 + 0.0006, alpha: 0.50, time: 11.76s]
2025-10-27 22:47:20.894: [iter 81 : loss : 2.0131 = 0.3420 + 1.6705 + 0.0006, alpha: 1.00, time: 11.71s]
2025-10-27 22:47:32.442: [iter 82 : loss : 2.0103 = 0.3383 + 1.6713 + 0.0006, alpha: 1.00, time: 11.51s]
2025-10-27 22:47:44.020: [iter 83 : loss : 2.0069 = 0.3348 + 1.6714 + 0.0006, alpha: 1.00, time: 11.54s]
2025-10-27 22:47:55.758: [iter 84 : loss : 2.0029 = 0.3304 + 1.6718 + 0.0007, alpha: 1.00, time: 11.70s]
2025-10-27 22:48:07.555: [iter 85 : loss : 1.9979 = 0.3253 + 1.6720 + 0.0007, alpha: 1.00, time: 11.76s]
2025-10-27 22:48:19.357: [iter 86 : loss : 1.9944 = 0.3215 + 1.6722 + 0.0007, alpha: 1.00, time: 11.76s]
2025-10-27 22:48:31.198: [iter 87 : loss : 1.9902 = 0.3168 + 1.6727 + 0.0007, alpha: 1.00, time: 11.80s]
2025-10-27 22:48:43.046: [iter 88 : loss : 1.9872 = 0.3137 + 1.6728 + 0.0007, alpha: 1.00, time: 11.81s]
2025-10-27 22:48:54.675: [iter 89 : loss : 1.9842 = 0.3103 + 1.6732 + 0.0007, alpha: 1.00, time: 11.59s]
2025-10-27 22:49:06.141: [iter 90 : loss : 1.9847 = 0.3101 + 1.6738 + 0.0007, alpha: 1.00, time: 11.43s]
2025-10-27 22:49:17.858: [iter 91 : loss : 1.9799 = 0.3048 + 1.6743 + 0.0008, alpha: 1.00, time: 11.68s]
2025-10-27 22:49:29.685: [iter 92 : loss : 1.9758 = 0.3007 + 1.6744 + 0.0008, alpha: 1.00, time: 11.79s]
2025-10-27 22:49:41.468: [iter 93 : loss : 1.9721 = 0.2967 + 1.6747 + 0.0008, alpha: 1.00, time: 11.74s]
2025-10-27 22:49:53.250: [iter 94 : loss : 1.9680 = 0.2921 + 1.6752 + 0.0008, alpha: 1.00, time: 11.74s]
2025-10-27 22:50:05.142: [iter 95 : loss : 1.9678 = 0.2909 + 1.6761 + 0.0008, alpha: 1.00, time: 11.81s]
2025-10-27 22:50:16.923: [iter 96 : loss : 1.9654 = 0.2889 + 1.6757 + 0.0008, alpha: 1.00, time: 11.74s]
2025-10-27 22:50:28.735: [iter 97 : loss : 1.9604 = 0.2837 + 1.6759 + 0.0008, alpha: 1.00, time: 11.77s]
2025-10-27 22:50:40.491: [iter 98 : loss : 1.9592 = 0.2814 + 1.6770 + 0.0008, alpha: 1.00, time: 11.71s]
2025-10-27 22:50:52.271: [iter 99 : loss : 1.9564 = 0.2784 + 1.6772 + 0.0008, alpha: 1.00, time: 11.74s]
2025-10-27 22:51:04.027: [iter 100 : loss : 1.9551 = 0.2765 + 1.6777 + 0.0009, alpha: 1.00, time: 11.72s]
2025-10-27 22:51:15.786: [iter 101 : loss : 1.9529 = 0.2733 + 1.6788 + 0.0009, alpha: 2.00, time: 11.72s]
2025-10-27 22:51:27.635: [iter 102 : loss : 1.9501 = 0.2703 + 1.6789 + 0.0009, alpha: 2.00, time: 11.81s]
2025-10-27 22:51:39.146: [iter 103 : loss : 1.9467 = 0.2664 + 1.6794 + 0.0009, alpha: 2.00, time: 11.47s]
2025-10-27 22:51:50.766: [iter 104 : loss : 1.9458 = 0.2650 + 1.6799 + 0.0009, alpha: 2.00, time: 11.58s]
2025-10-27 22:52:02.215: [iter 105 : loss : 1.9450 = 0.2633 + 1.6807 + 0.0009, alpha: 2.00, time: 11.41s]
2025-10-27 22:52:13.970: [iter 106 : loss : 1.9373 = 0.2551 + 1.6813 + 0.0009, alpha: 2.00, time: 11.72s]
2025-10-27 22:52:25.573: [iter 107 : loss : 1.9379 = 0.2559 + 1.6811 + 0.0009, alpha: 2.00, time: 11.52s]
2025-10-27 22:52:37.063: [iter 108 : loss : 1.9359 = 0.2530 + 1.6820 + 0.0009, alpha: 2.00, time: 11.45s]
2025-10-27 22:52:48.605: [iter 109 : loss : 1.9360 = 0.2522 + 1.6828 + 0.0009, alpha: 2.00, time: 11.50s]
2025-10-27 22:53:00.393: [iter 110 : loss : 1.9318 = 0.2482 + 1.6827 + 0.0010, alpha: 2.00, time: 11.75s]
2025-10-27 22:53:11.843: [iter 111 : loss : 1.9304 = 0.2461 + 1.6833 + 0.0010, alpha: 2.00, time: 11.41s]
2025-10-27 22:53:23.450: [iter 112 : loss : 1.9292 = 0.2440 + 1.6842 + 0.0010, alpha: 2.00, time: 11.57s]
2025-10-27 22:53:35.304: [iter 113 : loss : 1.9240 = 0.2390 + 1.6840 + 0.0010, alpha: 2.00, time: 11.81s]
2025-10-27 22:53:47.101: [iter 114 : loss : 1.9242 = 0.2385 + 1.6847 + 0.0010, alpha: 2.00, time: 11.76s]
2025-10-27 22:53:58.916: [iter 115 : loss : 1.9229 = 0.2367 + 1.6852 + 0.0010, alpha: 2.00, time: 11.78s]
2025-10-27 22:54:10.766: [iter 116 : loss : 1.9202 = 0.2333 + 1.6859 + 0.0010, alpha: 2.00, time: 11.81s]
2025-10-27 22:54:22.579: [iter 117 : loss : 1.9202 = 0.2327 + 1.6864 + 0.0010, alpha: 2.00, time: 11.77s]
2025-10-27 22:54:34.397: [iter 118 : loss : 1.9177 = 0.2292 + 1.6874 + 0.0010, alpha: 2.00, time: 11.78s]
2025-10-27 22:54:46.312: [iter 119 : loss : 1.9157 = 0.2273 + 1.6874 + 0.0010, alpha: 2.00, time: 11.83s]
2025-10-27 22:54:58.073: [iter 120 : loss : 1.9158 = 0.2263 + 1.6884 + 0.0010, alpha: 2.00, time: 11.72s]
2025-10-27 22:55:09.683: [iter 121 : loss : 1.9116 = 0.2213 + 1.6892 + 0.0011, alpha: 5.00, time: 11.57s]
2025-10-27 22:55:21.124: [iter 122 : loss : 1.9098 = 0.2189 + 1.6898 + 0.0011, alpha: 5.00, time: 11.40s]
2025-10-27 22:55:32.845: [iter 123 : loss : 1.9093 = 0.2177 + 1.6905 + 0.0011, alpha: 5.00, time: 11.68s]
2025-10-27 22:55:44.272: [iter 124 : loss : 1.9077 = 0.2159 + 1.6908 + 0.0011, alpha: 5.00, time: 11.39s]
2025-10-27 22:55:55.954: [iter 125 : loss : 1.9048 = 0.2120 + 1.6916 + 0.0011, alpha: 5.00, time: 11.64s]
2025-10-27 22:56:07.779: [iter 126 : loss : 1.9068 = 0.2136 + 1.6921 + 0.0011, alpha: 5.00, time: 11.79s]
2025-10-27 22:56:19.568: [iter 127 : loss : 1.9008 = 0.2077 + 1.6920 + 0.0011, alpha: 5.00, time: 11.75s]
2025-10-27 22:56:31.193: [iter 128 : loss : 1.9034 = 0.2096 + 1.6927 + 0.0011, alpha: 5.00, time: 11.58s]
2025-10-27 22:56:42.683: [iter 129 : loss : 1.9012 = 0.2068 + 1.6933 + 0.0011, alpha: 5.00, time: 11.45s]
2025-10-27 22:56:54.470: [iter 130 : loss : 1.8995 = 0.2043 + 1.6940 + 0.0011, alpha: 5.00, time: 11.75s]
2025-10-27 22:57:06.347: [iter 131 : loss : 1.8990 = 0.2036 + 1.6943 + 0.0011, alpha: 5.00, time: 11.84s]
2025-10-27 22:57:18.159: [iter 132 : loss : 1.8947 = 0.1991 + 1.6945 + 0.0011, alpha: 5.00, time: 11.77s]
2025-10-27 22:57:29.945: [iter 133 : loss : 1.8976 = 0.2012 + 1.6953 + 0.0011, alpha: 5.00, time: 11.75s]
2025-10-27 22:57:41.819: [iter 134 : loss : 1.8929 = 0.1972 + 1.6945 + 0.0011, alpha: 5.00, time: 11.84s]
2025-10-27 22:57:53.476: [iter 135 : loss : 1.8922 = 0.1960 + 1.6950 + 0.0012, alpha: 5.00, time: 11.62s]
2025-10-27 22:58:04.892: [iter 136 : loss : 1.8904 = 0.1937 + 1.6955 + 0.0012, alpha: 5.00, time: 11.38s]
2025-10-27 22:58:16.566: [iter 137 : loss : 1.8898 = 0.1926 + 1.6961 + 0.0012, alpha: 5.00, time: 11.64s]
2025-10-27 22:58:28.046: [iter 138 : loss : 1.8845 = 0.1872 + 1.6961 + 0.0012, alpha: 5.00, time: 11.44s]
2025-10-27 22:58:39.507: [iter 139 : loss : 1.8863 = 0.1884 + 1.6966 + 0.0012, alpha: 5.00, time: 11.42s]
2025-10-27 22:58:51.177: [iter 140 : loss : 1.8856 = 0.1870 + 1.6974 + 0.0012, alpha: 5.00, time: 11.63s]
2025-10-27 22:58:51.177: Alpha search done. Best alpha: 5.00 (avg loss=1.8984)
2025-10-27 22:58:51.177: === Training with Best Alpha ===
2025-10-27 22:58:51.177: Using best alpha: 5.00 (avg loss: 1.8984)
2025-10-27 22:59:02.605: [Final training 1/10 : loss : 1.8836, alpha: 5.00, time: 11.39s]
2025-10-27 22:59:02.605: user-aware tau mean (epoch 1): 0.0676
2025-10-27 22:59:14.247: [Final training 2/10 : loss : 1.8819, alpha: 5.00, time: 11.64s]
2025-10-27 22:59:14.247: user-aware tau mean (epoch 2): 0.0676
2025-10-27 22:59:26.082: [Final training 3/10 : loss : 1.8800, alpha: 5.00, time: 11.84s]
2025-10-27 22:59:26.082: user-aware tau mean (epoch 3): 0.0676
2025-10-27 22:59:37.785: [Final training 4/10 : loss : 1.8800, alpha: 5.00, time: 11.70s]
2025-10-27 22:59:37.786: user-aware tau mean (epoch 4): 0.0676
2025-10-27 22:59:49.573: [Final training 5/10 : loss : 1.8794, alpha: 5.00, time: 11.79s]
2025-10-27 22:59:49.573: user-aware tau mean (epoch 5): 0.0676
2025-10-27 23:00:01.347: [Final training 6/10 : loss : 1.8787, alpha: 5.00, time: 11.77s]
2025-10-27 23:00:01.347: user-aware tau mean (epoch 6): 0.0676
2025-10-27 23:00:13.043: [Final training 7/10 : loss : 1.8756, alpha: 5.00, time: 11.70s]
2025-10-27 23:00:13.043: user-aware tau mean (epoch 7): 0.0677
2025-10-27 23:00:24.480: [Final training 8/10 : loss : 1.8769, alpha: 5.00, time: 11.44s]
2025-10-27 23:00:24.480: user-aware tau mean (epoch 8): 0.0676
2025-10-27 23:00:35.918: [Final training 9/10 : loss : 1.8739, alpha: 5.00, time: 11.44s]
2025-10-27 23:00:35.918: user-aware tau mean (epoch 9): 0.0676
2025-10-27 23:00:47.544: [Final training 10/10 : loss : 1.8730, alpha: 5.00, time: 11.63s]
2025-10-27 23:00:47.544: user-aware tau mean (epoch 10): 0.0676
2025-10-27 23:00:47.549: export_final_embeddings done: /mnt/sda1/yuxin/SGL-BiGNAS/SGL-Torch/dataset/all_data/pretrain-embeddings/SGL/n_layers=3/
