2025-09-29 13:45:48.361: my pid: 131091
2025-09-29 13:45:48.361: model: model.general_recommender.SGL
2025-09-29 13:45:48.361: Dataset: all_data, users=2809, items=31062, ratings=110570
2025-09-29 13:45:48.361: NeuRec:[NeuRec]:
recommender=SGL
dataset=all_data
source_domain=amazon-cd
target_domain=amazon-kitchen
file_column=UI
sep=','
gpu_id=0
gpu_mem=0.99
metric=["Precision", "Recall", "NDCG"]
top_k=[20]
test_thread=8
test_batch_size=128
seed=2021
start_testing_epoch=0

SGL:[hyperparameters]:
aug_type=ED
reg=1e-4
embed_size=64
n_layers=3
ssl_reg=0.5
ssl_ratio=0.1
ssl_temp=0.2
ssl_mode=both_side
lr=0.001
learner=adam
adj_type=pre
epochs=1000
batch_size=2048
num_negatives=1
param_init=xavier_uniform
stddev=0.01
verbose=1
stop_cnt=10
pretrain_flag=0
save_flag=0

Command line:
recommender=SGL
dataset=all_data
aug_type=ED
reg=1e-4
n_layers=3
ssl_reg=0.5
ssl_ratio=0.1
ssl_temp=0.2
2025-09-29 13:45:49.056: metrics:	Precision@20	Recall@20   	NDCG@20     
2025-09-29 13:46:38.492: [iter 1 : loss : 5.0459 = 0.6920 + 4.3538 + 0.0000, alpha: 0.00, time: 49.435863]
2025-09-29 13:47:27.974: [iter 2 : loss : 5.0028 = 0.6914 + 4.3114 + 0.0000, alpha: 0.00, time: 49.271431]
2025-09-29 13:48:17.537: [iter 3 : loss : 4.9827 = 0.6908 + 4.2918 + 0.0000, alpha: 0.00, time: 49.362409]
2025-09-29 13:49:07.405: [iter 4 : loss : 4.9755 = 0.6904 + 4.2851 + 0.0000, alpha: 0.00, time: 49.669273]
2025-09-29 13:49:57.362: [iter 5 : loss : 4.9708 = 0.6900 + 4.2808 + 0.0000, alpha: 0.00, time: 49.748122]
2025-09-29 13:50:47.493: [iter 6 : loss : 4.9672 = 0.6896 + 4.2776 + 0.0000, alpha: 0.00, time: 49.938542]
2025-09-29 13:51:37.652: [iter 7 : loss : 4.9640 = 0.6891 + 4.2749 + 0.0000, alpha: 0.00, time: 49.969251]
2025-09-29 13:52:27.814: [iter 8 : loss : 4.9618 = 0.6886 + 4.2732 + 0.0000, alpha: 0.00, time: 49.972726]
2025-09-29 13:53:18.100: [iter 9 : loss : 4.9618 = 0.6880 + 4.2738 + 0.0000, alpha: 0.00, time: 50.097441]
2025-09-29 13:54:08.342: [iter 10 : loss : 4.9592 = 0.6874 + 4.2718 + 0.0000, alpha: 0.00, time: 50.053332]
2025-09-29 13:54:58.362: [iter 11 : loss : 4.9571 = 0.6867 + 4.2705 + 0.0000, alpha: 0.00, time: 49.821938]
2025-09-29 13:55:49.110: [iter 12 : loss : 4.9563 = 0.6858 + 4.2705 + 0.0000, alpha: 0.00, time: 50.560609]
2025-09-29 13:56:39.857: [iter 13 : loss : 4.9538 = 0.6848 + 4.2690 + 0.0000, alpha: 0.00, time: 50.560039]
2025-09-29 13:57:30.759: [iter 14 : loss : 4.9530 = 0.6836 + 4.2694 + 0.0000, alpha: 0.00, time: 50.711347]
2025-09-29 13:58:21.484: [iter 15 : loss : 4.9506 = 0.6821 + 4.2685 + 0.0000, alpha: 0.00, time: 50.530686]
2025-09-29 13:59:12.404: [iter 16 : loss : 4.9488 = 0.6803 + 4.2685 + 0.0000, alpha: 0.00, time: 50.729621]
2025-09-29 14:00:03.401: [iter 17 : loss : 4.9467 = 0.6783 + 4.2683 + 0.0000, alpha: 0.00, time: 50.682336]
2025-09-29 14:00:54.224: [iter 18 : loss : 4.9446 = 0.6759 + 4.2687 + 0.0000, alpha: 0.00, time: 50.634798]
2025-09-29 14:01:45.273: [iter 19 : loss : 4.9424 = 0.6732 + 4.2692 + 0.0000, alpha: 0.00, time: 50.856993]
2025-09-29 14:02:36.035: [iter 20 : loss : 4.9373 = 0.6699 + 4.2674 + 0.0000, alpha: 0.00, time: 50.574296]
2025-09-29 14:02:36.035: Alpha 0.00 average loss: 4.9641
2025-09-29 14:02:36.035: New best alpha: 0.00 with loss: 4.9641
2025-09-29 14:02:36.035: Switching to alpha=0.10
2025-09-29 14:03:26.851: [iter 21 : loss : 4.9344 = 0.6668 + 4.2676 + 0.0000, alpha: 0.10, time: 50.626863]
2025-09-29 14:04:18.173: [iter 22 : loss : 4.9306 = 0.6625 + 4.2681 + 0.0000, alpha: 0.10, time: 51.125129]
2025-09-29 14:05:08.999: [iter 23 : loss : 4.9274 = 0.6582 + 4.2692 + 0.0000, alpha: 0.10, time: 50.633791]
2025-09-29 14:05:59.977: [iter 24 : loss : 4.9220 = 0.6531 + 4.2689 + 0.0000, alpha: 0.10, time: 50.787206]
2025-09-29 14:06:51.069: [iter 25 : loss : 4.9161 = 0.6483 + 4.2678 + 0.0000, alpha: 0.10, time: 50.783104]
2025-09-29 14:07:41.894: [iter 26 : loss : 4.9114 = 0.6425 + 4.2688 + 0.0000, alpha: 0.10, time: 50.632740]
2025-09-29 14:08:32.658: [iter 27 : loss : 4.9060 = 0.6367 + 4.2693 + 0.0000, alpha: 0.10, time: 50.574498]
2025-09-29 14:09:23.437: [iter 28 : loss : 4.8989 = 0.6299 + 4.2689 + 0.0000, alpha: 0.10, time: 50.589917]
2025-09-29 14:10:14.391: [iter 29 : loss : 4.8911 = 0.6221 + 4.2689 + 0.0000, alpha: 0.10, time: 50.754260]
2025-09-29 14:11:05.406: [iter 30 : loss : 4.8865 = 0.6145 + 4.2719 + 0.0001, alpha: 0.10, time: 50.704615]
2025-09-29 14:11:56.172: [iter 31 : loss : 4.8768 = 0.6063 + 4.2705 + 0.0001, alpha: 0.10, time: 50.574912]
2025-09-29 14:12:46.997: [iter 32 : loss : 4.8668 = 0.5966 + 4.2701 + 0.0001, alpha: 0.10, time: 50.635393]
2025-09-29 14:13:38.158: [iter 33 : loss : 4.8600 = 0.5897 + 4.2702 + 0.0001, alpha: 0.10, time: 50.968889]
2025-09-29 14:14:28.882: [iter 34 : loss : 4.8500 = 0.5792 + 4.2707 + 0.0001, alpha: 0.10, time: 50.535388]
2025-09-29 14:15:19.739: [iter 35 : loss : 4.8414 = 0.5691 + 4.2723 + 0.0001, alpha: 0.10, time: 50.665699]
2025-09-29 14:16:10.414: [iter 36 : loss : 4.8305 = 0.5575 + 4.2729 + 0.0001, alpha: 0.10, time: 50.485770]
2025-09-29 14:17:01.120: [iter 37 : loss : 4.8201 = 0.5460 + 4.2740 + 0.0001, alpha: 0.10, time: 50.517076]
2025-09-29 14:17:52.090: [iter 38 : loss : 4.8098 = 0.5342 + 4.2754 + 0.0001, alpha: 0.10, time: 50.777639]
2025-09-29 14:18:43.069: [iter 39 : loss : 4.7978 = 0.5224 + 4.2753 + 0.0001, alpha: 0.10, time: 50.786954]
2025-09-29 14:19:33.836: [iter 40 : loss : 4.7881 = 0.5112 + 4.2767 + 0.0002, alpha: 0.10, time: 50.574087]
2025-09-29 14:19:33.836: Alpha 0.10 average loss: 4.8733
2025-09-29 14:19:33.836: New best alpha: 0.10 with loss: 4.8733
2025-09-29 14:19:33.836: Switching to alpha=0.20
2025-09-29 14:20:24.702: [iter 41 : loss : 4.7737 = 0.4966 + 4.2770 + 0.0002, alpha: 0.20, time: 50.674536]
2025-09-29 14:21:15.637: [iter 42 : loss : 4.7613 = 0.4844 + 4.2767 + 0.0002, alpha: 0.20, time: 50.740345]
2025-09-29 14:22:06.438: [iter 43 : loss : 4.7461 = 0.4688 + 4.2771 + 0.0002, alpha: 0.20, time: 50.510472]
2025-09-29 14:22:57.089: [iter 44 : loss : 4.7361 = 0.4554 + 4.2804 + 0.0002, alpha: 0.20, time: 50.462592]
2025-09-29 14:23:48.092: [iter 45 : loss : 4.7197 = 0.4404 + 4.2791 + 0.0003, alpha: 0.20, time: 50.800967]
2025-09-29 14:24:38.740: [iter 46 : loss : 4.7067 = 0.4273 + 4.2791 + 0.0003, alpha: 0.20, time: 50.459252]
2025-09-29 14:25:28.985: [iter 47 : loss : 4.6950 = 0.4126 + 4.2821 + 0.0003, alpha: 0.20, time: 50.052645]
2025-09-29 14:26:19.790: [iter 48 : loss : 4.6782 = 0.3962 + 4.2817 + 0.0003, alpha: 0.20, time: 50.605147]
2025-09-29 14:27:10.382: [iter 49 : loss : 4.6653 = 0.3821 + 4.2829 + 0.0003, alpha: 0.20, time: 50.263839]
2025-09-29 14:28:01.057: [iter 50 : loss : 4.6509 = 0.3669 + 4.2836 + 0.0004, alpha: 0.20, time: 50.483004]
2025-09-29 14:28:51.769: [iter 51 : loss : 4.6356 = 0.3523 + 4.2828 + 0.0004, alpha: 0.20, time: 50.522873]
2025-09-29 14:29:42.456: [iter 52 : loss : 4.6241 = 0.3380 + 4.2856 + 0.0004, alpha: 0.20, time: 50.496117]
2025-09-29 14:30:32.833: [iter 53 : loss : 4.6095 = 0.3235 + 4.2855 + 0.0004, alpha: 0.20, time: 50.186379]
2025-09-29 14:31:23.628: [iter 54 : loss : 4.5966 = 0.3099 + 4.2862 + 0.0005, alpha: 0.20, time: 50.611563]
2025-09-29 14:32:14.302: [iter 55 : loss : 4.5831 = 0.2951 + 4.2875 + 0.0005, alpha: 0.20, time: 50.482103]
2025-09-29 14:33:05.522: [iter 56 : loss : 4.5697 = 0.2821 + 4.2871 + 0.0005, alpha: 0.20, time: 51.017033]
2025-09-29 14:33:56.082: [iter 57 : loss : 4.5591 = 0.2688 + 4.2898 + 0.0006, alpha: 0.20, time: 50.372880]
2025-09-29 14:34:46.555: [iter 58 : loss : 4.5461 = 0.2567 + 4.2888 + 0.0006, alpha: 0.20, time: 50.282667]
2025-09-29 14:35:37.172: [iter 59 : loss : 4.5330 = 0.2440 + 4.2884 + 0.0006, alpha: 0.20, time: 50.428095]
2025-09-29 14:36:27.858: [iter 60 : loss : 4.5252 = 0.2334 + 4.2911 + 0.0007, alpha: 0.20, time: 50.493039]
2025-09-29 14:36:27.858: Alpha 0.20 average loss: 4.6457
2025-09-29 14:36:27.858: New best alpha: 0.20 with loss: 4.6457
2025-09-29 14:36:27.858: Switching to alpha=0.50
2025-09-29 14:37:18.423: [iter 61 : loss : 4.5140 = 0.2217 + 4.2916 + 0.0007, alpha: 0.50, time: 50.367698]
2025-09-29 14:38:09.275: [iter 62 : loss : 4.5041 = 0.2116 + 4.2918 + 0.0007, alpha: 0.50, time: 50.653696]
2025-09-29 14:38:59.647: [iter 63 : loss : 4.4928 = 0.2016 + 4.2904 + 0.0008, alpha: 0.50, time: 50.180758]
2025-09-29 14:39:50.426: [iter 64 : loss : 4.4849 = 0.1913 + 4.2928 + 0.0008, alpha: 0.50, time: 50.582032]
2025-09-29 14:40:40.998: [iter 65 : loss : 4.4738 = 0.1814 + 4.2916 + 0.0008, alpha: 0.50, time: 50.383253]
2025-09-29 14:41:31.700: [iter 66 : loss : 4.4677 = 0.1734 + 4.2934 + 0.0008, alpha: 0.50, time: 50.511556]
2025-09-29 14:42:22.157: [iter 67 : loss : 4.4603 = 0.1656 + 4.2938 + 0.0009, alpha: 0.50, time: 50.265615]
2025-09-29 14:43:12.752: [iter 68 : loss : 4.4514 = 0.1565 + 4.2941 + 0.0009, alpha: 0.50, time: 50.394908]
2025-09-29 14:44:03.454: [iter 69 : loss : 4.4423 = 0.1481 + 4.2932 + 0.0009, alpha: 0.50, time: 50.511926]
2025-09-29 14:44:54.154: [iter 70 : loss : 4.4356 = 0.1407 + 4.2939 + 0.0010, alpha: 0.50, time: 50.509109]
2025-09-29 14:45:44.680: [iter 71 : loss : 4.4279 = 0.1332 + 4.2937 + 0.0010, alpha: 0.50, time: 50.334137]
2025-09-29 14:46:35.265: [iter 72 : loss : 4.4218 = 0.1270 + 4.2937 + 0.0010, alpha: 0.50, time: 50.397388]
2025-09-29 14:47:25.543: [iter 73 : loss : 4.4164 = 0.1210 + 4.2944 + 0.0011, alpha: 0.50, time: 50.080983]
2025-09-29 14:48:16.231: [iter 74 : loss : 4.4123 = 0.1158 + 4.2954 + 0.0011, alpha: 0.50, time: 50.489245]
2025-09-29 14:49:06.961: [iter 75 : loss : 4.4046 = 0.1095 + 4.2940 + 0.0011, alpha: 0.50, time: 50.535869]
2025-09-29 14:49:57.926: [iter 76 : loss : 4.4005 = 0.1044 + 4.2949 + 0.0012, alpha: 0.50, time: 50.765585]
