2025-11-03 17:01:03.711: my pid: 455283
2025-11-03 17:01:03.711: model: model.general_recommender.SGL
2025-11-03 17:01:03.711: Dataset: all_data, users=2809, items=31062, ratings=110570
2025-11-03 17:01:03.711: NeuRec:[NeuRec]:
recommender=SGL
dataset=all_data
source_domain=amazon-cd
target_domain=amazon-kitchen
file_column=UI
sep=','
gpu_id=0
gpu_mem=0.99
metric=["Precision", "Recall", "NDCG"]
top_k=[20]
test_thread=8
test_batch_size=128
seed=2021
start_testing_epoch=0

SGL:[hyperparameters]:
aug_type=ED
reg=1e-4
embed_size=64
n_layers=3
ssl_reg=0.5
ssl_ratio=0.1
ssl_temp=0.2
ssl_mode=both_side
lr=0.001
learner=adam
adj_type=pre
epochs=1000
batch_size=2048
num_negatives=1
param_init=xavier_uniform
stddev=0.01
verbose=1
stop_cnt=10
pretrain_flag=0
save_flag=1

Command line:
recommender=SGL
dataset=all_data
aug_type=ED
reg=1e-4
n_layers=3
ssl_reg=0.5
ssl_ratio=0.1
ssl_temp=0.2
save_flag=1
2025-11-03 17:01:17.582: [iter 1 : loss : 5.8557 = 0.6921 + 5.1636 + 0.0000, alpha: 0.00, time: 13.07s]
2025-11-03 17:01:30.514: [iter 2 : loss : 5.4367 = 0.6916 + 4.7451 + 0.0000, alpha: 0.00, time: 12.89s]
2025-11-03 17:01:43.366: [iter 3 : loss : 5.2344 = 0.6914 + 4.5430 + 0.0000, alpha: 0.00, time: 12.81s]
