2025-10-06 22:20:49.826: my pid: 213446
2025-10-06 22:20:49.826: model: model.general_recommender.SGL
2025-10-06 22:20:49.826: Dataset: all_data, users=2809, items=31062, ratings=110570
2025-10-06 22:20:49.826: NeuRec:[NeuRec]:
recommender=SGL
dataset=all_data
source_domain=amazon-cd
target_domain=amazon-kitchen
file_column=UI
sep=','
gpu_id=0
gpu_mem=0.99
metric=["Precision", "Recall", "NDCG"]
top_k=[20]
test_thread=8
test_batch_size=128
seed=2021
start_testing_epoch=0

SGL:[hyperparameters]:
aug_type=ED
reg=1e-4
embed_size=64
n_layers=3
ssl_reg=0.5
ssl_ratio=0.1
ssl_temp=0.2
ssl_mode=both_side
lr=0.001
learner=adam
adj_type=pre
epochs=1000
batch_size=2048
num_negatives=1
param_init=xavier_uniform
stddev=0.01
verbose=1
stop_cnt=10
pretrain_flag=0
save_flag=0

Command line:
recommender=SGL
dataset=all_data
aug_type=ED
reg=1e-4
n_layers=3
ssl_reg=0.5
ssl_ratio=0.1
ssl_temp=0.2
2025-10-06 22:20:50.519: metrics:	Precision@20	Recall@20   	NDCG@20     
2025-10-06 22:21:40.053: [iter 1 : loss : 5.0459 = 0.6920 + 4.3538 + 0.0000, alpha: 0.00, time: 49.534328]
2025-10-06 22:22:29.559: [iter 2 : loss : 5.0028 = 0.6914 + 4.3114 + 0.0000, alpha: 0.00, time: 49.295663]
2025-10-06 22:23:19.027: [iter 3 : loss : 4.9827 = 0.6908 + 4.2918 + 0.0000, alpha: 0.00, time: 49.265051]
2025-10-06 22:24:08.558: [iter 4 : loss : 4.9755 = 0.6904 + 4.2851 + 0.0000, alpha: 0.00, time: 49.332354]
2025-10-06 22:24:58.143: [iter 5 : loss : 4.9708 = 0.6900 + 4.2808 + 0.0000, alpha: 0.00, time: 49.381647]
2025-10-06 22:25:47.761: [iter 6 : loss : 4.9672 = 0.6896 + 4.2776 + 0.0000, alpha: 0.00, time: 49.423619]
2025-10-06 22:26:37.341: [iter 7 : loss : 4.9640 = 0.6891 + 4.2749 + 0.0000, alpha: 0.00, time: 49.390457]
2025-10-06 22:27:26.944: [iter 8 : loss : 4.9618 = 0.6886 + 4.2732 + 0.0000, alpha: 0.00, time: 49.412377]
2025-10-06 22:28:16.625: [iter 9 : loss : 4.9618 = 0.6880 + 4.2738 + 0.0000, alpha: 0.00, time: 49.488728]
2025-10-06 22:29:06.573: [iter 10 : loss : 4.9592 = 0.6874 + 4.2718 + 0.0000, alpha: 0.00, time: 49.757986]
2025-10-06 22:29:56.075: [iter 11 : loss : 4.9571 = 0.6867 + 4.2705 + 0.0000, alpha: 0.00, time: 49.309394]
2025-10-06 22:30:45.984: [iter 12 : loss : 4.9563 = 0.6858 + 4.2705 + 0.0000, alpha: 0.00, time: 49.719553]
2025-10-06 22:31:36.117: [iter 13 : loss : 4.9538 = 0.6848 + 4.2690 + 0.0000, alpha: 0.00, time: 49.935356]
2025-10-06 22:32:25.966: [iter 14 : loss : 4.9530 = 0.6836 + 4.2694 + 0.0000, alpha: 0.00, time: 49.655758]
2025-10-06 22:33:15.605: [iter 15 : loss : 4.9506 = 0.6821 + 4.2685 + 0.0000, alpha: 0.00, time: 49.446383]
2025-10-06 22:34:05.519: [iter 16 : loss : 4.9488 = 0.6803 + 4.2685 + 0.0000, alpha: 0.00, time: 49.721550]
2025-10-06 22:34:55.422: [iter 17 : loss : 4.9467 = 0.6783 + 4.2683 + 0.0000, alpha: 0.00, time: 49.705674]
2025-10-06 22:35:45.463: [iter 18 : loss : 4.9446 = 0.6759 + 4.2687 + 0.0000, alpha: 0.00, time: 49.849511]
2025-10-06 22:36:35.171: [iter 19 : loss : 4.9424 = 0.6732 + 4.2692 + 0.0000, alpha: 0.00, time: 49.515110]
2025-10-06 22:37:25.092: [iter 20 : loss : 4.9373 = 0.6699 + 4.2674 + 0.0000, alpha: 0.00, time: 49.733304]
2025-10-06 22:37:25.093: Alpha 0.00 average loss: 4.9641
2025-10-06 22:37:25.093: New best alpha: 0.00 with loss: 4.9641
2025-10-06 22:37:25.093: Switching to alpha=0.10
2025-10-06 22:38:15.130: [iter 21 : loss : 4.9344 = 0.6668 + 4.2676 + 0.0000, alpha: 0.10, time: 49.837428]
2025-10-06 22:39:04.886: [iter 22 : loss : 4.9306 = 0.6625 + 4.2681 + 0.0000, alpha: 0.10, time: 49.564679]
2025-10-06 22:39:54.657: [iter 23 : loss : 4.9274 = 0.6582 + 4.2692 + 0.0000, alpha: 0.10, time: 49.572358]
2025-10-06 22:40:44.730: [iter 24 : loss : 4.9220 = 0.6531 + 4.2689 + 0.0000, alpha: 0.10, time: 49.882997]
2025-10-06 22:41:34.563: [iter 25 : loss : 4.9161 = 0.6483 + 4.2678 + 0.0000, alpha: 0.10, time: 49.641168]
2025-10-06 22:42:24.472: [iter 26 : loss : 4.9114 = 0.6425 + 4.2688 + 0.0000, alpha: 0.10, time: 49.718538]
2025-10-06 22:43:14.260: [iter 27 : loss : 4.9060 = 0.6367 + 4.2693 + 0.0000, alpha: 0.10, time: 49.598650]
2025-10-06 22:44:04.205: [iter 28 : loss : 4.8989 = 0.6299 + 4.2689 + 0.0000, alpha: 0.10, time: 49.755771]
2025-10-06 22:44:54.259: [iter 29 : loss : 4.8911 = 0.6221 + 4.2689 + 0.0000, alpha: 0.10, time: 49.855473]
2025-10-06 22:45:44.296: [iter 30 : loss : 4.8865 = 0.6145 + 4.2719 + 0.0001, alpha: 0.10, time: 49.847223]
2025-10-06 22:46:34.096: [iter 31 : loss : 4.8768 = 0.6063 + 4.2705 + 0.0001, alpha: 0.10, time: 49.610837]
2025-10-06 22:47:24.020: [iter 32 : loss : 4.8668 = 0.5966 + 4.2701 + 0.0001, alpha: 0.10, time: 49.737216]
2025-10-06 22:48:13.861: [iter 33 : loss : 4.8600 = 0.5897 + 4.2702 + 0.0001, alpha: 0.10, time: 49.641300]
2025-10-06 22:49:03.640: [iter 34 : loss : 4.8500 = 0.5792 + 4.2707 + 0.0001, alpha: 0.10, time: 49.582202]
2025-10-06 22:49:53.641: [iter 35 : loss : 4.8414 = 0.5691 + 4.2723 + 0.0001, alpha: 0.10, time: 49.809367]
2025-10-06 22:50:43.562: [iter 36 : loss : 4.8305 = 0.5575 + 4.2729 + 0.0001, alpha: 0.10, time: 49.730012]
2025-10-06 22:51:33.443: [iter 37 : loss : 4.8201 = 0.5460 + 4.2740 + 0.0001, alpha: 0.10, time: 49.692960]
2025-10-06 22:52:23.149: [iter 38 : loss : 4.8098 = 0.5342 + 4.2754 + 0.0001, alpha: 0.10, time: 49.509648]
2025-10-06 22:53:12.956: [iter 39 : loss : 4.7978 = 0.5224 + 4.2753 + 0.0001, alpha: 0.10, time: 49.616579]
2025-10-06 22:54:02.803: [iter 40 : loss : 4.7881 = 0.5112 + 4.2767 + 0.0002, alpha: 0.10, time: 49.653641]
2025-10-06 22:54:02.803: Alpha 0.10 average loss: 4.8733
2025-10-06 22:54:02.803: New best alpha: 0.10 with loss: 4.8733
2025-10-06 22:54:02.803: Switching to alpha=0.20
2025-10-06 22:54:52.873: [iter 41 : loss : 4.7737 = 0.4966 + 4.2770 + 0.0002, alpha: 0.20, time: 49.876456]
2025-10-06 22:55:42.927: [iter 42 : loss : 4.7613 = 0.4844 + 4.2767 + 0.0002, alpha: 0.20, time: 49.857865]
2025-10-06 22:56:32.893: [iter 43 : loss : 4.7461 = 0.4688 + 4.2771 + 0.0002, alpha: 0.20, time: 49.770133]
2025-10-06 22:57:22.885: [iter 44 : loss : 4.7361 = 0.4554 + 4.2804 + 0.0002, alpha: 0.20, time: 49.794191]
2025-10-06 22:58:12.999: [iter 45 : loss : 4.7197 = 0.4404 + 4.2791 + 0.0003, alpha: 0.20, time: 49.914342]
2025-10-06 22:59:02.848: [iter 46 : loss : 4.7067 = 0.4273 + 4.2791 + 0.0003, alpha: 0.20, time: 49.661050]
2025-10-06 22:59:52.672: [iter 47 : loss : 4.6950 = 0.4126 + 4.2821 + 0.0003, alpha: 0.20, time: 49.627376]
2025-10-06 23:00:42.700: [iter 48 : loss : 4.6782 = 0.3962 + 4.2817 + 0.0003, alpha: 0.20, time: 49.835352]
2025-10-06 23:01:32.513: [iter 49 : loss : 4.6653 = 0.3821 + 4.2829 + 0.0003, alpha: 0.20, time: 49.619280]
2025-10-06 23:02:22.293: [iter 50 : loss : 4.6509 = 0.3669 + 4.2836 + 0.0004, alpha: 0.20, time: 49.581763]
2025-10-06 23:03:12.344: [iter 51 : loss : 4.6356 = 0.3523 + 4.2828 + 0.0004, alpha: 0.20, time: 49.861991]
2025-10-06 23:04:02.282: [iter 52 : loss : 4.6241 = 0.3380 + 4.2856 + 0.0004, alpha: 0.20, time: 49.748754]
2025-10-06 23:04:52.061: [iter 53 : loss : 4.6095 = 0.3235 + 4.2855 + 0.0004, alpha: 0.20, time: 49.585243]
2025-10-06 23:05:41.826: [iter 54 : loss : 4.5966 = 0.3099 + 4.2862 + 0.0005, alpha: 0.20, time: 49.578686]
2025-10-06 23:06:31.886: [iter 55 : loss : 4.5831 = 0.2951 + 4.2875 + 0.0005, alpha: 0.20, time: 49.859387]
2025-10-06 23:07:21.926: [iter 56 : loss : 4.5697 = 0.2821 + 4.2871 + 0.0005, alpha: 0.20, time: 49.850316]
2025-10-06 23:08:11.890: [iter 57 : loss : 4.5591 = 0.2688 + 4.2898 + 0.0006, alpha: 0.20, time: 49.774388]
2025-10-06 23:09:01.922: [iter 58 : loss : 4.5461 = 0.2567 + 4.2888 + 0.0006, alpha: 0.20, time: 49.841245]
2025-10-06 23:09:51.888: [iter 59 : loss : 4.5330 = 0.2440 + 4.2884 + 0.0006, alpha: 0.20, time: 49.775334]
2025-10-06 23:10:41.906: [iter 60 : loss : 4.5252 = 0.2334 + 4.2911 + 0.0007, alpha: 0.20, time: 49.829315]
2025-10-06 23:10:41.906: Alpha 0.20 average loss: 4.6457
2025-10-06 23:10:41.906: New best alpha: 0.20 with loss: 4.6457
2025-10-06 23:10:41.906: Switching to alpha=0.50
2025-10-06 23:11:31.910: [iter 61 : loss : 4.5140 = 0.2217 + 4.2916 + 0.0007, alpha: 0.50, time: 49.813387]
2025-10-06 23:12:21.674: [iter 62 : loss : 4.5041 = 0.2116 + 4.2918 + 0.0007, alpha: 0.50, time: 49.573689]
2025-10-06 23:13:11.710: [iter 63 : loss : 4.4928 = 0.2016 + 4.2904 + 0.0008, alpha: 0.50, time: 49.835015]
2025-10-06 23:14:01.660: [iter 64 : loss : 4.4849 = 0.1913 + 4.2928 + 0.0008, alpha: 0.50, time: 49.755004]
2025-10-06 23:14:51.376: [iter 65 : loss : 4.4738 = 0.1814 + 4.2916 + 0.0008, alpha: 0.50, time: 49.522694]
2025-10-06 23:15:41.386: [iter 66 : loss : 4.4677 = 0.1734 + 4.2934 + 0.0008, alpha: 0.50, time: 49.819670]
2025-10-06 23:16:31.401: [iter 67 : loss : 4.4603 = 0.1656 + 4.2938 + 0.0009, alpha: 0.50, time: 49.823731]
2025-10-06 23:17:21.347: [iter 68 : loss : 4.4514 = 0.1565 + 4.2941 + 0.0009, alpha: 0.50, time: 49.753484]
2025-10-06 23:18:11.375: [iter 69 : loss : 4.4423 = 0.1481 + 4.2932 + 0.0009, alpha: 0.50, time: 49.830194]
2025-10-06 23:19:01.421: [iter 70 : loss : 4.4356 = 0.1407 + 4.2939 + 0.0010, alpha: 0.50, time: 49.850072]
2025-10-06 23:19:51.250: [iter 71 : loss : 4.4279 = 0.1332 + 4.2937 + 0.0010, alpha: 0.50, time: 49.629273]
2025-10-06 23:20:41.117: [iter 72 : loss : 4.4218 = 0.1270 + 4.2937 + 0.0010, alpha: 0.50, time: 49.670157]
2025-10-06 23:21:30.934: [iter 73 : loss : 4.4164 = 0.1210 + 4.2944 + 0.0011, alpha: 0.50, time: 49.620239]
2025-10-06 23:22:20.909: [iter 74 : loss : 4.4123 = 0.1158 + 4.2954 + 0.0011, alpha: 0.50, time: 49.784826]
2025-10-06 23:23:10.972: [iter 75 : loss : 4.4046 = 0.1095 + 4.2940 + 0.0011, alpha: 0.50, time: 49.870126]
2025-10-06 23:24:00.770: [iter 76 : loss : 4.4005 = 0.1044 + 4.2949 + 0.0012, alpha: 0.50, time: 49.603652]
2025-10-06 23:24:50.709: [iter 77 : loss : 4.3940 = 0.0987 + 4.2941 + 0.0012, alpha: 0.50, time: 49.740177]
2025-10-06 23:25:40.721: [iter 78 : loss : 4.3906 = 0.0944 + 4.2950 + 0.0012, alpha: 0.50, time: 49.824846]
2025-10-06 23:26:30.720: [iter 79 : loss : 4.3857 = 0.0899 + 4.2946 + 0.0012, alpha: 0.50, time: 49.808766]
2025-10-06 23:27:20.799: [iter 80 : loss : 4.3817 = 0.0868 + 4.2936 + 0.0013, alpha: 0.50, time: 49.889198]
2025-10-06 23:27:20.799: Alpha 0.50 average loss: 4.4381
2025-10-06 23:27:20.799: New best alpha: 0.50 with loss: 4.4381
2025-10-06 23:27:20.799: Switching to alpha=1.00
2025-10-06 23:28:10.810: [iter 81 : loss : 4.3792 = 0.0827 + 4.2952 + 0.0013, alpha: 1.00, time: 49.823015]
2025-10-06 23:29:00.775: [iter 82 : loss : 4.3764 = 0.0795 + 4.2955 + 0.0013, alpha: 1.00, time: 49.776169]
2025-10-06 23:29:50.574: [iter 83 : loss : 4.3731 = 0.0763 + 4.2955 + 0.0013, alpha: 1.00, time: 49.599563]
2025-10-06 23:30:40.597: [iter 84 : loss : 4.3693 = 0.0730 + 4.2949 + 0.0014, alpha: 1.00, time: 49.823982]
2025-10-06 23:31:30.635: [iter 85 : loss : 4.3654 = 0.0697 + 4.2943 + 0.0014, alpha: 1.00, time: 49.847885]
2025-10-06 23:32:20.620: [iter 86 : loss : 4.3621 = 0.0667 + 4.2940 + 0.0014, alpha: 1.00, time: 49.791208]
2025-10-06 23:33:10.541: [iter 87 : loss : 4.3596 = 0.0639 + 4.2943 + 0.0014, alpha: 1.00, time: 49.728982]
2025-10-06 23:34:00.593: [iter 88 : loss : 4.3562 = 0.0611 + 4.2936 + 0.0015, alpha: 1.00, time: 49.851387]
2025-10-06 23:34:50.388: [iter 89 : loss : 4.3540 = 0.0595 + 4.2930 + 0.0015, alpha: 1.00, time: 49.606370]
2025-10-06 23:35:40.436: [iter 90 : loss : 4.3528 = 0.0572 + 4.2941 + 0.0015, alpha: 1.00, time: 49.851813]
2025-10-06 23:36:30.245: [iter 91 : loss : 4.3504 = 0.0552 + 4.2937 + 0.0015, alpha: 1.00, time: 49.612156]
2025-10-06 23:37:20.297: [iter 92 : loss : 4.3471 = 0.0527 + 4.2929 + 0.0016, alpha: 1.00, time: 49.852229]
2025-10-06 23:38:10.072: [iter 93 : loss : 4.3451 = 0.0512 + 4.2923 + 0.0016, alpha: 1.00, time: 49.586344]
2025-10-06 23:39:00.136: [iter 94 : loss : 4.3424 = 0.0492 + 4.2916 + 0.0016, alpha: 1.00, time: 49.862598]
2025-10-06 23:39:50.153: [iter 95 : loss : 4.3422 = 0.0475 + 4.2931 + 0.0016, alpha: 1.00, time: 49.827173]
2025-10-06 23:40:39.852: [iter 96 : loss : 4.3388 = 0.0456 + 4.2916 + 0.0017, alpha: 1.00, time: 49.511019]
2025-10-06 23:41:29.835: [iter 97 : loss : 4.3370 = 0.0442 + 4.2911 + 0.0017, alpha: 1.00, time: 49.793003]
2025-10-06 23:42:19.671: [iter 98 : loss : 4.3357 = 0.0430 + 4.2909 + 0.0017, alpha: 1.00, time: 49.645368]
2025-10-06 23:43:09.694: [iter 99 : loss : 4.3334 = 0.0417 + 4.2899 + 0.0017, alpha: 1.00, time: 49.829886]
2025-10-06 23:43:59.462: [iter 100 : loss : 4.3314 = 0.0392 + 4.2904 + 0.0017, alpha: 1.00, time: 49.579247]
2025-10-06 23:43:59.462: Alpha 1.00 average loss: 4.3526
2025-10-06 23:43:59.462: New best alpha: 1.00 with loss: 4.3526
2025-10-06 23:43:59.462: Switching to alpha=2.00
2025-10-06 23:44:49.202: [iter 101 : loss : 4.3306 = 0.0387 + 4.2902 + 0.0018, alpha: 2.00, time: 49.545577]
2025-10-06 23:45:39.057: [iter 102 : loss : 4.3277 = 0.0367 + 4.2893 + 0.0018, alpha: 2.00, time: 49.658607]
2025-10-06 23:46:29.072: [iter 103 : loss : 4.3287 = 0.0370 + 4.2899 + 0.0018, alpha: 2.00, time: 49.824978]
2025-10-06 23:47:19.097: [iter 104 : loss : 4.3255 = 0.0348 + 4.2888 + 0.0018, alpha: 2.00, time: 49.836198]
2025-10-06 23:48:09.029: [iter 105 : loss : 4.3256 = 0.0342 + 4.2895 + 0.0018, alpha: 2.00, time: 49.742035]
2025-10-06 23:48:58.825: [iter 106 : loss : 4.3234 = 0.0333 + 4.2882 + 0.0019, alpha: 2.00, time: 49.602745]
2025-10-06 23:49:48.673: [iter 107 : loss : 4.3229 = 0.0325 + 4.2885 + 0.0019, alpha: 2.00, time: 49.649943]
2025-10-06 23:50:38.694: [iter 108 : loss : 4.3217 = 0.0317 + 4.2881 + 0.0019, alpha: 2.00, time: 49.820854]
2025-10-06 23:51:28.739: [iter 109 : loss : 4.3212 = 0.0311 + 4.2882 + 0.0019, alpha: 2.00, time: 49.855143]
2025-10-06 23:52:18.546: [iter 110 : loss : 4.3188 = 0.0295 + 4.2873 + 0.0019, alpha: 2.00, time: 49.618728]
2025-10-06 23:53:08.545: [iter 111 : loss : 4.3176 = 0.0287 + 4.2869 + 0.0020, alpha: 2.00, time: 49.811144]
2025-10-06 23:53:58.485: [iter 112 : loss : 4.3186 = 0.0288 + 4.2878 + 0.0020, alpha: 2.00, time: 49.748030]
2025-10-06 23:54:48.244: [iter 113 : loss : 4.3155 = 0.0276 + 4.2859 + 0.0020, alpha: 2.00, time: 49.565025]
2025-10-06 23:55:38.121: [iter 114 : loss : 4.3151 = 0.0268 + 4.2863 + 0.0020, alpha: 2.00, time: 49.687116]
2025-10-06 23:56:27.887: [iter 115 : loss : 4.3137 = 0.0261 + 4.2855 + 0.0020, alpha: 2.00, time: 49.575004]
2025-10-06 23:57:17.913: [iter 116 : loss : 4.3121 = 0.0254 + 4.2846 + 0.0021, alpha: 2.00, time: 49.837276]
2025-10-06 23:58:07.939: [iter 117 : loss : 4.3124 = 0.0250 + 4.2853 + 0.0021, alpha: 2.00, time: 49.837449]
2025-10-06 23:58:57.717: [iter 118 : loss : 4.3120 = 0.0247 + 4.2852 + 0.0021, alpha: 2.00, time: 49.578791]
2025-10-06 23:59:47.752: [iter 119 : loss : 4.3100 = 0.0236 + 4.2843 + 0.0021, alpha: 2.00, time: 49.837685]
2025-10-07 00:00:37.883: [iter 120 : loss : 4.3105 = 0.0235 + 4.2848 + 0.0021, alpha: 2.00, time: 49.942187]
2025-10-07 00:00:37.883: Alpha 2.00 average loss: 4.3192
2025-10-07 00:00:37.883: New best alpha: 2.00 with loss: 4.3192
2025-10-07 00:00:37.883: Switching to alpha=5.00
2025-10-07 00:01:27.655: [iter 121 : loss : 4.3098 = 0.0228 + 4.2848 + 0.0022, alpha: 5.00, time: 49.581443]
2025-10-07 00:02:17.635: [iter 122 : loss : 4.3094 = 0.0224 + 4.2848 + 0.0022, alpha: 5.00, time: 49.781110]
2025-10-07 00:03:07.452: [iter 123 : loss : 4.3083 = 0.0217 + 4.2845 + 0.0022, alpha: 5.00, time: 49.625107]
2025-10-07 00:03:57.510: [iter 124 : loss : 4.3078 = 0.0216 + 4.2839 + 0.0022, alpha: 5.00, time: 49.868222]
2025-10-07 00:04:47.601: [iter 125 : loss : 4.3078 = 0.0210 + 4.2846 + 0.0022, alpha: 5.00, time: 49.892377]
2025-10-07 00:05:37.572: [iter 126 : loss : 4.3068 = 0.0202 + 4.2844 + 0.0022, alpha: 5.00, time: 49.783050]
2025-10-07 00:06:27.574: [iter 127 : loss : 4.3051 = 0.0201 + 4.2828 + 0.0023, alpha: 5.00, time: 49.805738]
2025-10-07 00:07:17.626: [iter 128 : loss : 4.3052 = 0.0197 + 4.2832 + 0.0023, alpha: 5.00, time: 49.859207]
2025-10-07 00:08:07.627: [iter 129 : loss : 4.3051 = 0.0195 + 4.2832 + 0.0023, alpha: 5.00, time: 49.812907]
2025-10-07 00:08:57.638: [iter 130 : loss : 4.3029 = 0.0185 + 4.2820 + 0.0023, alpha: 5.00, time: 49.821193]
2025-10-07 00:09:47.567: [iter 131 : loss : 4.3032 = 0.0184 + 4.2824 + 0.0023, alpha: 5.00, time: 49.739353]
2025-10-07 00:10:37.553: [iter 132 : loss : 4.3027 = 0.0182 + 4.2821 + 0.0023, alpha: 5.00, time: 49.796045]
2025-10-07 00:11:27.101: [iter 133 : loss : 4.3036 = 0.0178 + 4.2835 + 0.0024, alpha: 5.00, time: 49.355207]
2025-10-07 00:12:17.155: [iter 134 : loss : 4.3010 = 0.0174 + 4.2812 + 0.0024, alpha: 5.00, time: 49.854875]
2025-10-07 00:13:07.106: [iter 135 : loss : 4.3009 = 0.0174 + 4.2812 + 0.0024, alpha: 5.00, time: 49.762874]
2025-10-07 00:13:57.079: [iter 136 : loss : 4.2994 = 0.0164 + 4.2806 + 0.0024, alpha: 5.00, time: 49.778839]
2025-10-07 00:14:46.884: [iter 137 : loss : 4.3000 = 0.0166 + 4.2809 + 0.0024, alpha: 5.00, time: 49.617373]
2025-10-07 00:15:36.937: [iter 138 : loss : 4.2976 = 0.0161 + 4.2791 + 0.0024, alpha: 5.00, time: 49.858845]
2025-10-07 00:16:26.948: [iter 139 : loss : 4.2993 = 0.0158 + 4.2810 + 0.0025, alpha: 5.00, time: 49.813669]
2025-10-07 00:17:16.876: [iter 140 : loss : 4.2989 = 0.0159 + 4.2805 + 0.0025, alpha: 5.00, time: 49.739706]
2025-10-07 00:17:16.876: Alpha 5.00 average loss: 4.3037
2025-10-07 00:17:16.876: New best alpha: 5.00 with loss: 4.3037
2025-10-07 00:17:16.876: === Alpha Search Complete ===
2025-10-07 00:17:16.876: Best alpha: 5.00 with average loss: 4.3037
2025-10-07 00:17:16.876: Alpha 0.00: 4.9641
2025-10-07 00:17:16.876: Alpha 0.10: 4.8733
2025-10-07 00:17:16.876: Alpha 0.20: 4.6457
2025-10-07 00:17:16.876: Alpha 0.50: 4.4381
2025-10-07 00:17:16.876: Alpha 1.00: 4.3526
2025-10-07 00:17:16.876: Alpha 2.00: 4.3192
2025-10-07 00:17:16.876: Alpha 5.00: 4.3037 <- BEST
2025-10-07 00:17:16.876: === Training with Best Alpha ===
2025-10-07 00:17:16.876: Using best alpha: 5.00 (loss: 4.3037)
2025-10-07 00:18:06.875: [Final training 1/10 : loss : 4.2979, alpha: 5.00, time: 49.796547]
2025-10-07 00:18:56.618: [Final training 2/10 : loss : 4.2971, alpha: 5.00, time: 49.535308]
2025-10-07 00:19:46.435: [Final training 3/10 : loss : 4.2963, alpha: 5.00, time: 49.612590]
2025-10-07 00:20:36.388: [Final training 4/10 : loss : 4.2951, alpha: 5.00, time: 49.754385]
2025-10-07 00:21:26.471: [Final training 5/10 : loss : 4.2964, alpha: 5.00, time: 49.869154]
2025-10-07 00:22:16.495: [Final training 6/10 : loss : 4.2944, alpha: 5.00, time: 49.820444]
2025-10-07 00:23:06.478: [Final training 7/10 : loss : 4.2933, alpha: 5.00, time: 49.784015]
2025-10-07 00:23:56.571: [Final training 8/10 : loss : 4.2940, alpha: 5.00, time: 49.894355]
2025-10-07 00:24:46.533: [Final training 9/10 : loss : 4.2934, alpha: 5.00, time: 49.769282]
2025-10-07 00:25:36.365: [Final training 10/10 : loss : 4.2926, alpha: 5.00, time: 49.631447]
2025-10-07 00:25:36.366: best_result@epoch 0:

2025-10-07 00:25:36.366: 		0.0000      	0.0000      
2025-10-07 00:25:36.382: export_final_embeddings done: /mnt/sda1/yuxin/SGL-BiGNAS/SGL-Torch/dataset/all_data/pretrain-embeddings/SGL/final/
