set pytorch seed
[INFO] Loaded /mnt/sda1/yuxin/SGL-BiGNAS/SGL-Torch/dataset/all_data.train, 110570 interactions
[INFO] Final merged train size: 110570 interactions
[INFO] num_users=2809, num_items=31062
Data loading finished
2025-10-06 22:12:53.758: my pid: 212393
2025-10-06 22:12:53.758: model: model.general_recommender.SGL
2025-10-06 22:12:53.758: Dataset: all_data, users=2809, items=31062, ratings=110570
2025-10-06 22:12:53.758: NeuRec:[NeuRec]:
recommender=SGL
dataset=all_data
source_domain=amazon-cd
target_domain=amazon-kitchen
file_column=UI
sep=','
gpu_id=0
gpu_mem=0.99
metric=["Precision", "Recall", "NDCG"]
top_k=[20]
test_thread=8
test_batch_size=128
seed=2021
start_testing_epoch=0

SGL:[hyperparameters]:
aug_type=ED
reg=1e-4
embed_size=64
n_layers=3
ssl_reg=0.5
ssl_ratio=0.1
ssl_temp=0.2
ssl_mode=both_side
lr=0.001
learner=adam
adj_type=pre
epochs=1000
batch_size=2048
num_negatives=1
param_init=xavier_uniform
stddev=0.01
verbose=1
stop_cnt=10
pretrain_flag=0
save_flag=0

Command line:
recommender=SGL
dataset=all_data
aug_type=ED
reg=1e-4
n_layers=3
ssl_reg=0.5
ssl_ratio=0.1
ssl_temp=0.2
/mnt/sda1/yuxin/SGL-BiGNAS/SGL-Torch/data/dataset.py:54: UserWarning: self._data is empty.
  warnings.warn("self._data is empty.")
/mnt/sda1/yuxin/SGL-BiGNAS/SGL-Torch/reckit/evaluator.py:103: UserWarning: 'user_test_dict' is empty. No test evaluation will be performed.
  warnings.warn("'user_test_dict' is empty. No test evaluation will be performed.")
/mnt/sda1/yuxin/SGL-BiGNAS/SGL-Torch/model/general_recommender/SGL.py:279: RuntimeWarning: divide by zero encountered in power
  d_inv = np.power(rowsum, -0.5).flatten()
create_adj_mat function cost: 0.007562s
2025-10-06 22:12:54.450: metrics:	Precision@20	Recall@20   	NDCG@20     
/mnt/sda1/yuxin/SGL-BiGNAS/SGL-Torch/model/general_recommender/SGL.py:279: RuntimeWarning: divide by zero encountered in power
  d_inv = np.power(rowsum, -0.5).flatten()
/mnt/sda1/yuxin/SGL-BiGNAS/SGL-Torch/model/general_recommender/SGL.py:279: RuntimeWarning: divide by zero encountered in power
  d_inv = np.power(rowsum, -0.5).flatten()
/mnt/sda1/yuxin/SGL-BiGNAS/SGL-Torch/model/general_recommender/SGL.py:351: UserWarning: Converting a tensor with requires_grad=True to a scalar may lead to unexpected behavior.
Consider using tensor.detach() first. (Triggered internally at /pytorch/torch/csrc/autograd/generated/python_variable_methods.cpp:835.)
  self.logger.info("[iter %d : loss : %.4f = %.4f + %.4f + %.4f, alpha: %.2f, time: %f]" % (
create_adj_mat function cost: 0.026663s
create_adj_mat function cost: 0.028842s
2025-10-06 22:13:43.851: [iter 1 : loss : 5.0459 = 0.6920 + 4.3538 + 0.0000, alpha: 0.00, time: 49.401137]
/mnt/sda1/yuxin/SGL-BiGNAS/SGL-Torch/model/general_recommender/SGL.py:279: RuntimeWarning: divide by zero encountered in power
  d_inv = np.power(rowsum, -0.5).flatten()
/mnt/sda1/yuxin/SGL-BiGNAS/SGL-Torch/model/general_recommender/SGL.py:279: RuntimeWarning: divide by zero encountered in power
  d_inv = np.power(rowsum, -0.5).flatten()
create_adj_mat function cost: 0.031488s
create_adj_mat function cost: 0.031715s
2025-10-06 22:14:33.297: [iter 2 : loss : 5.0028 = 0.6914 + 4.3114 + 0.0000, alpha: 0.00, time: 49.236207]
/mnt/sda1/yuxin/SGL-BiGNAS/SGL-Torch/model/general_recommender/SGL.py:279: RuntimeWarning: divide by zero encountered in power
  d_inv = np.power(rowsum, -0.5).flatten()
/mnt/sda1/yuxin/SGL-BiGNAS/SGL-Torch/model/general_recommender/SGL.py:279: RuntimeWarning: divide by zero encountered in power
  d_inv = np.power(rowsum, -0.5).flatten()
create_adj_mat function cost: 0.037888s
create_adj_mat function cost: 0.031771s
2025-10-06 22:16:45.090: [iter 3 : loss : 4.9827 = 0.6908 + 4.2918 + 0.0000, alpha: 0.00, time: 131.589096]
/mnt/sda1/yuxin/SGL-BiGNAS/SGL-Torch/model/general_recommender/SGL.py:279: RuntimeWarning: divide by zero encountered in power
  d_inv = np.power(rowsum, -0.5).flatten()
/mnt/sda1/yuxin/SGL-BiGNAS/SGL-Torch/model/general_recommender/SGL.py:279: RuntimeWarning: divide by zero encountered in power
  d_inv = np.power(rowsum, -0.5).flatten()
create_adj_mat function cost: 0.042950s
create_adj_mat function cost: 0.031728s
2025-10-06 22:19:10.113: [iter 4 : loss : 4.9755 = 0.6904 + 4.2851 + 0.0000, alpha: 0.00, time: 144.817075]
/mnt/sda1/yuxin/SGL-BiGNAS/SGL-Torch/model/general_recommender/SGL.py:279: RuntimeWarning: divide by zero encountered in power
  d_inv = np.power(rowsum, -0.5).flatten()
/mnt/sda1/yuxin/SGL-BiGNAS/SGL-Torch/model/general_recommender/SGL.py:279: RuntimeWarning: divide by zero encountered in power
  d_inv = np.power(rowsum, -0.5).flatten()
